08-15 21:39:03.406  3777  3777 W ViewRootImpl[BindReagentResultActivity]: Cancelling event due to no window focus: KeyEvent { action=ACTION_UP, keyCode=KEYCODE_ENTER, scanCode=28, metaState=0, flags=0x28, repeatCount=0, eventTime=3590632, downTime=3590628, deviceId=8, source=0x101 }
08-15 21:39:03.406  3777  3777 W ViewRootImpl[BindReagentResultActivity]: Cancelling event due to no window focus: KeyEvent { action=ACTION_UP, keyCode=KEYCODE_ENTER, scanCode=28, metaState=0, flags=0x28, repeatCount=0, eventTime=3590632, downTime=3590628, deviceId=8, source=0x101 }
08-15 21:39:03.406  3777  3777 W ViewRootImpl[BindReagentResultActivity]: Cancelling event due to no window focus: KeyEvent { action=ACTION_UP, keyCode=KEYCODE_ENTER, scanCode=28, metaState=0, flags=0x28, repeatCount=0, eventTime=3590632, downTime=3590628, deviceId=8, source=0x101 }
08-15 21:39:12.564   428   515 I chatty  : uid=1000(system) batterystats-sy expire 3 lines
08-15 21:39:38.018   428   633 I chatty  : uid=1000(system) UEventObserver expire 26 lines
08-15 21:39:38.018   428   535 I chatty  : uid=1000(system) FileObserver expire 46 lines
08-15 21:39:46.454   428   633 I chatty  : uid=1000(system) UEventObserver expire 24 lines
08-15 21:39:51.267   428  3311 I chatty  : uid=1000(system) Binder:428_12 expire 8 lines
08-15 21:40:00.003   428   510 I chatty  : uid=1000(system) ActivityManager expire 1 line
08-15 21:40:09.101  1264  1264 D StorageManager: probeEmmc find /sys/block/mmcblk1rpmb
08-15 21:40:09.256   428  1062 I chatty  : uid=1000(system) Binder:428_7 expire 5 lines
08-15 21:40:09.418   428   633 I chatty  : uid=1000(system) UEventObserver expire 30 lines
08-15 21:40:09.421   428   535 I chatty  : uid=1000(system) FileObserver expire 30 lines
08-15 21:40:17.295   428  1260 I chatty  : uid=1000(system) Binder:428_8 expire 4 lines
08-15 21:40:19.630   428   678 I chatty  : uid=1000(system) ConnectivitySer expire 29 lines
08-15 21:40:21.243   428  3624 I chatty  : uid=1000(system) Binder:428_16 expire 11 lines
08-15 21:41:00.665  1628  2048 W ContextImpl: Calling a method in the system process without a qualified user: android.app.ContextImpl.startActivity:771 android.content.ContextWrapper.startActivity:356 b.b.c.h.a.K:4 b.b.c.h.a.J:1 b.e.a.a.run:18 
08-15 21:41:00.665  1628  2048 W ContextImpl: Calling a method in the system process without a qualified user: android.app.ContextImpl.startActivity:783 android.app.ContextImpl.startActivity:772 android.content.ContextWrapper.startActivity:356 b.b.c.h.a.K:4 b.b.c.h.a.J:1 
08-15 21:41:09.256  3777  3777 W ViewRootImpl[BindReagentActivity]: Cancelling event due to no window focus: KeyEvent { action=ACTION_UP, keyCode=KEYCODE_ENTER, scanCode=28, metaState=0, flags=0x28, repeatCount=0, eventTime=3716570, downTime=3716560, deviceId=8, source=0x101 }
08-15 21:41:09.256  3777  3777 W ViewRootImpl[BindReagentActivity]: Cancelling event due to no window focus: KeyEvent { action=ACTION_UP, keyCode=KEYCODE_ENTER, scanCode=28, metaState=0, flags=0x28, repeatCount=0, eventTime=3716570, downTime=3716560, deviceId=8, source=0x101 }
08-15 21:41:09.256  3777  3777 W ViewRootImpl[BindReagentActivity]: Cancelling event due to no window focus: KeyEvent { action=ACTION_UP, keyCode=KEYCODE_ENTER, scanCode=28, metaState=0, flags=0x28, repeatCount=0, eventTime=3716570, downTime=3716560, deviceId=8, source=0x101 }
08-15 21:41:09.317  3777  3777 W ViewRootImpl[BindReagentResultActivity]: Cancelling event due to no window focus: KeyEvent { action=ACTION_UP, keyCode=KEYCODE_ENTER, scanCode=28, metaState=0, flags=0x28, repeatCount=0, eventTime=3716564, downTime=3716560, deviceId=8, source=0x101 }
08-15 21:41:09.317  3777  3777 W ViewRootImpl[BindReagentResultActivity]: Cancelling event due to no window focus: KeyEvent { action=ACTION_UP, keyCode=KEYCODE_ENTER, scanCode=28, metaState=0, flags=0x28, repeatCount=0, eventTime=3716564, downTime=3716560, deviceId=8, source=0x101 }
08-15 21:41:09.317  3777  3777 W ViewRootImpl[BindReagentResultActivity]: Cancelling event due to no window focus: KeyEvent { action=ACTION_UP, keyCode=KEYCODE_ENTER, scanCode=28, metaState=0, flags=0x28, repeatCount=0, eventTime=3716564, downTime=3716560, deviceId=8, source=0x101 }
08-15 21:41:09.317  3777  3777 W ViewRootImpl[BindReagentResultActivity]: Cancelling event due to no window focus: KeyEvent { action=ACTION_UP, keyCode=KEYCODE_ENTER, scanCode=28, metaState=0, flags=0x28, repeatCount=0, eventTime=3716564, downTime=3716560, deviceId=8, source=0x101 }
08-15 21:41:09.317  3777  3777 W ViewRootImpl[BindReagentResultActivity]: Cancelling event due to no window focus: KeyEvent { action=ACTION_UP, keyCode=KEYCODE_ENTER, scanCode=28, metaState=0, flags=0x28, repeatCount=0, eventTime=3716564, downTime=3716560, deviceId=8, source=0x101 }
08-15 21:41:09.317  3777  3777 W ViewRootImpl[BindReagentResultActivity]: Cancelling event due to no window focus: KeyEvent { action=ACTION_UP, keyCode=KEYCODE_ENTER, scanCode=28, metaState=0, flags=0x28, repeatCount=0, eventTime=3716564, downTime=3716560, deviceId=8, source=0x101 }
08-15 21:41:09.318  3777  3777 W ViewRootImpl[BindReagentResultActivity]: Cancelling event due to no window focus: KeyEvent { action=ACTION_UP, keyCode=KEYCODE_ENTER, scanCode=28, metaState=0, flags=0x28, repeatCount=0, eventTime=3716564, downTime=3716560, deviceId=8, source=0x101 }
08-15 21:41:09.318  3777  3777 W ViewRootImpl[BindReagentResultActivity]: Cancelling event due to no window focus: KeyEvent { action=ACTION_UP, keyCode=KEYCODE_ENTER, scanCode=28, metaState=0, flags=0x28, repeatCount=0, eventTime=3716564, downTime=3716560, deviceId=8, source=0x101 }
08-15 21:41:09.318  3777  3777 W ViewRootImpl[BindReagentResultActivity]: Cancelling event due to no window focus: KeyEvent { action=ACTION_UP, keyCode=KEYCODE_ENTER, scanCode=28, metaState=0, flags=0x28, repeatCount=0, eventTime=3716564, downTime=3716560, deviceId=8, source=0x101 }
08-15 21:41:12.985   428  3624 I chatty  : uid=1000(system) Binder:428_16 expire 2 lines
08-15 21:41:19.668   428   678 I chatty  : uid=1000(system) ConnectivitySer expire 28 lines
08-15 21:41:19.728   428   678 D ConnectivityService: sending notification RELEASED for NetworkRequest [ TRACK_DEFAULT id=16, [ Capabilities: INTERNET&NOT_RESTRICTED&TRUSTED&NOT_VPN] ]
08-15 21:41:44.255   428  1062 I ActivityManager: START u0 {cmp=com.huanaixin.antigen/.function.pay.view.PaySucActivity} from uid 10050 on display 0
08-15 21:41:44.504   428  1062 I ActivityManager: START u0 {cmp=com.huanaixin.antigen/.function.pay.view.PaySucActivity} from uid 10050 on display 0
08-15 21:41:44.506   428  1062 W ActivityManager: startActivity called from finishing ActivityRecord{3ba63cf u0 com.huanaixin.antigen/.function.pay.view.PayQrcodeActivity t1509 f}; forcing Intent.FLAG_ACTIVITY_NEW_TASK for: Intent { cmp=com.huanaixin.antigen/.function.pay.view.PaySucActivity }
08-15 21:41:44.742   428  1062 I ActivityManager: START u0 {cmp=com.huanaixin.antigen/.function.pay.view.PaySucActivity} from uid 10050 on display 0
08-15 21:41:44.743   428  1062 W ActivityManager: startActivity called from finishing ActivityRecord{3ba63cf u0 com.huanaixin.antigen/.function.pay.view.PayQrcodeActivity t1509 f}; forcing Intent.FLAG_ACTIVITY_NEW_TASK for: Intent { cmp=com.huanaixin.antigen/.function.pay.view.PaySucActivity }
08-15 21:41:46.446   428  1062 I ActivityManager: START u0 {cmp=com.huanaixin.antigen/.function.test.view.ReagentActionActivity} from uid 10050 on display 0
08-15 21:41:46.869   428   633 V UsbDeviceManager: USB UEVENT: {DEVNAME=video0, SUBSYSTEM=video4linux, SEQNUM=2612, MAJOR=81, ACTION=remove, MINOR=0, DEVPATH=/devices/platform/usb@fe800000/fe800000.dwc3/xhci-hcd.9.auto/usb7/7-1/7-1.1/7-1.1:1.0/video4linux/video0}
08-15 21:41:46.869   428   633 D UsbDeviceManager: subSystem:video4linux,devPath:/devices/platform/usb@fe800000/fe800000.dwc3/xhci-hcd.9.auto/usb7/7-1/7-1.1/7-1.1:1.0/video4linux/video0
08-15 21:41:46.870   428   535 D UsbService: dev dir has changed :video0
08-15 21:41:46.870   428   535 D UsbService: delete :video0
08-15 21:41:46.870   428   633 V UsbDeviceManager: USB UEVENT: {DEVNAME=video1, SUBSYSTEM=video4linux, SEQNUM=2613, MAJOR=81, ACTION=remove, MINOR=1, DEVPATH=/devices/platform/usb@fe800000/fe800000.dwc3/xhci-hcd.9.auto/usb7/7-1/7-1.1/7-1.1:1.0/video4linux/video1}
08-15 21:41:46.870   428   535 D UsbService: usb camera removed
08-15 21:41:46.870   428   633 D UsbDeviceManager: subSystem:video4linux,devPath:/devices/platform/usb@fe800000/fe800000.dwc3/xhci-hcd.9.auto/usb7/7-1/7-1.1/7-1.1:1.0/video4linux/video1
08-15 21:41:46.870   428   633 V UsbDeviceManager: USB UEVENT: {DEVNAME=input/event2, SUBSYSTEM=input, SEQNUM=2614, MAJOR=13, ACTION=remove, MINOR=66, DEVPATH=/devices/platform/usb@fe800000/fe800000.dwc3/xhci-hcd.9.auto/usb7/7-1/7-1.1/7-1.1:1.0/input/input25/event2}
08-15 21:41:46.870   428   633 D UsbDeviceManager: subSystem:input,devPath:/devices/platform/usb@fe800000/fe800000.dwc3/xhci-hcd.9.auto/usb7/7-1/7-1.1/7-1.1:1.0/input/input25/event2
08-15 21:41:46.873   428   633 V UsbDeviceManager: USB UEVENT: {DEVNAME=video4, SUBSYSTEM=video4linux, SEQNUM=2615, MAJOR=81, ACTION=remove, MINOR=4, DEVPATH=/devices/platform/fe3c0000.usb/usb2/2-1/2-1.2/2-1.2.1/2-1.2.1:1.0/video4linux/video4}
08-15 21:41:46.874   428   633 D UsbDeviceManager: subSystem:video4linux,devPath:/devices/platform/fe3c0000.usb/usb2/2-1/2-1.2/2-1.2.1/2-1.2.1:1.0/video4linux/video4
08-15 21:41:46.874   428   633 V UsbDeviceManager: USB UEVENT: {DEVNAME=video5, SUBSYSTEM=video4linux, SEQNUM=2616, MAJOR=81, ACTION=remove, MINOR=5, DEVPATH=/devices/platform/fe3c0000.usb/usb2/2-1/2-1.2/2-1.2.1/2-1.2.1:1.0/video4linux/video5}
08-15 21:41:46.874   428   633 D UsbDeviceManager: subSystem:video4linux,devPath:/devices/platform/fe3c0000.usb/usb2/2-1/2-1.2/2-1.2.1/2-1.2.1:1.0/video4linux/video5
08-15 21:41:46.937   428   535 W ContextImpl: Calling a method in the system process without a qualified user: android.app.ContextImpl.sendBroadcast:881 com.android.server.usb.UsbService.updateCameraNum:183 com.android.server.usb.UsbService.-wrap1:-1 com.android.server.usb.UsbService$2.onEvent:202 android.os.FileObserver$ObserverThread.onEvent:123 
08-15 21:41:46.937   428   633 V UsbDeviceManager: USB UEVENT: {PROP=0, SUBSYSTEM=input, PRODUCT=3/c45/6366/100, SEQNUM=2617, EV=3, ACTION=remove, DEVPATH=/devices/platform/usb@fe800000/fe800000.dwc3/xhci-hcd.9.auto/usb7/7-1/7-1.1/7-1.1:1.0/input/input25, PHYS="usb-xhci-hcd.9.auto-1.1/button", KEY=100000 0 0 0 0 0 0, NAME="XRZ-RGB-USB-CAMERA-V1.0.0", MODALIAS=input:b0003v0C45p6366e0100-e0,1,kD4,ramlsfw}
08-15 21:41:46.937   428   633 D UsbDeviceManager: subSystem:input,devPath:/devices/platform/usb@fe800000/fe800000.dwc3/xhci-hcd.9.auto/usb7/7-1/7-1.1/7-1.1:1.0/input/input25
08-15 21:41:46.937   428   633 V UsbDeviceManager: USB UEVENT: {DEVNAME=input/event5, SUBSYSTEM=input, SEQNUM=2618, MAJOR=13, ACTION=remove, MINOR=69, DEVPATH=/devices/platform/fe3c0000.usb/usb2/2-1/2-1.2/2-1.2.1/2-1.2.1:1.0/input/input28/event5}
08-15 21:41:46.937   428   633 D UsbDeviceManager: subSystem:input,devPath:/devices/platform/fe3c0000.usb/usb2/2-1/2-1.2/2-1.2.1/2-1.2.1:1.0/input/input28/event5
08-15 21:41:46.940   428   633 V UsbDeviceManager: USB UEVENT: {DEVNAME=media0, SUBSYSTEM=media, SEQNUM=2619, MAJOR=251, ACTION=remove, MINOR=0, DEVPATH=/devices/platform/usb@fe800000/fe800000.dwc3/xhci-hcd.9.auto/usb7/7-1/7-1.1/7-1.1:1.0/media0}
08-15 21:41:46.940   428   633 D UsbDeviceManager: subSystem:media,devPath:/devices/platform/usb@fe800000/fe800000.dwc3/xhci-hcd.9.auto/usb7/7-1/7-1.1/7-1.1:1.0/media0
08-15 21:41:46.990   428   633 V UsbDeviceManager: USB UEVENT: {PROP=0, SUBSYSTEM=input, PRODUCT=3/bda/3468/1, SEQNUM=2620, EV=3, ACTION=remove, DEVPATH=/devices/platform/fe3c0000.usb/usb2/2-1/2-1.2/2-1.2.1/2-1.2.1:1.0/input/input28, PHYS="usb-fe3c0000.usb-1.2.1/button", KEY=100000 0 0 0 0 0 0, NAME="USB RGB Camera", MODALIAS=input:b0003v0BDAp3468e0001-e0,1,kD4,ramlsfw}
08-15 21:41:46.990   428   633 D UsbDeviceManager: subSystem:input,devPath:/devices/platform/fe3c0000.usb/usb2/2-1/2-1.2/2-1.2.1/2-1.2.1:1.0/input/input28
08-15 21:41:46.991   428   633 V UsbDeviceManager: USB UEVENT: {DEVNAME=media2, SUBSYSTEM=media, SEQNUM=2621, MAJOR=251, ACTION=remove, MINOR=2, DEVPATH=/devices/platform/fe3c0000.usb/usb2/2-1/2-1.2/2-1.2.1/2-1.2.1:1.0/media2}
08-15 21:41:46.991   428   633 D UsbDeviceManager: subSystem:media,devPath:/devices/platform/fe3c0000.usb/usb2/2-1/2-1.2/2-1.2.1/2-1.2.1:1.0/media2
08-15 21:41:47.057   428   535 D UsbService: usb camera num = 1
08-15 21:41:47.058   428   535 D UsbService: dev dir has changed :video1
08-15 21:41:47.058   428   535 D UsbService: delete :video1
08-15 21:41:47.058   428   535 I UsbService: the same video changed, ignore this!
08-15 21:41:47.058   428   535 D UsbService: dev dir has changed :video4
08-15 21:41:47.058   428   535 D UsbService: delete :video4
08-15 21:41:47.058   428   535 I UsbService: the same video changed, ignore this!
08-15 21:41:47.058   428   535 D UsbService: dev dir has changed :video5
08-15 21:41:47.058   428   535 D UsbService: delete :video5
08-15 21:41:47.058   428   535 I UsbService: the same video changed, ignore this!
08-15 21:41:47.058   428   535 D UsbService: dev dir has changed :media0
08-15 21:41:47.058   428   535 D UsbService: delete :media0
08-15 21:41:47.058   428   535 D UsbService: dev dir has changed :media2
08-15 21:41:47.058   428   535 D UsbService: delete :media2
08-15 21:41:53.262   428  3624 I ActivityManager: START u0 {cmp=com.huanaixin.antigen/.function.test.view.ConfirmAntigenCompleteActivity} from uid 10050 on display 0
08-15 21:41:53.309   428  3624 E SchedPolicy: set_timerslack_ns prctl failed: Invalid argument
08-15 21:41:53.435   428   633 V UsbDeviceManager: USB UEVENT: {DEVNAME=media0, SUBSYSTEM=media, SEQNUM=2622, MAJOR=251, ACTION=add, MINOR=0, DEVPATH=/devices/platform/fe3c0000.usb/usb2/2-1/2-1.2/2-1.2.1/2-1.2.1:1.0/media0}
08-15 21:41:53.435   428   633 D UsbDeviceManager: subSystem:media,devPath:/devices/platform/fe3c0000.usb/usb2/2-1/2-1.2/2-1.2.1/2-1.2.1:1.0/media0
08-15 21:41:53.437   428   535 D UsbService: dev dir has changed :media0
08-15 21:41:53.438   428   535 D UsbService: create :media0
08-15 21:41:53.442   428   535 D UsbService: dev dir has changed :video0
08-15 21:41:53.442   428   535 D UsbService: create :video0
08-15 21:41:53.442   428   535 D UsbService: usb camera added
08-15 21:41:53.444   428   633 V UsbDeviceManager: USB UEVENT: {DEVNAME=video0, SUBSYSTEM=video4linux, SEQNUM=2623, MAJOR=81, ACTION=add, MINOR=0, DEVPATH=/devices/platform/fe3c0000.usb/usb2/2-1/2-1.2/2-1.2.1/2-1.2.1:1.0/video4linux/video0}
08-15 21:41:53.444   428   633 D UsbDeviceManager: subSystem:video4linux,devPath:/devices/platform/fe3c0000.usb/usb2/2-1/2-1.2/2-1.2.1/2-1.2.1:1.0/video4linux/video0
08-15 21:41:53.444   428   633 V UsbDeviceManager: USB UEVENT: {DEVNAME=video1, SUBSYSTEM=video4linux, SEQNUM=2624, MAJOR=81, ACTION=add, MINOR=1, DEVPATH=/devices/platform/fe3c0000.usb/usb2/2-1/2-1.2/2-1.2.1/2-1.2.1:1.0/video4linux/video1}
08-15 21:41:53.444   428   633 D UsbDeviceManager: subSystem:video4linux,devPath:/devices/platform/fe3c0000.usb/usb2/2-1/2-1.2/2-1.2.1/2-1.2.1:1.0/video4linux/video1
08-15 21:41:53.444   428   633 V UsbDeviceManager: USB UEVENT: {PROP=0, SUBSYSTEM=input, PRODUCT=3/bda/3468/1, SEQNUM=2625, EV=3, ACTION=add, DEVPATH=/devices/platform/fe3c0000.usb/usb2/2-1/2-1.2/2-1.2.1/2-1.2.1:1.0/input/input29, PHYS="usb-fe3c0000.usb-1.2.1/button", KEY=100000 0 0 0 0 0 0, NAME="USB RGB Camera", MODALIAS=input:b0003v0BDAp3468e0001-e0,1,kD4,ramlsfw}
08-15 21:41:53.444   428   633 D UsbDeviceManager: subSystem:input,devPath:/devices/platform/fe3c0000.usb/usb2/2-1/2-1.2/2-1.2.1/2-1.2.1:1.0/input/input29
08-15 21:41:53.445   428   633 V UsbDeviceManager: USB UEVENT: {DEVNAME=input/event2, SUBSYSTEM=input, SEQNUM=2626, MAJOR=13, ACTION=add, MINOR=66, DEVPATH=/devices/platform/fe3c0000.usb/usb2/2-1/2-1.2/2-1.2.1/2-1.2.1:1.0/input/input29/event2}
08-15 21:41:53.445   428   633 D UsbDeviceManager: subSystem:input,devPath:/devices/platform/fe3c0000.usb/usb2/2-1/2-1.2/2-1.2.1/2-1.2.1:1.0/input/input29/event2
08-15 21:41:53.526   428   535 W ContextImpl: Calling a method in the system process without a qualified user: android.app.ContextImpl.sendBroadcast:881 com.android.server.usb.UsbService.updateCameraNum:183 com.android.server.usb.UsbService.-wrap1:-1 com.android.server.usb.UsbService$2.onEvent:196 android.os.FileObserver$ObserverThread.onEvent:123 
08-15 21:41:53.532   428   535 D UsbService: usb camera num = 2
08-15 21:41:53.533   428   535 D UsbService: dev dir has changed :video1
08-15 21:41:53.533   428   535 D UsbService: create :video1
08-15 21:41:53.533   428   535 I UsbService: the same video changed, ignore this!
08-15 21:41:57.725   428   612 I ActivityManager: START u0 {cmp=com.huanaixin.antigen/.function.test.view.PushReagentActivity} from uid 10050 on display 0
08-15 21:41:58.105   428   633 V UsbDeviceManager: USB UEVENT: {DEVNAME=video2, SUBSYSTEM=video4linux, SEQNUM=2627, MAJOR=81, ACTION=remove, MINOR=2, DEVPATH=/devices/platform/usb@fe800000/fe800000.dwc3/xhci-hcd.9.auto/usb7/7-1/7-1.2/7-1.2:1.0/video4linux/video2}
08-15 21:41:58.105   428   633 D UsbDeviceManager: subSystem:video4linux,devPath:/devices/platform/usb@fe800000/fe800000.dwc3/xhci-hcd.9.auto/usb7/7-1/7-1.2/7-1.2:1.0/video4linux/video2
08-15 21:41:58.106   428   535 D UsbService: dev dir has changed :video2
08-15 21:41:58.106   428   535 D UsbService: delete :video2
08-15 21:41:58.106   428   535 D UsbService: usb camera removed
08-15 21:41:58.106   428   633 V UsbDeviceManager: USB UEVENT: {DEVNAME=video3, SUBSYSTEM=video4linux, SEQNUM=2628, MAJOR=81, ACTION=remove, MINOR=3, DEVPATH=/devices/platform/usb@fe800000/fe800000.dwc3/xhci-hcd.9.auto/usb7/7-1/7-1.2/7-1.2:1.0/video4linux/video3}
08-15 21:41:58.107   428   633 D UsbDeviceManager: subSystem:video4linux,devPath:/devices/platform/usb@fe800000/fe800000.dwc3/xhci-hcd.9.auto/usb7/7-1/7-1.2/7-1.2:1.0/video4linux/video3
08-15 21:41:58.108   428   633 V UsbDeviceManager: USB UEVENT: {DEVNAME=input/event3, SUBSYSTEM=input, SEQNUM=2629, MAJOR=13, ACTION=remove, MINOR=67, DEVPATH=/devices/platform/usb@fe800000/fe800000.dwc3/xhci-hcd.9.auto/usb7/7-1/7-1.2/7-1.2:1.0/input/input27/event3}
08-15 21:41:58.108   428   633 D UsbDeviceManager: subSystem:input,devPath:/devices/platform/usb@fe800000/fe800000.dwc3/xhci-hcd.9.auto/usb7/7-1/7-1.2/7-1.2:1.0/input/input27/event3
08-15 21:41:58.184   428   633 V UsbDeviceManager: USB UEVENT: {PROP=0, SUBSYSTEM=input, PRODUCT=3/c45/6364/100, SEQNUM=2630, EV=3, ACTION=remove, DEVPATH=/devices/platform/usb@fe800000/fe800000.dwc3/xhci-hcd.9.auto/usb7/7-1/7-1.2/7-1.2:1.0/input/input27, PHYS="usb-xhci-hcd.9.auto-1.2/button", KEY=100000 0 0 0 0 0 0, NAME="USB 2.0 Camera", MODALIAS=input:b0003v0C45p6364e0100-e0,1,kD4,ramlsfw}
08-15 21:41:58.184   428   633 D UsbDeviceManager: subSystem:input,devPath:/devices/platform/usb@fe800000/fe800000.dwc3/xhci-hcd.9.auto/usb7/7-1/7-1.2/7-1.2:1.0/input/input27
08-15 21:41:58.187   428   633 V UsbDeviceManager: USB UEVENT: {DEVNAME=media1, SUBSYSTEM=media, SEQNUM=2631, MAJOR=251, ACTION=remove, MINOR=1, DEVPATH=/devices/platform/usb@fe800000/fe800000.dwc3/xhci-hcd.9.auto/usb7/7-1/7-1.2/7-1.2:1.0/media1}
08-15 21:41:58.188   428   633 D UsbDeviceManager: subSystem:media,devPath:/devices/platform/usb@fe800000/fe800000.dwc3/xhci-hcd.9.auto/usb7/7-1/7-1.2/7-1.2:1.0/media1
08-15 21:41:58.194   428   535 W ContextImpl: Calling a method in the system process without a qualified user: android.app.ContextImpl.sendBroadcast:881 com.android.server.usb.UsbService.updateCameraNum:183 com.android.server.usb.UsbService.-wrap1:-1 com.android.server.usb.UsbService$2.onEvent:202 android.os.FileObserver$ObserverThread.onEvent:123 
08-15 21:41:58.200   428   535 D UsbService: usb camera num = 1
08-15 21:41:58.201   428   535 D UsbService: dev dir has changed :video3
08-15 21:41:58.201   428   535 D UsbService: delete :video3
08-15 21:41:58.201   428   535 I UsbService: the same video changed, ignore this!
08-15 21:41:58.201   428   535 D UsbService: dev dir has changed :media1
08-15 21:41:58.201   428   535 D UsbService: delete :media1
08-15 21:42:07.600   428   633 V UsbDeviceManager: USB UEVENT: {SUBSYSTEM=xt_idletimer, SEQNUM=2632, UID=, ACTION=change, DEVPATH=/devices/virtual/xt_idletimer/timers, STATE=inactive, INTERFACE=1, TIME_NS=3775093000118}
08-15 21:42:07.600   428   633 D UsbDeviceManager: subSystem:xt_idletimer,devPath:/devices/virtual/xt_idletimer/timers
08-15 21:42:09.939   428   633 V UsbDeviceManager: USB UEVENT: {SUBSYSTEM=xt_idletimer, SEQNUM=2633, UID=10050, ACTION=change, DEVPATH=/devices/virtual/xt_idletimer/timers, STATE=active, INTERFACE=1, TIME_NS=3777432085936}
08-15 21:42:09.939   428   633 D UsbDeviceManager: subSystem:xt_idletimer,devPath:/devices/virtual/xt_idletimer/timers
08-15 21:42:22.106  1264  1264 D StorageManager: probeEmmc find /sys/block/mmcblk1rpmb
08-15 21:42:22.187   428  1062 I ActivityManager: START u0 {cmp=com.huanaixin.antigen/.function.test.view.ClearDesktopActivity} from uid 10050 on display 0
08-15 21:42:22.345   428   633 V UsbDeviceManager: USB UEVENT: {DEVNAME=media1, SUBSYSTEM=media, SEQNUM=2634, MAJOR=251, ACTION=add, MINOR=1, DEVPATH=/devices/platform/usb@fe800000/fe800000.dwc3/xhci-hcd.9.auto/usb7/7-1/7-1.2/7-1.2:1.0/media1}
08-15 21:42:22.345   428   633 D UsbDeviceManager: subSystem:media,devPath:/devices/platform/usb@fe800000/fe800000.dwc3/xhci-hcd.9.auto/usb7/7-1/7-1.2/7-1.2:1.0/media1
08-15 21:42:22.347   428   535 D UsbService: dev dir has changed :media1
08-15 21:42:22.347   428   535 D UsbService: create :media1
08-15 21:42:22.377   428   633 V UsbDeviceManager: USB UEVENT: {DEVNAME=video2, SUBSYSTEM=video4linux, SEQNUM=2635, MAJOR=81, ACTION=add, MINOR=2, DEVPATH=/devices/platform/usb@fe800000/fe800000.dwc3/xhci-hcd.9.auto/usb7/7-1/7-1.2/7-1.2:1.0/video4linux/video2}
08-15 21:42:22.377   428   633 D UsbDeviceManager: subSystem:video4linux,devPath:/devices/platform/usb@fe800000/fe800000.dwc3/xhci-hcd.9.auto/usb7/7-1/7-1.2/7-1.2:1.0/video4linux/video2
08-15 21:42:22.378   428   535 D UsbService: dev dir has changed :video2
08-15 21:42:22.378   428   535 D UsbService: create :video2
08-15 21:42:22.378   428   535 D UsbService: usb camera added
08-15 21:42:22.380   428   633 V UsbDeviceManager: USB UEVENT: {DEVNAME=video3, SUBSYSTEM=video4linux, SEQNUM=2636, MAJOR=81, ACTION=add, MINOR=3, DEVPATH=/devices/platform/usb@fe800000/fe800000.dwc3/xhci-hcd.9.auto/usb7/7-1/7-1.2/7-1.2:1.0/video4linux/video3}
08-15 21:42:22.380   428   633 D UsbDeviceManager: subSystem:video4linux,devPath:/devices/platform/usb@fe800000/fe800000.dwc3/xhci-hcd.9.auto/usb7/7-1/7-1.2/7-1.2:1.0/video4linux/video3
08-15 21:42:22.382   428   633 V UsbDeviceManager: USB UEVENT: {PROP=0, SUBSYSTEM=input, PRODUCT=3/c45/6364/100, SEQNUM=2637, EV=3, ACTION=add, DEVPATH=/devices/platform/usb@fe800000/fe800000.dwc3/xhci-hcd.9.auto/usb7/7-1/7-1.2/7-1.2:1.0/input/input30, PHYS="usb-xhci-hcd.9.auto-1.2/button", KEY=100000 0 0 0 0 0 0, NAME="USB 2.0 Camera", MODALIAS=input:b0003v0C45p6364e0100-e0,1,kD4,ramlsfw}
08-15 21:42:22.382   428   633 D UsbDeviceManager: subSystem:input,devPath:/devices/platform/usb@fe800000/fe800000.dwc3/xhci-hcd.9.auto/usb7/7-1/7-1.2/7-1.2:1.0/input/input30
08-15 21:42:22.383   428   633 V UsbDeviceManager: USB UEVENT: {DEVNAME=input/event3, SUBSYSTEM=input, SEQNUM=2638, MAJOR=13, ACTION=add, MINOR=67, DEVPATH=/devices/platform/usb@fe800000/fe800000.dwc3/xhci-hcd.9.auto/usb7/7-1/7-1.2/7-1.2:1.0/input/input30/event3}
08-15 21:42:22.383   428   633 D UsbDeviceManager: subSystem:input,devPath:/devices/platform/usb@fe800000/fe800000.dwc3/xhci-hcd.9.auto/usb7/7-1/7-1.2/7-1.2:1.0/input/input30/event3
08-15 21:42:22.493   428   535 W ContextImpl: Calling a method in the system process without a qualified user: android.app.ContextImpl.sendBroadcast:881 com.android.server.usb.UsbService.updateCameraNum:183 com.android.server.usb.UsbService.-wrap1:-1 com.android.server.usb.UsbService$2.onEvent:196 android.os.FileObserver$ObserverThread.onEvent:123 
08-15 21:42:22.500   428   535 D UsbService: usb camera num = 2
08-15 21:42:22.500   428   535 D UsbService: dev dir has changed :video3
08-15 21:42:22.500   428   535 D UsbService: create :video3
08-15 21:42:22.500   428   535 I UsbService: the same video changed, ignore this!
08-15 21:42:30.310   428   612 I ActivityManager: START u0 {cmp=com.huanaixin.antigen/.function.test.view.PrintQrcodeActivity} from uid 10050 on display 0
08-15 21:42:32.343   428  1062 W ActivityManager: No permission grants found for com.google.android.apps.photos
08-15 21:42:32.343   428  1062 W ActivityManager: No permission grants found for com.google.android.apps.photos
08-15 21:42:32.512   428  1062 D ConnectivityService: requestNetwork for uid/pid:10049/1409 NetworkRequest [ TRACK_DEFAULT id=17, [ Capabilities: INTERNET&NOT_RESTRICTED&TRUSTED&NOT_VPN] ]
08-15 21:42:32.513   428   678 D ConnectivityService: rematching NetworkAgentInfo [WIFI () - 100]
08-15 21:42:32.513   428   678 D ConnectivityService:  network has: [ Transports: WIFI Capabilities: NOT_METERED&INTERNET&NOT_RESTRICTED&TRUSTED&NOT_VPN&VALIDATED&FOREGROUND LinkUpBandwidth>=1048576Kbps LinkDnBandwidth>=1048576Kbps SignalStrength: -50]
08-15 21:42:32.514   428   678 D ConnectivityService:   checking if request is satisfied: NetworkRequest [ TRACK_DEFAULT id=17, [ Capabilities: INTERNET&NOT_RESTRICTED&TRUSTED&NOT_VPN] ]
08-15 21:42:32.514   428   678 D ConnectivityService: currentScore = 0, newScore = 60
08-15 21:42:32.514   428   678 D ConnectivityService: rematch for NetworkAgentInfo [WIFI () - 100]
08-15 21:42:32.514   428   678 D ConnectivityService:    accepting network in place of null
08-15 21:42:32.515   428   678 D ConnectivityService: Adding iface wlan0 to network 100
08-15 21:42:32.517   428   678 D ConnectivityService: Adding Route [fe80::/64 -> :: wlan0] to network 100
08-15 21:42:32.519   428   678 D ConnectivityService: Adding Route [192.168.50.0/24 -> 0.0.0.0 wlan0] to network 100
08-15 21:42:32.522   428   678 D ConnectivityService: Adding Route [0.0.0.0/0 -> 192.168.50.1 wlan0] to network 100
08-15 21:42:32.524   428   678 D ConnectivityService: Setting DNS servers for network 100 to [/192.168.50.1]
08-15 21:42:32.536   428   678 D ConnectivityService: notifyType IP_CHANGED for NetworkAgentInfo [WIFI () - 100]
08-15 21:42:32.536   428   678 D ConnectivityService:  sending notification for NetworkRequest [ REQUEST id=1, [ Capabilities: INTERNET&NOT_RESTRICTED&TRUSTED&NOT_VPN] ]
08-15 21:42:32.536   428   678 D ConnectivityService:  sending notification for NetworkRequest [ LISTEN id=3, [] ]
08-15 21:42:32.536   428   678 D ConnectivityService: sending notification IP_CHANGED for NetworkRequest [ LISTEN id=3, [] ]
08-15 21:42:32.536   428   678 D ConnectivityService:  sending notification for NetworkRequest [ LISTEN id=4, [] ]
08-15 21:42:32.536   428   678 D ConnectivityService: sending notification IP_CHANGED for NetworkRequest [ LISTEN id=4, [] ]
08-15 21:42:32.537   428   678 D ConnectivityService:  sending notification for NetworkRequest [ TRACK_DEFAULT id=6, [ Capabilities: INTERNET&NOT_RESTRICTED&TRUSTED&NOT_VPN] ]
08-15 21:42:32.537   428   678 D ConnectivityService: sending notification IP_CHANGED for NetworkRequest [ TRACK_DEFAULT id=6, [ Capabilities: INTERNET&NOT_RESTRICTED&TRUSTED&NOT_VPN] ]
08-15 21:42:32.538   428   678 D ConnectivityService:  sending notification for NetworkRequest [ REQUEST id=7, [ Capabilities: NOT_RESTRICTED&TRUSTED&NOT_VPN] ]
08-15 21:42:32.538   428   678 D ConnectivityService: sending notification IP_CHANGED for NetworkRequest [ REQUEST id=7, [ Capabilities: NOT_RESTRICTED&TRUSTED&NOT_VPN] ]
08-15 21:42:32.539   428   678 D ConnectivityService: sending new Min Network Score(60): NetworkRequest [ TRACK_DEFAULT id=17, [ Capabilities: INTERNET&NOT_RESTRICTED&TRUSTED&NOT_VPN] ]
08-15 21:42:32.541   428   678 D ConnectivityService: Network NetworkAgentInfo [WIFI () - 100] was already satisfying request 1. No change.
08-15 21:42:32.541   428   678 D ConnectivityService: Network NetworkAgentInfo [WIFI () - 100] was already satisfying request 6. No change.
08-15 21:42:32.541   428   678 D ConnectivityService: Network NetworkAgentInfo [WIFI () - 100] was already satisfying request 7. No change.
08-15 21:42:32.542   428   678 D ConnectivityService: sending notification AVAILABLE for NetworkRequest [ TRACK_DEFAULT id=17, [ Capabilities: INTERNET&NOT_RESTRICTED&TRUSTED&NOT_VPN] ]
08-15 21:42:32.564   428   678 D ConnectivityService: releasing NetworkRequest [ TRACK_DEFAULT id=17, [ Capabilities: INTERNET&NOT_RESTRICTED&TRUSTED&NOT_VPN] ]
08-15 21:42:32.565   428   678 D ConnectivityService:  Removing from current network NetworkAgentInfo [WIFI () - 100], leaving 5 requests.
08-15 21:42:32.566   428   678 D ConnectivityService: sending notification RELEASED for NetworkRequest [ TRACK_DEFAULT id=17, [ Capabilities: INTERNET&NOT_RESTRICTED&TRUSTED&NOT_VPN] ]
08-15 21:42:33.559   428  2672 W ActivityManager: No permission grants found for com.google.android.apps.photos
08-15 21:42:33.561   428  2672 W ActivityManager: No permission grants found for com.google.android.apps.photos
08-15 21:42:33.952   428  3624 W ActivityManager: No permission grants found for com.google.android.apps.photos
08-15 21:42:33.953   428  3624 W ActivityManager: No permission grants found for com.google.android.apps.photos
08-15 21:42:34.117   428  3624 W ActivityManager: No permission grants found for com.google.android.apps.photos
08-15 21:42:34.118   428  3624 W ActivityManager: No permission grants found for com.google.android.apps.photos
08-15 21:42:39.387   428   633 V UsbDeviceManager: USB UEVENT: {SUBSYSTEM=xt_idletimer, SEQNUM=2639, UID=, ACTION=change, DEVPATH=/devices/virtual/xt_idletimer/timers, STATE=inactive, INTERFACE=1, TIME_NS=3806879969020}
08-15 21:42:39.387   428   633 D UsbDeviceManager: subSystem:xt_idletimer,devPath:/devices/virtual/xt_idletimer/timers
08-15 21:42:39.790   428  2672 I ActivityManager: START u0 {cmp=com.huanaixin.antigen/.function.test.view.CleaningActivity} from uid 10050 on display 0
08-15 21:42:44.657   428   633 V UsbDeviceManager: USB UEVENT: {SUBSYSTEM=xt_idletimer, SEQNUM=2640, UID=10050, ACTION=change, DEVPATH=/devices/virtual/xt_idletimer/timers, STATE=active, INTERFACE=1, TIME_NS=3812149223050}
08-15 21:42:44.657   428   633 D UsbDeviceManager: subSystem:xt_idletimer,devPath:/devices/virtual/xt_idletimer/timers
08-15 21:42:50.010   428  3624 I ActivityManager: START u0 {cmp=com.huanaixin.antigen/.main.view.MainActivity} from uid 10050 on display 0
08-15 21:42:50.029   428  2672 W ActivityManager: Duplicate finish request for ActivityRecord{6c8782d u0 com.huanaixin.antigen/.function.test.view.CleaningActivity t1509 f}
08-15 21:42:52.982   428  3624 I ActivityManager: START u0 {cmp=com.huanaixin.antigen/.function.idverify.view.ChooseIdTypeActivity} from uid 10050 on display 0
08-15 21:42:56.611   428  2672 I ActivityManager: START u0 {cmp=com.huanaixin.antigen/.function.idverify.view.CheckIdHaveCardActivity} from uid 10050 on display 0
08-15 21:43:00.146   428  2672 I ActivityManager: START u0 {act=android.nfc.action.TAG_DISCOVERED flg=0x20000000 cmp=com.huanaixin.antigen/.function.idverify.view.CheckIdHaveCardActivity (has extras)} from uid 10050 on display 0
08-15 21:43:00.146   428  2672 W ActivityManager: startActivity called from non-Activity context; forcing Intent.FLAG_ACTIVITY_NEW_TASK for: Intent { act=android.nfc.action.TAG_DISCOVERED flg=0x20000000 cmp=com.huanaixin.antigen/.function.idverify.view.CheckIdHaveCardActivity (has extras) }
08-15 21:43:01.674   428  2672 I ActivityManager: START u0 {cmp=com.huanaixin.antigen/.function.idverify.view.FaceVerifyActivity (has extras)} from uid 10050 on display 0
08-15 21:43:02.330   428   633 V UsbDeviceManager: USB UEVENT: {DEVNAME=video0, SUBSYSTEM=video4linux, SEQNUM=2641, MAJOR=81, ACTION=remove, MINOR=0, DEVPATH=/devices/platform/fe3c0000.usb/usb2/2-1/2-1.2/2-1.2.1/2-1.2.1:1.0/video4linux/video0}
08-15 21:43:02.330   428   633 D UsbDeviceManager: subSystem:video4linux,devPath:/devices/platform/fe3c0000.usb/usb2/2-1/2-1.2/2-1.2.1/2-1.2.1:1.0/video4linux/video0
08-15 21:43:02.331   428   535 D UsbService: dev dir has changed :video0
08-15 21:43:02.331   428   535 D UsbService: delete :video0
08-15 21:43:02.331   428   535 D UsbService: usb camera removed
08-15 21:43:02.332   428   633 V UsbDeviceManager: USB UEVENT: {DEVNAME=video1, SUBSYSTEM=video4linux, SEQNUM=2642, MAJOR=81, ACTION=remove, MINOR=1, DEVPATH=/devices/platform/fe3c0000.usb/usb2/2-1/2-1.2/2-1.2.1/2-1.2.1:1.0/video4linux/video1}
08-15 21:43:02.332   428   633 D UsbDeviceManager: subSystem:video4linux,devPath:/devices/platform/fe3c0000.usb/usb2/2-1/2-1.2/2-1.2.1/2-1.2.1:1.0/video4linux/video1
08-15 21:43:02.332   428   633 V UsbDeviceManager: USB UEVENT: {DEVNAME=input/event2, SUBSYSTEM=input, SEQNUM=2643, MAJOR=13, ACTION=remove, MINOR=66, DEVPATH=/devices/platform/fe3c0000.usb/usb2/2-1/2-1.2/2-1.2.1/2-1.2.1:1.0/input/input29/event2}
08-15 21:43:02.332   428   633 D UsbDeviceManager: subSystem:input,devPath:/devices/platform/fe3c0000.usb/usb2/2-1/2-1.2/2-1.2.1/2-1.2.1:1.0/input/input29/event2
08-15 21:43:02.384   428   633 V UsbDeviceManager: USB UEVENT: {PROP=0, SUBSYSTEM=input, PRODUCT=3/bda/3468/1, SEQNUM=2644, EV=3, ACTION=remove, DEVPATH=/devices/platform/fe3c0000.usb/usb2/2-1/2-1.2/2-1.2.1/2-1.2.1:1.0/input/input29, PHYS="usb-fe3c0000.usb-1.2.1/button", KEY=100000 0 0 0 0 0 0, NAME="USB RGB Camera", MODALIAS=input:b0003v0BDAp3468e0001-e0,1,kD4,ramlsfw}
08-15 21:43:02.384   428   633 D UsbDeviceManager: subSystem:input,devPath:/devices/platform/fe3c0000.usb/usb2/2-1/2-1.2/2-1.2.1/2-1.2.1:1.0/input/input29
08-15 21:43:02.384   428   633 V UsbDeviceManager: USB UEVENT: {DEVNAME=media0, SUBSYSTEM=media, SEQNUM=2645, MAJOR=251, ACTION=remove, MINOR=0, DEVPATH=/devices/platform/fe3c0000.usb/usb2/2-1/2-1.2/2-1.2.1/2-1.2.1:1.0/media0}
08-15 21:43:02.384   428   633 D UsbDeviceManager: subSystem:media,devPath:/devices/platform/fe3c0000.usb/usb2/2-1/2-1.2/2-1.2.1/2-1.2.1:1.0/media0
08-15 21:43:02.418   428   535 W ContextImpl: Calling a method in the system process without a qualified user: android.app.ContextImpl.sendBroadcast:881 com.android.server.usb.UsbService.updateCameraNum:183 com.android.server.usb.UsbService.-wrap1:-1 com.android.server.usb.UsbService$2.onEvent:202 android.os.FileObserver$ObserverThread.onEvent:123 
08-15 21:43:02.425   428   535 D UsbService: usb camera num = 1
08-15 21:43:02.425   428   535 D UsbService: dev dir has changed :video1
08-15 21:43:02.425   428   535 D UsbService: delete :video1
08-15 21:43:02.425   428   535 I UsbService: the same video changed, ignore this!
08-15 21:43:02.425   428   535 D UsbService: dev dir has changed :media0
08-15 21:43:02.425   428   535 D UsbService: delete :media0
08-15 21:43:05.793   428  1062 I ActivityManager: START u0 {cmp=com.huanaixin.antigen/.function.idverify.view.VerifyResultActivity (has extras)} from uid 10050 on display 0
08-15 21:43:06.456   428   535 D UsbService: dev dir has changed :media0
08-15 21:43:06.456   428   535 D UsbService: create :media0
08-15 21:43:06.456   428   633 V UsbDeviceManager: USB UEVENT: {DEVNAME=media0, SUBSYSTEM=media, SEQNUM=2646, MAJOR=251, ACTION=add, MINOR=0, DEVPATH=/devices/platform/fe3c0000.usb/usb2/2-1/2-1.2/2-1.2.1/2-1.2.1:1.0/media0}
08-15 21:43:06.456   428   633 D UsbDeviceManager: subSystem:media,devPath:/devices/platform/fe3c0000.usb/usb2/2-1/2-1.2/2-1.2.1/2-1.2.1:1.0/media0
08-15 21:43:06.461   428   633 V UsbDeviceManager: USB UEVENT: {DEVNAME=video0, SUBSYSTEM=video4linux, SEQNUM=2647, MAJOR=81, ACTION=add, MINOR=0, DEVPATH=/devices/platform/fe3c0000.usb/usb2/2-1/2-1.2/2-1.2.1/2-1.2.1:1.0/video4linux/video0}
08-15 21:43:06.461   428   633 D UsbDeviceManager: subSystem:video4linux,devPath:/devices/platform/fe3c0000.usb/usb2/2-1/2-1.2/2-1.2.1/2-1.2.1:1.0/video4linux/video0
08-15 21:43:06.463   428   535 D UsbService: dev dir has changed :video0
08-15 21:43:06.464   428   535 D UsbService: create :video0
08-15 21:43:06.464   428   535 D UsbService: usb camera added
08-15 21:43:06.465   428   633 V UsbDeviceManager: USB UEVENT: {DEVNAME=video1, SUBSYSTEM=video4linux, SEQNUM=2648, MAJOR=81, ACTION=add, MINOR=1, DEVPATH=/devices/platform/fe3c0000.usb/usb2/2-1/2-1.2/2-1.2.1/2-1.2.1:1.0/video4linux/video1}
08-15 21:43:06.466   428   633 D UsbDeviceManager: subSystem:video4linux,devPath:/devices/platform/fe3c0000.usb/usb2/2-1/2-1.2/2-1.2.1/2-1.2.1:1.0/video4linux/video1
08-15 21:43:06.466   428   633 V UsbDeviceManager: USB UEVENT: {PROP=0, SUBSYSTEM=input, PRODUCT=3/bda/3468/1, SEQNUM=2649, EV=3, ACTION=add, DEVPATH=/devices/platform/fe3c0000.usb/usb2/2-1/2-1.2/2-1.2.1/2-1.2.1:1.0/input/input31, PHYS="usb-fe3c0000.usb-1.2.1/button", KEY=100000 0 0 0 0 0 0, NAME="USB RGB Camera", MODALIAS=input:b0003v0BDAp3468e0001-e0,1,kD4,ramlsfw}
08-15 21:43:06.466   428   633 D UsbDeviceManager: subSystem:input,devPath:/devices/platform/fe3c0000.usb/usb2/2-1/2-1.2/2-1.2.1/2-1.2.1:1.0/input/input31
08-15 21:43:06.466   428   633 V UsbDeviceManager: USB UEVENT: {DEVNAME=input/event2, SUBSYSTEM=input, SEQNUM=2650, MAJOR=13, ACTION=add, MINOR=66, DEVPATH=/devices/platform/fe3c0000.usb/usb2/2-1/2-1.2/2-1.2.1/2-1.2.1:1.0/input/input31/event2}
08-15 21:43:06.466   428   633 D UsbDeviceManager: subSystem:input,devPath:/devices/platform/fe3c0000.usb/usb2/2-1/2-1.2/2-1.2.1/2-1.2.1:1.0/input/input31/event2
08-15 21:43:06.556   428   535 W ContextImpl: Calling a method in the system process without a qualified user: android.app.ContextImpl.sendBroadcast:881 com.android.server.usb.UsbService.updateCameraNum:183 com.android.server.usb.UsbService.-wrap1:-1 com.android.server.usb.UsbService$2.onEvent:196 android.os.FileObserver$ObserverThread.onEvent:123 
08-15 21:43:06.563   428   535 D UsbService: usb camera num = 2
08-15 21:43:06.563   428   535 D UsbService: dev dir has changed :video1
08-15 21:43:06.563   428   535 D UsbService: create :video1
08-15 21:43:06.564   428   535 I UsbService: the same video changed, ignore this!
08-15 21:43:07.911   428  1062 I ActivityManager: START u0 {cmp=com.huanaixin.antigen/.function.test.view.BindReagentActivity} from uid 10050 on display 0
08-15 21:43:15.128   428  2672 I ActivityManager: START u0 {cmp=com.huanaixin.antigen/.function.test.view.BindReagentResultActivity} from uid 10050 on display 0
08-15 21:43:15.378  3777  3777 W ViewRootImpl[BindReagentResultActivity]: Cancelling event due to no window focus: KeyEvent { action=ACTION_UP, keyCode=KEYCODE_ENTER, scanCode=28, metaState=0, flags=0x28, repeatCount=0, eventTime=3842620, downTime=3842616, deviceId=8, source=0x101 }
08-15 21:43:15.378  3777  3777 W ViewRootImpl[BindReagentResultActivity]: Cancelling event due to no window focus: KeyEvent { action=ACTION_UP, keyCode=KEYCODE_ENTER, scanCode=28, metaState=0, flags=0x28, repeatCount=0, eventTime=3842620, downTime=3842616, deviceId=8, source=0x101 }
08-15 21:43:15.379  3777  3777 W ViewRootImpl[BindReagentResultActivity]: Cancelling event due to no window focus: KeyEvent { action=ACTION_UP, keyCode=KEYCODE_ENTER, scanCode=28, metaState=0, flags=0x28, repeatCount=0, eventTime=3842620, downTime=3842616, deviceId=8, source=0x101 }
08-15 21:43:15.379  3777  3777 W ViewRootImpl[BindReagentResultActivity]: Cancelling event due to no window focus: KeyEvent { action=ACTION_UP, keyCode=KEYCODE_ENTER, scanCode=28, metaState=0, flags=0x28, repeatCount=0, eventTime=3842620, downTime=3842616, deviceId=8, source=0x101 }
08-15 21:43:15.379  3777  3777 W ViewRootImpl[BindReagentResultActivity]: Cancelling event due to no window focus: KeyEvent { action=ACTION_UP, keyCode=KEYCODE_ENTER, scanCode=28, metaState=0, flags=0x28, repeatCount=0, eventTime=3842620, downTime=3842616, deviceId=8, source=0x101 }
08-15 21:43:15.379  3777  3777 W ViewRootImpl[BindReagentResultActivity]: Cancelling event due to no window focus: KeyEvent { action=ACTION_UP, keyCode=KEYCODE_ENTER, scanCode=28, metaState=0, flags=0x28, repeatCount=0, eventTime=3842620, downTime=3842616, deviceId=8, source=0x101 }
08-15 21:43:15.379  3777  3777 W ViewRootImpl[BindReagentResultActivity]: Cancelling event due to no window focus: KeyEvent { action=ACTION_UP, keyCode=KEYCODE_ENTER, scanCode=28, metaState=0, flags=0x28, repeatCount=0, eventTime=3842620, downTime=3842616, deviceId=8, source=0x101 }
08-15 21:43:15.379  3777  3777 W ViewRootImpl[BindReagentResultActivity]: Cancelling event due to no window focus: KeyEvent { action=ACTION_UP, keyCode=KEYCODE_ENTER, scanCode=28, metaState=0, flags=0x28, repeatCount=0, eventTime=3842620, downTime=3842616, deviceId=8, source=0x101 }
08-15 21:43:15.379  3777  3777 W ViewRootImpl[BindReagentResultActivity]: Cancelling event due to no window focus: KeyEvent { action=ACTION_UP, keyCode=KEYCODE_ENTER, scanCode=28, metaState=0, flags=0x28, repeatCount=0, eventTime=3842620, downTime=3842616, deviceId=8, source=0x101 }
08-15 21:43:17.785   428  1260 I ActivityManager: START u0 {cmp=com.huanaixin.antigen/.function.pay.view.ChoosePayTypeActivity} from uid 10050 on display 0
08-15 21:43:18.147   428  1062 W ActivityManager: No permission grants found for com.google.android.apps.photos
08-15 21:43:18.148   428  1062 W ActivityManager: No permission grants found for com.google.android.apps.photos
08-15 21:43:19.126   428  1062 W ActivityManager: No permission grants found for com.google.android.apps.photos
08-15 21:43:19.127   428  1260 W ActivityManager: No permission grants found for com.google.android.apps.photos
08-15 21:43:19.473   428  3624 W ActivityManager: No permission grants found for com.google.android.apps.photos
08-15 21:43:19.474   428  3624 W ActivityManager: No permission grants found for com.google.android.apps.photos
08-15 21:43:20.551   428  1260 I ActivityManager: START u0 {cmp=com.huanaixin.antigen/.function.pay.view.PayQrcodeActivity (has extras)} from uid 10050 on display 0
08-15 21:43:20.988   428  3624 W InputMethodManagerService: Window already focused, ignoring focus gain of: com.android.internal.view.IInputMethodClient$Stub$Proxy@4ea182c attribute=null, token = android.os.BinderProxy@335aee7
08-15 21:43:32.544   428  3624 D ConnectivityService: requestNetwork for uid/pid:10049/1409 NetworkRequest [ TRACK_DEFAULT id=18, [ Capabilities: INTERNET&NOT_RESTRICTED&TRUSTED&NOT_VPN] ]
08-15 21:43:32.545   428   678 D ConnectivityService: rematching NetworkAgentInfo [WIFI () - 100]
08-15 21:43:32.545   428   678 D ConnectivityService:  network has: [ Transports: WIFI Capabilities: NOT_METERED&INTERNET&NOT_RESTRICTED&TRUSTED&NOT_VPN&VALIDATED&FOREGROUND LinkUpBandwidth>=1048576Kbps LinkDnBandwidth>=1048576Kbps SignalStrength: -50]
08-15 21:43:32.545   428   678 D ConnectivityService: Network NetworkAgentInfo [WIFI () - 100] was already satisfying request 1. No change.
08-15 21:43:32.545   428   678 D ConnectivityService: Network NetworkAgentInfo [WIFI () - 100] was already satisfying request 6. No change.
08-15 21:43:32.545   428   678 D ConnectivityService:   checking if request is satisfied: NetworkRequest [ TRACK_DEFAULT id=18, [ Capabilities: INTERNET&NOT_RESTRICTED&TRUSTED&NOT_VPN] ]
08-15 21:43:32.545   428   678 D ConnectivityService: currentScore = 0, newScore = 60
08-15 21:43:32.545   428   678 D ConnectivityService: rematch for NetworkAgentInfo [WIFI () - 100]
08-15 21:43:32.545   428   678 D ConnectivityService:    accepting network in place of null
08-15 21:43:32.547   428   678 D ConnectivityService: Adding iface wlan0 to network 100
08-15 21:43:32.549   428   678 D ConnectivityService: Adding Route [fe80::/64 -> :: wlan0] to network 100
08-15 21:43:32.551   428   678 D ConnectivityService: Adding Route [192.168.50.0/24 -> 0.0.0.0 wlan0] to network 100
08-15 21:43:32.553   428   678 D ConnectivityService: Adding Route [0.0.0.0/0 -> 192.168.50.1 wlan0] to network 100
08-15 21:43:32.556   428   678 D ConnectivityService: Setting DNS servers for network 100 to [/192.168.50.1]
08-15 21:43:32.583   428   678 D ConnectivityService: notifyType IP_CHANGED for NetworkAgentInfo [WIFI () - 100]
08-15 21:43:32.584   428   678 D ConnectivityService:  sending notification for NetworkRequest [ REQUEST id=1, [ Capabilities: INTERNET&NOT_RESTRICTED&TRUSTED&NOT_VPN] ]
08-15 21:43:32.584   428   678 D ConnectivityService:  sending notification for NetworkRequest [ LISTEN id=3, [] ]
08-15 21:43:32.584   428   678 D ConnectivityService: sending notification IP_CHANGED for NetworkRequest [ LISTEN id=3, [] ]
08-15 21:43:32.584   428   678 D ConnectivityService:  sending notification for NetworkRequest [ LISTEN id=4, [] ]
08-15 21:43:32.584   428   678 D ConnectivityService: sending notification IP_CHANGED for NetworkRequest [ LISTEN id=4, [] ]
08-15 21:43:32.584   428   678 D ConnectivityService:  sending notification for NetworkRequest [ TRACK_DEFAULT id=6, [ Capabilities: INTERNET&NOT_RESTRICTED&TRUSTED&NOT_VPN] ]
08-15 21:43:32.584   428   678 D ConnectivityService: sending notification IP_CHANGED for NetworkRequest [ TRACK_DEFAULT id=6, [ Capabilities: INTERNET&NOT_RESTRICTED&TRUSTED&NOT_VPN] ]
08-15 21:43:32.585   428   678 D ConnectivityService:  sending notification for NetworkRequest [ REQUEST id=7, [ Capabilities: NOT_RESTRICTED&TRUSTED&NOT_VPN] ]
08-15 21:43:32.585   428   678 D ConnectivityService: sending notification IP_CHANGED for NetworkRequest [ REQUEST id=7, [ Capabilities: NOT_RESTRICTED&TRUSTED&NOT_VPN] ]
08-15 21:43:32.585   428   678 D ConnectivityService: sending new Min Network Score(60): NetworkRequest [ TRACK_DEFAULT id=18, [ Capabilities: INTERNET&NOT_RESTRICTED&TRUSTED&NOT_VPN] ]
08-15 21:43:32.587   428   678 D ConnectivityService: Network NetworkAgentInfo [WIFI () - 100] was already satisfying request 7. No change.
08-15 21:43:32.587   428   678 D ConnectivityService: sending notification AVAILABLE for NetworkRequest [ TRACK_DEFAULT id=18, [ Capabilities: INTERNET&NOT_RESTRICTED&TRUSTED&NOT_VPN] ]
08-15 21:43:32.613   428   678 D ConnectivityService: releasing NetworkRequest [ TRACK_DEFAULT id=18, [ Capabilities: INTERNET&NOT_RESTRICTED&TRUSTED&NOT_VPN] ]
08-15 21:43:32.613   428   678 D ConnectivityService:  Removing from current network NetworkAgentInfo [WIFI () - 100], leaving 5 requests.
08-15 21:43:32.614   428   678 D ConnectivityService: sending notification RELEASED for NetworkRequest [ TRACK_DEFAULT id=18, [ Capabilities: INTERNET&NOT_RESTRICTED&TRUSTED&NOT_VPN] ]
08-15 21:43:44.516   428  1062 I ActivityManager: START u0 {cmp=com.huanaixin.antigen/.function.pay.view.PaySucActivity} from uid 10050 on display 0
08-15 21:43:44.681   428  1062 I ActivityManager: START u0 {cmp=com.huanaixin.antigen/.function.pay.view.PaySucActivity} from uid 10050 on display 0
08-15 21:43:44.681   428  1062 W ActivityManager: startActivity called from finishing ActivityRecord{b414d0b u0 com.huanaixin.antigen/.function.pay.view.PayQrcodeActivity t1509 f}; forcing Intent.FLAG_ACTIVITY_NEW_TASK for: Intent { cmp=com.huanaixin.antigen/.function.pay.view.PaySucActivity }
08-15 21:43:44.832   428  1062 I ActivityManager: START u0 {cmp=com.huanaixin.antigen/.function.pay.view.PaySucActivity} from uid 10050 on display 0
08-15 21:43:44.833   428  1062 W ActivityManager: startActivity called from finishing ActivityRecord{b414d0b u0 com.huanaixin.antigen/.function.pay.view.PayQrcodeActivity t1509 f}; forcing Intent.FLAG_ACTIVITY_NEW_TASK for: Intent { cmp=com.huanaixin.antigen/.function.pay.view.PaySucActivity }
08-15 21:43:46.691   428  1062 I ActivityManager: START u0 {cmp=com.huanaixin.antigen/.function.test.view.ReagentActionActivity} from uid 10050 on display 0
08-15 21:43:47.106   428   633 V UsbDeviceManager: USB UEVENT: {DEVNAME=video0, SUBSYSTEM=video4linux, SEQNUM=2651, MAJOR=81, ACTION=remove, MINOR=0, DEVPATH=/devices/platform/fe3c0000.usb/usb2/2-1/2-1.2/2-1.2.1/2-1.2.1:1.0/video4linux/video0}
08-15 21:43:47.106   428   633 D UsbDeviceManager: subSystem:video4linux,devPath:/devices/platform/fe3c0000.usb/usb2/2-1/2-1.2/2-1.2.1/2-1.2.1:1.0/video4linux/video0
08-15 21:43:47.107   428   633 V UsbDeviceManager: USB UEVENT: {DEVNAME=video1, SUBSYSTEM=video4linux, SEQNUM=2652, MAJOR=81, ACTION=remove, MINOR=1, DEVPATH=/devices/platform/fe3c0000.usb/usb2/2-1/2-1.2/2-1.2.1/2-1.2.1:1.0/video4linux/video1}
08-15 21:43:47.107   428   633 D UsbDeviceManager: subSystem:video4linux,devPath:/devices/platform/fe3c0000.usb/usb2/2-1/2-1.2/2-1.2.1/2-1.2.1:1.0/video4linux/video1
08-15 21:43:47.107   428   633 V UsbDeviceManager: USB UEVENT: {DEVNAME=input/event2, SUBSYSTEM=input, SEQNUM=2653, MAJOR=13, ACTION=remove, MINOR=66, DEVPATH=/devices/platform/fe3c0000.usb/usb2/2-1/2-1.2/2-1.2.1/2-1.2.1:1.0/input/input31/event2}
08-15 21:43:47.107   428   633 D UsbDeviceManager: subSystem:input,devPath:/devices/platform/fe3c0000.usb/usb2/2-1/2-1.2/2-1.2.1/2-1.2.1:1.0/input/input31/event2
08-15 21:43:47.108   428   535 D UsbService: dev dir has changed :video0
08-15 21:43:47.108   428   535 D UsbService: delete :video0
08-15 21:43:47.108   428   535 D UsbService: usb camera removed
08-15 21:43:47.167   428   633 V UsbDeviceManager: USB UEVENT: {PROP=0, SUBSYSTEM=input, PRODUCT=3/bda/3468/1, SEQNUM=2654, EV=3, ACTION=remove, DEVPATH=/devices/platform/fe3c0000.usb/usb2/2-1/2-1.2/2-1.2.1/2-1.2.1:1.0/input/input31, PHYS="usb-fe3c0000.usb-1.2.1/button", KEY=100000 0 0 0 0 0 0, NAME="USB RGB Camera", MODALIAS=input:b0003v0BDAp3468e0001-e0,1,kD4,ramlsfw}
08-15 21:43:47.167   428   633 D UsbDeviceManager: subSystem:input,devPath:/devices/platform/fe3c0000.usb/usb2/2-1/2-1.2/2-1.2.1/2-1.2.1:1.0/input/input31
