08-15 21:52:31.920   428   633 V UsbDeviceManager: USB UEVENT: {SUBSYSTEM=xt_idletimer, SEQNUM=2734, UID=, ACTION=change, DEVPATH=/devices/virtual/xt_idletimer/timers, STATE=inactive, INTERFACE=1, TIME_NS=4399413133306}
08-15 21:52:31.921   428   633 D UsbDeviceManager: subSystem:xt_idletimer,devPath:/devices/virtual/xt_idletimer/timers
08-15 21:52:32.372   428   612 I ActivityManager: START u0 {cmp=com.huanaixin.antigen/.function.test.view.BindReagentResultActivity} from uid 10050 on display 0
08-15 21:52:32.382  3777  3777 W ViewRootImpl[BindReagentActivity]: Cancelling event due to no window focus: KeyEvent { action=ACTION_UP, keyCode=KEYCODE_ENTER, scanCode=28, metaState=0, flags=0x28, repeatCount=0, eventTime=4399868, downTime=4399861, deviceId=8, source=0x101 }
08-15 21:52:32.382  3777  3777 W ViewRootImpl[BindReagentActivity]: Cancelling event due to no window focus: KeyEvent { action=ACTION_UP, keyCode=KEYCODE_ENTER, scanCode=28, metaState=0, flags=0x28, repeatCount=0, eventTime=4399868, downTime=4399861, deviceId=8, source=0x101 }
08-15 21:52:32.382  3777  3777 W ViewRootImpl[BindReagentActivity]: Cancelling event due to no window focus: KeyEvent { action=ACTION_UP, keyCode=KEYCODE_ENTER, scanCode=28, metaState=0, flags=0x28, repeatCount=0, eventTime=4399868, downTime=4399861, deviceId=8, source=0x101 }
08-15 21:52:32.392  3777  3777 W ViewRootImpl[BindReagentActivity]: Cancelling event due to no window focus: KeyEvent { action=ACTION_UP, keyCode=KEYCODE_ENTER, scanCode=28, metaState=0, flags=0x28, repeatCount=0, eventTime=4399868, downTime=4399861, deviceId=8, source=0x101 }
08-15 21:52:32.392  3777  3777 W ViewRootImpl[BindReagentActivity]: Cancelling event due to no window focus: KeyEvent { action=ACTION_UP, keyCode=KEYCODE_ENTER, scanCode=28, metaState=0, flags=0x28, repeatCount=0, eventTime=4399868, downTime=4399861, deviceId=8, source=0x101 }
08-15 21:52:32.392  3777  3777 W ViewRootImpl[BindReagentActivity]: Cancelling event due to no window focus: KeyEvent { action=ACTION_UP, keyCode=KEYCODE_ENTER, scanCode=28, metaState=0, flags=0x28, repeatCount=0, eventTime=4399868, downTime=4399861, deviceId=8, source=0x101 }
08-15 21:52:32.616  3777  3777 W ViewRootImpl[BindReagentResultActivity]: Cancelling event due to no window focus: KeyEvent { action=ACTION_UP, keyCode=KEYCODE_ENTER, scanCode=28, metaState=0, flags=0x28, repeatCount=0, eventTime=4399865, downTime=4399861, deviceId=8, source=0x101 }
08-15 21:52:32.616  3777  3777 W ViewRootImpl[BindReagentResultActivity]: Cancelling event due to no window focus: KeyEvent { action=ACTION_UP, keyCode=KEYCODE_ENTER, scanCode=28, metaState=0, flags=0x28, repeatCount=0, eventTime=4399865, downTime=4399861, deviceId=8, source=0x101 }
08-15 21:52:32.616  3777  3777 W ViewRootImpl[BindReagentResultActivity]: Cancelling event due to no window focus: KeyEvent { action=ACTION_UP, keyCode=KEYCODE_ENTER, scanCode=28, metaState=0, flags=0x28, repeatCount=0, eventTime=4399865, downTime=4399861, deviceId=8, source=0x101 }
08-15 21:52:32.616  3777  3777 W ViewRootImpl[BindReagentResultActivity]: Cancelling event due to no window focus: KeyEvent { action=ACTION_UP, keyCode=KEYCODE_ENTER, scanCode=28, metaState=0, flags=0x28, repeatCount=0, eventTime=4399865, downTime=4399861, deviceId=8, source=0x101 }
08-15 21:52:32.616  3777  3777 W ViewRootImpl[BindReagentResultActivity]: Cancelling event due to no window focus: KeyEvent { action=ACTION_UP, keyCode=KEYCODE_ENTER, scanCode=28, metaState=0, flags=0x28, repeatCount=0, eventTime=4399865, downTime=4399861, deviceId=8, source=0x101 }
08-15 21:52:32.616  3777  3777 W ViewRootImpl[BindReagentResultActivity]: Cancelling event due to no window focus: KeyEvent { action=ACTION_UP, keyCode=KEYCODE_ENTER, scanCode=28, metaState=0, flags=0x28, repeatCount=0, eventTime=4399865, downTime=4399861, deviceId=8, source=0x101 }
08-15 21:52:32.617  3777  3777 W ViewRootImpl[BindReagentResultActivity]: Cancelling event due to no window focus: KeyEvent { action=ACTION_UP, keyCode=KEYCODE_ENTER, scanCode=28, metaState=0, flags=0x28, repeatCount=0, eventTime=4399865, downTime=4399861, deviceId=8, source=0x101 }
08-15 21:52:32.617  3777  3777 W ViewRootImpl[BindReagentResultActivity]: Cancelling event due to no window focus: KeyEvent { action=ACTION_UP, keyCode=KEYCODE_ENTER, scanCode=28, metaState=0, flags=0x28, repeatCount=0, eventTime=4399865, downTime=4399861, deviceId=8, source=0x101 }
08-15 21:52:32.617  3777  3777 W ViewRootImpl[BindReagentResultActivity]: Cancelling event due to no window focus: KeyEvent { action=ACTION_UP, keyCode=KEYCODE_ENTER, scanCode=28, metaState=0, flags=0x28, repeatCount=0, eventTime=4399865, downTime=4399861, deviceId=8, source=0x101 }
08-15 21:52:33.523   428   633 V UsbDeviceManager: USB UEVENT: {SUBSYSTEM=xt_idletimer, SEQNUM=2735, UID=0, ACTION=change, DEVPATH=/devices/virtual/xt_idletimer/timers, STATE=active, INTERFACE=1, TIME_NS=4401013486050}
08-15 21:52:33.523   428   633 D UsbDeviceManager: subSystem:xt_idletimer,devPath:/devices/virtual/xt_idletimer/timers
08-15 21:52:37.626   428  1062 I ActivityManager: START u0 {cmp=com.huanaixin.antigen/.function.pay.view.ChoosePayTypeActivity} from uid 10050 on display 0
08-15 21:52:40.655   428  1290 I ActivityManager: START u0 {cmp=com.huanaixin.antigen/.function.pay.view.PayQrcodeActivity (has extras)} from uid 10050 on display 0
08-15 21:52:41.857   428  1062 D ConnectivityService: requestNetwork for uid/pid:10049/1409 NetworkRequest [ TRACK_DEFAULT id=25, [ Capabilities: INTERNET&NOT_RESTRICTED&TRUSTED&NOT_VPN] ]
08-15 21:52:41.858   428   678 D ConnectivityService: rematching NetworkAgentInfo [WIFI () - 100]
08-15 21:52:41.858   428   678 D ConnectivityService:  network has: [ Transports: WIFI Capabilities: NOT_METERED&INTERNET&NOT_RESTRICTED&TRUSTED&NOT_VPN&VALIDATED&FOREGROUND LinkUpBandwidth>=1048576Kbps LinkDnBandwidth>=1048576Kbps SignalStrength: -50]
08-15 21:52:41.858   428   678 D ConnectivityService: Network NetworkAgentInfo [WIFI () - 100] was already satisfying request 1. No change.
08-15 21:52:41.858   428   678 D ConnectivityService:   checking if request is satisfied: NetworkRequest [ TRACK_DEFAULT id=25, [ Capabilities: INTERNET&NOT_RESTRICTED&TRUSTED&NOT_VPN] ]
08-15 21:52:41.859   428   678 D ConnectivityService: currentScore = 0, newScore = 60
08-15 21:52:41.859   428   678 D ConnectivityService: rematch for NetworkAgentInfo [WIFI () - 100]
08-15 21:52:41.859   428   678 D ConnectivityService:    accepting network in place of null
08-15 21:52:41.860   428   678 D ConnectivityService: Adding iface wlan0 to network 100
08-15 21:52:41.862   428   678 D ConnectivityService: Adding Route [fe80::/64 -> :: wlan0] to network 100
08-15 21:52:41.864   428   678 D ConnectivityService: Adding Route [192.168.50.0/24 -> 0.0.0.0 wlan0] to network 100
08-15 21:52:41.867   428   678 D ConnectivityService: Adding Route [0.0.0.0/0 -> 192.168.50.1 wlan0] to network 100
08-15 21:52:41.869   428   678 D ConnectivityService: Setting DNS servers for network 100 to [/192.168.50.1]
08-15 21:52:41.881   428   678 D ConnectivityService: notifyType IP_CHANGED for NetworkAgentInfo [WIFI () - 100]
08-15 21:52:41.881   428   678 D ConnectivityService:  sending notification for NetworkRequest [ REQUEST id=1, [ Capabilities: INTERNET&NOT_RESTRICTED&TRUSTED&NOT_VPN] ]
08-15 21:52:41.881   428   678 D ConnectivityService:  sending notification for NetworkRequest [ LISTEN id=3, [] ]
08-15 21:52:41.881   428   678 D ConnectivityService: sending notification IP_CHANGED for NetworkRequest [ LISTEN id=3, [] ]
08-15 21:52:41.882   428   678 D ConnectivityService:  sending notification for NetworkRequest [ LISTEN id=4, [] ]
08-15 21:52:41.882   428   678 D ConnectivityService: sending notification IP_CHANGED for NetworkRequest [ LISTEN id=4, [] ]
08-15 21:52:41.882   428   678 D ConnectivityService:  sending notification for NetworkRequest [ TRACK_DEFAULT id=6, [ Capabilities: INTERNET&NOT_RESTRICTED&TRUSTED&NOT_VPN] ]
08-15 21:52:41.883   428   678 D ConnectivityService: sending notification IP_CHANGED for NetworkRequest [ TRACK_DEFAULT id=6, [ Capabilities: INTERNET&NOT_RESTRICTED&TRUSTED&NOT_VPN] ]
08-15 21:52:41.883   428   678 D ConnectivityService:  sending notification for NetworkRequest [ REQUEST id=7, [ Capabilities: NOT_RESTRICTED&TRUSTED&NOT_VPN] ]
08-15 21:52:41.884   428   678 D ConnectivityService: sending notification IP_CHANGED for NetworkRequest [ REQUEST id=7, [ Capabilities: NOT_RESTRICTED&TRUSTED&NOT_VPN] ]
08-15 21:52:41.884   428   678 D ConnectivityService: sending new Min Network Score(60): NetworkRequest [ TRACK_DEFAULT id=25, [ Capabilities: INTERNET&NOT_RESTRICTED&TRUSTED&NOT_VPN] ]
08-15 21:52:41.885   428   678 D ConnectivityService: Network NetworkAgentInfo [WIFI () - 100] was already satisfying request 6. No change.
08-15 21:52:41.885   428   678 D ConnectivityService: Network NetworkAgentInfo [WIFI () - 100] was already satisfying request 7. No change.
08-15 21:52:41.886   428   678 D ConnectivityService: sending notification AVAILABLE for NetworkRequest [ TRACK_DEFAULT id=25, [ Capabilities: INTERNET&NOT_RESTRICTED&TRUSTED&NOT_VPN] ]
08-15 21:52:41.899   428   678 D ConnectivityService: releasing NetworkRequest [ TRACK_DEFAULT id=25, [ Capabilities: INTERNET&NOT_RESTRICTED&TRUSTED&NOT_VPN] ]
08-15 21:52:41.900   428   678 D ConnectivityService:  Removing from current network NetworkAgentInfo [WIFI () - 100], leaving 5 requests.
08-15 21:52:41.904   428   678 D ConnectivityService: sending notification RELEASED for NetworkRequest [ TRACK_DEFAULT id=25, [ Capabilities: INTERNET&NOT_RESTRICTED&TRUSTED&NOT_VPN] ]
08-15 21:53:14.875   428  1062 I ActivityManager: START u0 {cmp=com.huanaixin.antigen/.function.pay.view.PaySucActivity} from uid 10050 on display 0
08-15 21:53:15.046   428  1062 I ActivityManager: START u0 {cmp=com.huanaixin.antigen/.function.pay.view.PaySucActivity} from uid 10050 on display 0
08-15 21:53:15.046   428  1062 W ActivityManager: startActivity called from finishing ActivityRecord{ef386a0 u0 com.huanaixin.antigen/.function.pay.view.PayQrcodeActivity t1509 f}; forcing Intent.FLAG_ACTIVITY_NEW_TASK for: Intent { cmp=com.huanaixin.antigen/.function.pay.view.PaySucActivity }
08-15 21:53:15.257   428  1062 I ActivityManager: START u0 {cmp=com.huanaixin.antigen/.function.pay.view.PaySucActivity} from uid 10050 on display 0
08-15 21:53:15.272   428  1062 W ActivityManager: startActivity called from finishing ActivityRecord{ef386a0 u0 com.huanaixin.antigen/.function.pay.view.PayQrcodeActivity t1509 f}; forcing Intent.FLAG_ACTIVITY_NEW_TASK for: Intent { cmp=com.huanaixin.antigen/.function.pay.view.PaySucActivity }
08-15 21:53:17.057   428  1290 I ActivityManager: START u0 {cmp=com.huanaixin.antigen/.function.test.view.ReagentActionActivity} from uid 10050 on display 0
08-15 21:53:17.470   428   535 D UsbService: dev dir has changed :video2
08-15 21:53:17.470   428   633 V UsbDeviceManager: USB UEVENT: {DEVNAME=video2, SUBSYSTEM=video4linux, SEQNUM=2736, MAJOR=81, ACTION=remove, MINOR=2, DEVPATH=/devices/platform/usb@fe800000/fe800000.dwc3/xhci-hcd.9.auto/usb7/7-1/7-1.1/7-1.1:1.0/video4linux/video2}
08-15 21:53:17.470   428   535 D UsbService: delete :video2
08-15 21:53:17.470   428   633 D UsbDeviceManager: subSystem:video4linux,devPath:/devices/platform/usb@fe800000/fe800000.dwc3/xhci-hcd.9.auto/usb7/7-1/7-1.1/7-1.1:1.0/video4linux/video2
08-15 21:53:17.470   428   633 V UsbDeviceManager: USB UEVENT: {DEVNAME=video3, SUBSYSTEM=video4linux, SEQNUM=2737, MAJOR=81, ACTION=remove, MINOR=3, DEVPATH=/devices/platform/usb@fe800000/fe800000.dwc3/xhci-hcd.9.auto/usb7/7-1/7-1.1/7-1.1:1.0/video4linux/video3}
08-15 21:53:17.470   428   633 D UsbDeviceManager: subSystem:video4linux,devPath:/devices/platform/usb@fe800000/fe800000.dwc3/xhci-hcd.9.auto/usb7/7-1/7-1.1/7-1.1:1.0/video4linux/video3
08-15 21:53:17.470   428   633 V UsbDeviceManager: USB UEVENT: {DEVNAME=input/event3, SUBSYSTEM=input, SEQNUM=2738, MAJOR=13, ACTION=remove, MINOR=67, DEVPATH=/devices/platform/usb@fe800000/fe800000.dwc3/xhci-hcd.9.auto/usb7/7-1/7-1.1/7-1.1:1.0/input/input35/event3}
08-15 21:53:17.470   428   535 D UsbService: usb camera removed
08-15 21:53:17.470   428   633 D UsbDeviceManager: subSystem:input,devPath:/devices/platform/usb@fe800000/fe800000.dwc3/xhci-hcd.9.auto/usb7/7-1/7-1.1/7-1.1:1.0/input/input35/event3
08-15 21:53:17.476   428   633 V UsbDeviceManager: USB UEVENT: {DEVNAME=video4, SUBSYSTEM=video4linux, SEQNUM=2739, MAJOR=81, ACTION=remove, MINOR=4, DEVPATH=/devices/platform/fe3c0000.usb/usb2/2-1/2-1.2/2-1.2.1/2-1.2.1:1.0/video4linux/video4}
08-15 21:53:17.476   428   633 D UsbDeviceManager: subSystem:video4linux,devPath:/devices/platform/fe3c0000.usb/usb2/2-1/2-1.2/2-1.2.1/2-1.2.1:1.0/video4linux/video4
08-15 21:53:17.476   428   633 V UsbDeviceManager: USB UEVENT: {DEVNAME=video5, SUBSYSTEM=video4linux, SEQNUM=2740, MAJOR=81, ACTION=remove, MINOR=5, DEVPATH=/devices/platform/fe3c0000.usb/usb2/2-1/2-1.2/2-1.2.1/2-1.2.1:1.0/video4linux/video5}
08-15 21:53:17.476   428   633 D UsbDeviceManager: subSystem:video4linux,devPath:/devices/platform/fe3c0000.usb/usb2/2-1/2-1.2/2-1.2.1/2-1.2.1:1.0/video4linux/video5
08-15 21:53:17.537   428   633 V UsbDeviceManager: USB UEVENT: {PROP=0, SUBSYSTEM=input, PRODUCT=3/c45/6366/100, SEQNUM=2741, EV=3, ACTION=remove, DEVPATH=/devices/platform/usb@fe800000/fe800000.dwc3/xhci-hcd.9.auto/usb7/7-1/7-1.1/7-1.1:1.0/input/input35, PHYS="usb-xhci-hcd.9.auto-1.1/button", KEY=100000 0 0 0 0 0 0, NAME="XRZ-RGB-USB-CAMERA-V1.0.0", MODALIAS=input:b0003v0C45p6366e0100-e0,1,kD4,ramlsfw}
08-15 21:53:17.537   428   633 D UsbDeviceManager: subSystem:input,devPath:/devices/platform/usb@fe800000/fe800000.dwc3/xhci-hcd.9.auto/usb7/7-1/7-1.1/7-1.1:1.0/input/input35
08-15 21:53:17.537   428   633 V UsbDeviceManager: USB UEVENT: {DEVNAME=input/event5, SUBSYSTEM=input, SEQNUM=2742, MAJOR=13, ACTION=remove, MINOR=69, DEVPATH=/devices/platform/fe3c0000.usb/usb2/2-1/2-1.2/2-1.2.1/2-1.2.1:1.0/input/input39/event5}
08-15 21:53:17.537   428   633 D UsbDeviceManager: subSystem:input,devPath:/devices/platform/fe3c0000.usb/usb2/2-1/2-1.2/2-1.2.1/2-1.2.1:1.0/input/input39/event5
08-15 21:53:17.540   428   535 W ContextImpl: Calling a method in the system process without a qualified user: android.app.ContextImpl.sendBroadcast:881 com.android.server.usb.UsbService.updateCameraNum:183 com.android.server.usb.UsbService.-wrap1:-1 com.android.server.usb.UsbService$2.onEvent:202 android.os.FileObserver$ObserverThread.onEvent:123 
08-15 21:53:17.541   428   633 V UsbDeviceManager: USB UEVENT: {DEVNAME=media1, SUBSYSTEM=media, SEQNUM=2743, MAJOR=251, ACTION=remove, MINOR=1, DEVPATH=/devices/platform/usb@fe800000/fe800000.dwc3/xhci-hcd.9.auto/usb7/7-1/7-1.1/7-1.1:1.0/media1}
08-15 21:53:17.541   428   633 D UsbDeviceManager: subSystem:media,devPath:/devices/platform/usb@fe800000/fe800000.dwc3/xhci-hcd.9.auto/usb7/7-1/7-1.1/7-1.1:1.0/media1
08-15 21:53:17.546   428   535 D UsbService: usb camera num = 1
08-15 21:53:17.546   428   535 D UsbService: dev dir has changed :video3
08-15 21:53:17.546   428   535 D UsbService: delete :video3
08-15 21:53:17.546   428   535 I UsbService: the same video changed, ignore this!
08-15 21:53:17.546   428   535 D UsbService: dev dir has changed :video4
08-15 21:53:17.546   428   535 D UsbService: delete :video4
08-15 21:53:17.546   428   535 I UsbService: the same video changed, ignore this!
08-15 21:53:17.546   428   535 D UsbService: dev dir has changed :video5
08-15 21:53:17.546   428   535 D UsbService: delete :video5
08-15 21:53:17.546   428   535 I UsbService: the same video changed, ignore this!
08-15 21:53:17.546   428   535 D UsbService: dev dir has changed :media1
08-15 21:53:17.547   428   535 D UsbService: delete :media1
08-15 21:53:17.598   428   633 V UsbDeviceManager: USB UEVENT: {PROP=0, SUBSYSTEM=input, PRODUCT=3/bda/3468/1, SEQNUM=2744, EV=3, ACTION=remove, DEVPATH=/devices/platform/fe3c0000.usb/usb2/2-1/2-1.2/2-1.2.1/2-1.2.1:1.0/input/input39, PHYS="usb-fe3c0000.usb-1.2.1/button", KEY=100000 0 0 0 0 0 0, NAME="USB RGB Camera", MODALIAS=input:b0003v0BDAp3468e0001-e0,1,kD4,ramlsfw}
08-15 21:53:17.598   428   633 D UsbDeviceManager: subSystem:input,devPath:/devices/platform/fe3c0000.usb/usb2/2-1/2-1.2/2-1.2.1/2-1.2.1:1.0/input/input39
08-15 21:53:17.598   428   535 D UsbService: dev dir has changed :media2
08-15 21:53:17.598   428   535 D UsbService: delete :media2
08-15 21:53:17.598   428   633 V UsbDeviceManager: USB UEVENT: {DEVNAME=media2, SUBSYSTEM=media, SEQNUM=2745, MAJOR=251, ACTION=remove, MINOR=2, DEVPATH=/devices/platform/fe3c0000.usb/usb2/2-1/2-1.2/2-1.2.1/2-1.2.1:1.0/media2}
08-15 21:53:17.598   428   633 D UsbDeviceManager: subSystem:media,devPath:/devices/platform/fe3c0000.usb/usb2/2-1/2-1.2/2-1.2.1/2-1.2.1:1.0/media2
08-15 21:53:25.688   428  1260 I ActivityManager: START u0 {cmp=com.huanaixin.antigen/.function.test.view.ConfirmAntigenCompleteActivity} from uid 10050 on display 0
08-15 21:53:25.885   428   633 V UsbDeviceManager: USB UEVENT: {DEVNAME=media1, SUBSYSTEM=media, SEQNUM=2746, MAJOR=251, ACTION=add, MINOR=1, DEVPATH=/devices/platform/fe3c0000.usb/usb2/2-1/2-1.2/2-1.2.1/2-1.2.1:1.0/media1}
08-15 21:53:25.885   428   633 D UsbDeviceManager: subSystem:media,devPath:/devices/platform/fe3c0000.usb/usb2/2-1/2-1.2/2-1.2.1/2-1.2.1:1.0/media1
08-15 21:53:25.886   428   535 D UsbService: dev dir has changed :media1
08-15 21:53:25.886   428   535 D UsbService: create :media1
08-15 21:53:25.890   428   633 V UsbDeviceManager: USB UEVENT: {DEVNAME=video2, SUBSYSTEM=video4linux, SEQNUM=2747, MAJOR=81, ACTION=add, MINOR=2, DEVPATH=/devices/platform/fe3c0000.usb/usb2/2-1/2-1.2/2-1.2.1/2-1.2.1:1.0/video4linux/video2}
08-15 21:53:25.891   428   633 D UsbDeviceManager: subSystem:video4linux,devPath:/devices/platform/fe3c0000.usb/usb2/2-1/2-1.2/2-1.2.1/2-1.2.1:1.0/video4linux/video2
08-15 21:53:25.891   428   633 V UsbDeviceManager: USB UEVENT: {DEVNAME=video3, SUBSYSTEM=video4linux, SEQNUM=2748, MAJOR=81, ACTION=add, MINOR=3, DEVPATH=/devices/platform/fe3c0000.usb/usb2/2-1/2-1.2/2-1.2.1/2-1.2.1:1.0/video4linux/video3}
08-15 21:53:25.891   428   633 D UsbDeviceManager: subSystem:video4linux,devPath:/devices/platform/fe3c0000.usb/usb2/2-1/2-1.2/2-1.2.1/2-1.2.1:1.0/video4linux/video3
08-15 21:53:25.891   428   633 V UsbDeviceManager: USB UEVENT: {PROP=0, SUBSYSTEM=input, PRODUCT=3/bda/3468/1, SEQNUM=2749, EV=3, ACTION=add, DEVPATH=/devices/platform/fe3c0000.usb/usb2/2-1/2-1.2/2-1.2.1/2-1.2.1:1.0/input/input40, PHYS="usb-fe3c0000.usb-1.2.1/button", KEY=100000 0 0 0 0 0 0, NAME="USB RGB Camera", MODALIAS=input:b0003v0BDAp3468e0001-e0,1,kD4,ramlsfw}
08-15 21:53:25.891   428   633 D UsbDeviceManager: subSystem:input,devPath:/devices/platform/fe3c0000.usb/usb2/2-1/2-1.2/2-1.2.1/2-1.2.1:1.0/input/input40
08-15 21:53:25.891   428   633 V UsbDeviceManager: USB UEVENT: {DEVNAME=input/event3, SUBSYSTEM=input, SEQNUM=2750, MAJOR=13, ACTION=add, MINOR=67, DEVPATH=/devices/platform/fe3c0000.usb/usb2/2-1/2-1.2/2-1.2.1/2-1.2.1:1.0/input/input40/event3}
08-15 21:53:25.891   428   633 D UsbDeviceManager: subSystem:input,devPath:/devices/platform/fe3c0000.usb/usb2/2-1/2-1.2/2-1.2.1/2-1.2.1:1.0/input/input40/event3
08-15 21:53:25.892   428   535 D UsbService: dev dir has changed :video2
08-15 21:53:25.892   428   535 D UsbService: create :video2
08-15 21:53:25.892   428   535 D UsbService: usb camera added
08-15 21:53:25.983   428   535 W ContextImpl: Calling a method in the system process without a qualified user: android.app.ContextImpl.sendBroadcast:881 com.android.server.usb.UsbService.updateCameraNum:183 com.android.server.usb.UsbService.-wrap1:-1 com.android.server.usb.UsbService$2.onEvent:196 android.os.FileObserver$ObserverThread.onEvent:123 
08-15 21:53:25.990   428   535 D UsbService: usb camera num = 2
08-15 21:53:25.990   428   535 D UsbService: dev dir has changed :video3
08-15 21:53:25.991   428   535 D UsbService: create :video3
08-15 21:53:25.991   428   535 I UsbService: the same video changed, ignore this!
08-15 21:53:29.297   428  1062 I ActivityManager: START u0 {cmp=com.huanaixin.antigen/.function.test.view.PushReagentActivity} from uid 10050 on display 0
08-15 21:53:29.599   428   633 V UsbDeviceManager: USB UEVENT: {DEVNAME=video0, SUBSYSTEM=video4linux, SEQNUM=2751, MAJOR=81, ACTION=remove, MINOR=0, DEVPATH=/devices/platform/usb@fe800000/fe800000.dwc3/xhci-hcd.9.auto/usb7/7-1/7-1.2/7-1.2:1.0/video4linux/video0}
08-15 21:53:29.599   428   633 D UsbDeviceManager: subSystem:video4linux,devPath:/devices/platform/usb@fe800000/fe800000.dwc3/xhci-hcd.9.auto/usb7/7-1/7-1.2/7-1.2:1.0/video4linux/video0
08-15 21:53:29.600   428   535 D UsbService: dev dir has changed :video0
08-15 21:53:29.600   428   535 D UsbService: delete :video0
08-15 21:53:29.600   428   633 V UsbDeviceManager: USB UEVENT: {DEVNAME=video1, SUBSYSTEM=video4linux, SEQNUM=2752, MAJOR=81, ACTION=remove, MINOR=1, DEVPATH=/devices/platform/usb@fe800000/fe800000.dwc3/xhci-hcd.9.auto/usb7/7-1/7-1.2/7-1.2:1.0/video4linux/video1}
08-15 21:53:29.600   428   633 D UsbDeviceManager: subSystem:video4linux,devPath:/devices/platform/usb@fe800000/fe800000.dwc3/xhci-hcd.9.auto/usb7/7-1/7-1.2/7-1.2:1.0/video4linux/video1
08-15 21:53:29.600   428   535 D UsbService: usb camera removed
08-15 21:53:29.600   428   633 V UsbDeviceManager: USB UEVENT: {DEVNAME=input/event2, SUBSYSTEM=input, SEQNUM=2753, MAJOR=13, ACTION=remove, MINOR=66, DEVPATH=/devices/platform/usb@fe800000/fe800000.dwc3/xhci-hcd.9.auto/usb7/7-1/7-1.2/7-1.2:1.0/input/input37/event2}
08-15 21:53:29.600   428   633 D UsbDeviceManager: subSystem:input,devPath:/devices/platform/usb@fe800000/fe800000.dwc3/xhci-hcd.9.auto/usb7/7-1/7-1.2/7-1.2:1.0/input/input37/event2
08-15 21:53:29.660   428   633 V UsbDeviceManager: USB UEVENT: {PROP=0, SUBSYSTEM=input, PRODUCT=3/c45/6364/100, SEQNUM=2754, EV=3, ACTION=remove, DEVPATH=/devices/platform/usb@fe800000/fe800000.dwc3/xhci-hcd.9.auto/usb7/7-1/7-1.2/7-1.2:1.0/input/input37, PHYS="usb-xhci-hcd.9.auto-1.2/button", KEY=100000 0 0 0 0 0 0, NAME="USB 2.0 Camera", MODALIAS=input:b0003v0C45p6364e0100-e0,1,kD4,ramlsfw}
08-15 21:53:29.660   428   633 D UsbDeviceManager: subSystem:input,devPath:/devices/platform/usb@fe800000/fe800000.dwc3/xhci-hcd.9.auto/usb7/7-1/7-1.2/7-1.2:1.0/input/input37
08-15 21:53:29.661   428   633 V UsbDeviceManager: USB UEVENT: {DEVNAME=media0, SUBSYSTEM=media, SEQNUM=2755, MAJOR=251, ACTION=remove, MINOR=0, DEVPATH=/devices/platform/usb@fe800000/fe800000.dwc3/xhci-hcd.9.auto/usb7/7-1/7-1.2/7-1.2:1.0/media0}
08-15 21:53:29.661   428   633 D UsbDeviceManager: subSystem:media,devPath:/devices/platform/usb@fe800000/fe800000.dwc3/xhci-hcd.9.auto/usb7/7-1/7-1.2/7-1.2:1.0/media0
08-15 21:53:29.668   428   535 W ContextImpl: Calling a method in the system process without a qualified user: android.app.ContextImpl.sendBroadcast:881 com.android.server.usb.UsbService.updateCameraNum:183 com.android.server.usb.UsbService.-wrap1:-1 com.android.server.usb.UsbService$2.onEvent:202 android.os.FileObserver$ObserverThread.onEvent:123 
08-15 21:53:29.675   428   535 D UsbService: usb camera num = 1
08-15 21:53:29.675   428   535 D UsbService: dev dir has changed :video1
08-15 21:53:29.675   428   535 D UsbService: delete :video1
08-15 21:53:29.675   428   535 I UsbService: the same video changed, ignore this!
08-15 21:53:29.675   428   535 D UsbService: dev dir has changed :media0
08-15 21:53:29.675   428   535 D UsbService: delete :media0
08-15 21:53:46.674  1264  1264 D StorageManager: probeEmmc find /sys/block/mmcblk1rpmb
08-15 21:53:46.765   428   612 I ActivityManager: START u0 {cmp=com.huanaixin.antigen/.function.test.view.ClearDesktopActivity} from uid 10050 on display 0
08-15 21:53:55.026   428  3624 I ActivityManager: START u0 {cmp=com.huanaixin.antigen/.function.test.view.PrintQrcodeActivity} from uid 10050 on display 0
08-15 21:53:56.968   428  1260 W ActivityManager: No permission grants found for com.google.android.apps.photos
08-15 21:53:56.969   428  1260 W ActivityManager: No permission grants found for com.google.android.apps.photos
08-15 21:53:57.151   428  3624 D ConnectivityService: requestNetwork for uid/pid:10049/1409 NetworkRequest [ TRACK_DEFAULT id=26, [ Capabilities: INTERNET&NOT_RESTRICTED&TRUSTED&NOT_VPN] ]
08-15 21:53:57.152   428   678 D ConnectivityService: rematching NetworkAgentInfo [WIFI () - 100]
08-15 21:53:57.152   428   678 D ConnectivityService:  network has: [ Transports: WIFI Capabilities: NOT_METERED&INTERNET&NOT_RESTRICTED&TRUSTED&NOT_VPN&VALIDATED&FOREGROUND LinkUpBandwidth>=1048576Kbps LinkDnBandwidth>=1048576Kbps SignalStrength: -50]
08-15 21:53:57.152   428   678 D ConnectivityService:   checking if request is satisfied: NetworkRequest [ TRACK_DEFAULT id=26, [ Capabilities: INTERNET&NOT_RESTRICTED&TRUSTED&NOT_VPN] ]
08-15 21:53:57.152   428   678 D ConnectivityService: currentScore = 0, newScore = 60
08-15 21:53:57.152   428   678 D ConnectivityService: rematch for NetworkAgentInfo [WIFI () - 100]
08-15 21:53:57.152   428   678 D ConnectivityService:    accepting network in place of null
08-15 21:53:57.154   428   678 D ConnectivityService: Adding iface wlan0 to network 100
08-15 21:53:57.155   428   678 D ConnectivityService: Adding Route [fe80::/64 -> :: wlan0] to network 100
08-15 21:53:57.158   428   678 D ConnectivityService: Adding Route [192.168.50.0/24 -> 0.0.0.0 wlan0] to network 100
08-15 21:53:57.160   428   678 D ConnectivityService: Adding Route [0.0.0.0/0 -> 192.168.50.1 wlan0] to network 100
08-15 21:53:57.164   428   678 D ConnectivityService: Setting DNS servers for network 100 to [/192.168.50.1]
08-15 21:53:57.183   428   678 D ConnectivityService: notifyType IP_CHANGED for NetworkAgentInfo [WIFI () - 100]
08-15 21:53:57.183   428   678 D ConnectivityService:  sending notification for NetworkRequest [ REQUEST id=1, [ Capabilities: INTERNET&NOT_RESTRICTED&TRUSTED&NOT_VPN] ]
08-15 21:53:57.183   428   678 D ConnectivityService:  sending notification for NetworkRequest [ LISTEN id=3, [] ]
08-15 21:53:57.184   428   678 D ConnectivityService: sending notification IP_CHANGED for NetworkRequest [ LISTEN id=3, [] ]
08-15 21:53:57.185   428   678 D ConnectivityService:  sending notification for NetworkRequest [ LISTEN id=4, [] ]
08-15 21:53:57.185   428   678 D ConnectivityService: sending notification IP_CHANGED for NetworkRequest [ LISTEN id=4, [] ]
08-15 21:53:57.185   428   678 D ConnectivityService:  sending notification for NetworkRequest [ TRACK_DEFAULT id=6, [ Capabilities: INTERNET&NOT_RESTRICTED&TRUSTED&NOT_VPN] ]
08-15 21:53:57.186   428   678 D ConnectivityService: sending notification IP_CHANGED for NetworkRequest [ TRACK_DEFAULT id=6, [ Capabilities: INTERNET&NOT_RESTRICTED&TRUSTED&NOT_VPN] ]
08-15 21:53:57.188   428   678 D ConnectivityService:  sending notification for NetworkRequest [ REQUEST id=7, [ Capabilities: NOT_RESTRICTED&TRUSTED&NOT_VPN] ]
08-15 21:53:57.188   428   678 D ConnectivityService: sending notification IP_CHANGED for NetworkRequest [ REQUEST id=7, [ Capabilities: NOT_RESTRICTED&TRUSTED&NOT_VPN] ]
08-15 21:53:57.190   428   678 D ConnectivityService: sending new Min Network Score(60): NetworkRequest [ TRACK_DEFAULT id=26, [ Capabilities: INTERNET&NOT_RESTRICTED&TRUSTED&NOT_VPN] ]
08-15 21:53:57.194   428   678 D ConnectivityService: Network NetworkAgentInfo [WIFI () - 100] was already satisfying request 1. No change.
08-15 21:53:57.194   428   678 D ConnectivityService: Network NetworkAgentInfo [WIFI () - 100] was already satisfying request 6. No change.
08-15 21:53:57.194   428   678 D ConnectivityService: Network NetworkAgentInfo [WIFI () - 100] was already satisfying request 7. No change.
08-15 21:53:57.194   428   678 D ConnectivityService: sending notification AVAILABLE for NetworkRequest [ TRACK_DEFAULT id=26, [ Capabilities: INTERNET&NOT_RESTRICTED&TRUSTED&NOT_VPN] ]
08-15 21:53:57.256   428   678 D ConnectivityService: releasing NetworkRequest [ TRACK_DEFAULT id=26, [ Capabilities: INTERNET&NOT_RESTRICTED&TRUSTED&NOT_VPN] ]
08-15 21:53:57.257   428   678 D ConnectivityService:  Removing from current network NetworkAgentInfo [WIFI () - 100], leaving 5 requests.
08-15 21:53:57.258   428   678 D ConnectivityService: sending notification RELEASED for NetworkRequest [ TRACK_DEFAULT id=26, [ Capabilities: INTERNET&NOT_RESTRICTED&TRUSTED&NOT_VPN] ]
08-15 21:53:58.583   428  1260 W ActivityManager: No permission grants found for com.google.android.apps.photos
08-15 21:53:58.584   428  1260 W ActivityManager: No permission grants found for com.google.android.apps.photos
08-15 21:53:58.882   428   612 W ActivityManager: No permission grants found for com.google.android.apps.photos
08-15 21:53:58.882   428   612 W ActivityManager: No permission grants found for com.google.android.apps.photos
08-15 21:53:59.154   428  3624 W ActivityManager: No permission grants found for com.google.android.apps.photos
08-15 21:53:59.156   428  3624 W ActivityManager: No permission grants found for com.google.android.apps.photos
08-15 21:54:08.811   428   642 I WindowManager: Input event dispatching timed out sending to com.huanaixin.antigen/com.huanaixin.antigen.function.test.view.PrintQrcodeActivity.  Reason: Waiting to send non-key event because the touched window has not finished processing certain input events that were delivered to it over 500.0ms ago.  Wait queue length: 3.  Wait queue head age: 6411.1ms.
08-15 21:54:08.916   428  1260 W ActivityManager: Missing app error report, app = com.huanaixin.antigen crashing = false notResponding = true
08-15 21:54:08.928   428  1260 W ActivityManager: Missing app error report, app = com.huanaixin.antigen crashing = false notResponding = true
08-15 21:54:09.447   428  1260 W ActivityManager: Missing app error report, app = com.huanaixin.antigen crashing = false notResponding = true
08-15 21:54:09.448   428  1260 W ActivityManager: Missing app error report, app = com.huanaixin.antigen crashing = false notResponding = true
08-15 21:54:09.984   428   449 W ActivityManager: Missing app error report, app = com.huanaixin.antigen crashing = false notResponding = true
08-15 21:54:09.986   428   449 W ActivityManager: Missing app error report, app = com.huanaixin.antigen crashing = false notResponding = true
08-15 21:54:10.524   428  3624 W ActivityManager: Missing app error report, app = com.huanaixin.antigen crashing = false notResponding = true
08-15 21:54:10.525   428  3619 W ActivityManager: Missing app error report, app = com.huanaixin.antigen crashing = false notResponding = true
08-15 21:54:11.064   428  3619 W ActivityManager: Missing app error report, app = com.huanaixin.antigen crashing = false notResponding = true
08-15 21:54:11.064   428  3624 W ActivityManager: Missing app error report, app = com.huanaixin.antigen crashing = false notResponding = true
08-15 21:54:11.067   428   633 V UsbDeviceManager: USB UEVENT: {SUBSYSTEM=xt_idletimer, SEQNUM=2756, UID=, ACTION=change, DEVPATH=/devices/virtual/xt_idletimer/timers, STATE=inactive, INTERFACE=1, TIME_NS=4498559650310}
08-15 21:54:11.067   428   633 D UsbDeviceManager: subSystem:xt_idletimer,devPath:/devices/virtual/xt_idletimer/timers
08-15 21:54:11.604   428  3619 W ActivityManager: Missing app error report, app = com.huanaixin.antigen crashing = false notResponding = true
08-15 21:54:11.605   428  3619 W ActivityManager: Missing app error report, app = com.huanaixin.antigen crashing = false notResponding = true
08-15 21:54:12.095   428   633 V UsbDeviceManager: USB UEVENT: {SUBSYSTEM=xt_idletimer, SEQNUM=2757, UID=0, ACTION=change, DEVPATH=/devices/virtual/xt_idletimer/timers, STATE=active, INTERFACE=1, TIME_NS=4499587574996}
08-15 21:54:12.095   428   633 D UsbDeviceManager: subSystem:xt_idletimer,devPath:/devices/virtual/xt_idletimer/timers
08-15 21:54:12.111   428  3619 W ActivityManager: Missing app error report, app = com.huanaixin.antigen crashing = false notResponding = true
08-15 21:54:12.113   428  3619 W ActivityManager: Missing app error report, app = com.huanaixin.antigen crashing = false notResponding = true
08-15 21:54:12.494   428   510 E ActivityManager: ANR in com.huanaixin.antigen (com.huanaixin.antigen/.function.test.view.PrintQrcodeActivity)
08-15 21:54:12.494   428   510 E ActivityManager: PID: 3777
08-15 21:54:12.494   428   510 E ActivityManager: Reason: Input dispatching timed out (Waiting to send non-key event because the touched window has not finished processing certain input events that were delivered to it over 500.0ms ago.  Wait queue length: 3.  Wait queue head age: 6411.1ms.)
08-15 21:54:12.494   428   510 E ActivityManager: Load: 3.3 / 2.42 / 1.97
08-15 21:54:12.494   428   510 E ActivityManager: CPU usage from 884190ms to 0ms ago (2022-08-15 21:39:24.645 to 2022-08-15 21:54:08.834):
08-15 21:54:12.494   428   510 E ActivityManager:   61% 3777/com.huanaixin.antigen: 46% user + 14% kernel / faults: 5694494 minor
08-15 21:54:12.494   428   510 E ActivityManager:   27% 4105/com.huanaixin.antigen:reagentaction: 24% user + 3.3% kernel / faults: 1238486 minor
08-15 21:54:12.494   428   510 E ActivityManager:   17% 243/surfaceflinger: 6.1% user + 11% kernel / faults: 9036 minor
08-15 21:54:12.494   428   510 E ActivityManager:   11% 266/mediaserver: 3.8% user + 7.6% kernel / faults: 27301 minor
08-15 21:54:12.494   428   510 E ActivityManager:   6.9% 428/system_server: 4.5% user + 2.3% kernel / faults: 13355 minor
08-15 21:54:12.494   428   510 E ActivityManager:   5.5% 1628/com.huaanxin.init: 3.9% user + 1.6% kernel / faults: 3495 minor
08-15 21:54:12.494   428   510 E ActivityManager:   4.6% 1664/com.tencent.wxpayface: 2.8% user + 1.8% kernel / faults: 5022 minor
08-15 21:54:12.494   428   510 E ActivityManager:   1.9% 257/audioserver: 1.3% user + 0.6% kernel / faults: 3681 minor
08-15 21:54:12.494   428   510 E ActivityManager:   1.3% 1409/com.google.android.apps.photos: 1.1% user + 0.1% kernel / faults: 24567 minor
08-15 21:54:12.494   428   510 E ActivityManager:   1.1% 212/logd: 0.4% user + 0.7% kernel / faults: 76 minor
08-15 21:54:12.494   428   510 E ActivityManager:   1% 304/logcatext: 0.5% user + 0.4% kernel
08-15 21:54:12.494   428   510 E ActivityManager:   0.5% 1264/android.process.media: 0.4% user + 0% kernel / faults: 7793 minor
08-15 21:54:12.494   428   510 E ActivityManager:   0.5% 2793/kworker/u13:2: 0% user + 0.5% kernel
08-15 21:54:12.494   428   510 E ActivityManager:   0.5% 173/mmcqd/1: 0% user + 0.5% kernel
08-15 21:54:12.494   428   510 E ActivityManager:   0.5% 7/rcu_preempt: 0% user + 0.5% kernel
08-15 21:54:12.494   428   510 E ActivityManager:   0.3% 2521/kworker/u13:1: 0% user + 0.3% kernel
08-15 21:54:12.494   428   510 E ActivityManager:   0.3% 856/dhd_dpc: 0% user + 0.3% kernel
08-15 21:54:12.494   428   510 E ActivityManager:   0.2% 1228/com.android.nfc: 0.1% user + 0.1% kernel / faults: 689 minor
08-15 21:54:12.494   428   510 E ActivityManager:   0.2% 50/cfinteractive: 0% user + 0.2% kernel
08-15 21:54:12.494   428   510 E ActivityManager:   0.2% 721/com.android.systemui: 0.1% user + 0% kernel / faults: 1199 minor
08-15 21:54:12.494   428   510 E ActivityManager:   0.1% 2004/com.tencent.ilink.ServiceProcess: 0.1% user + 0% kernel / faults: 810 minor
08-15 21:54:12.494   428   510 E ActivityManager:   0.1% 210/jbd2/mmcblk1p15: 0% user + 0.1% kernel
08-15 21:54:12.494   428   510 E ActivityManager:   0.1% 263/media.codec: 0% user + 0% kernel / faults: 8396 minor
08-15 21:54:12.494   428   510 E ActivityManager:   0.1% 855/dhd_watchdog_th: 0% user + 0.1% kernel
08-15 21:54:12.494   428   510 E ActivityManager:   0.1% 857/dhd_rxf: 0% user + 0.1% kernel
08-15 21:54:12.494   428   510 E ActivityManager:   0% 258/cameraserver: 0% user + 0% kernel / faults: 1210 minor
08-15 21:54:12.494   428   510 E ActivityManager:   0% 1760/com.tencent.wxpayface.iotservice.core: 0% user + 0% kernel / faults: 2372 minor
08-15 21:54:12.494   428   510 E ActivityManager:   0% 1//init: 0% user + 0% kernel
08-15 21:54:12.494   428   510 E ActivityManager:   0% 4039/kworker/2:0: 0% user + 0% kernel
08-15 21:54:12.494   428   510 E ActivityManager:   0% 183/kworker/u12:3: 0% user + 0% kernel
08-15 21:54:12.494   428   510 E ActivityManager:   0% 1068/wpa_supplicant: 0% user + 0% kernel
08-15 21:54:12.494   428   510 E ActivityManager:   0% 3611/kworker/u12:0: 0% user + 0% kernel
08-15 21:54:12.494   428   510 E ActivityManager:   0% 8/rcu_sched: 0% user + 0% kernel
08-15 21:54:12.494   428   510 E ActivityManager:   0% 2702/kworker/u12:1: 0% user + 0% kernel
08-15 21:54:12.494   428   510 E ActivityManager:   0% 242/servicemanager: 0% user + 0% kernel
08-15 21:54:12.494   428   510 E ActivityManager:   0% 2353/com.google.android.apps.photos:mediametadataservice: 0% user + 0% kernel / faults: 349 minor
08-15 21:54:12.494   428   510 E ActivityManager:   0% 3/ksoftirqd/0: 0% user + 0% kernel
08-15 21:54:12.494   428   510 E ActivityManager:   0% 113/irq/45-ff660000: 0% user + 0% kernel
08-15 21:54:12.494   428   510 E ActivityManager:   0% 1649/com.huaanxin.init:ota: 0% user + 0% kernel / faults: 259 minor
08-15 21:54:12.494   428   510 E ActivityManager:   0% 3677/kworker/u12:4: 0% user + 0% kernel
08-15 21:54:12.494   428   510 E ActivityManager:   0% 782/com.google.android.inputmethod.pinyin: 0% user + 0% kernel / faults: 276 minor
08-15 21:54:12.494   428   510 E ActivityManager:   0% 1473/kworker/0:2H: 0% user + 0% kernel
08-15 21:54:12.494   428   510 E ActivityManager:   0% 267/netd: 0% user + 0% kernel / faults: 592 minor
08-15 21:54:12.494   428   510 E ActivityManager:   0% 241/lmkd: 0% user + 0% kernel
08-15 21:54:12.494   428   510 E ActivityManager:   0% 716/com.android.phone: 0% user + 0% kernel / faults: 195 minor
08-15 21:54:12.494   428   510 E ActivityManager:   0% 148/kworker/0:1: 0% user + 0% kernel
08-15 21:54:12.494   428   510 E ActivityManager:   0% 188/ueventd: 0% user + 0% kernel
08-15 21:54:12.494   428   510 E ActivityManager:   0% 161/kworker/0:2: 0% user + 0% kernel
08-15 21:54:12.494   428   510 E ActivityManager:   0% 10/migration/0: 0% user + 0% kernel
08-15 21:54:12.494   428   510 E ActivityManager:   0% 13/migration/1: 0% user + 0% kernel
08-15 21:54:12.494   428   510 E ActivityManager:   0% 18/migration/2: 0% user + 0% kernel
08-15 21:54:12.494   428   510 E ActivityManager:   0% 23/migration/3: 0% user + 0% kernel
08-15 21:54:12.494   428   510 E ActivityManager:   0% 1689/kworker/3:1H: 0% user + 0% kernel
08-15 21:54:12.494   428   510 E ActivityManager:   0% 248/rild: 0% user + 0% kernel
08-15 21:54:12.494   428   510 E ActivityManager:   0% 236/kworker/1:1H: 0% user + 0% kernel
08-15 21:54:12.494   428   510 E ActivityManager:   0% 2714/kworker/4:2: 0% user + 0% kernel
08-15 21:54:12.494   428   510 E ActivityManager:   0% 268/crashlogd: 0% user + 0% kernel
08-15 21:54:12.494   428   510 E ActivityManager:   0% 35/kworker/5:0: 0% user + 0% kernel
08-15 21:54:12.494   428   510 E ActivityManager:   0% 744/com.android.settings: 0% user + 0% kernel / faults: 34 minor
08-15 21:54:12.494   428   510 E ActivityManager:   0% 34/ksoftirqd/5: 0% user + 0% kernel
08-15 21:54:12.494   428   510 E ActivityManager:   0% 40/kconsole: 0% user + 0% kernel
08-15 21:54:12.494   428   510 E ActivityManager:   0% 14/ksoftirqd/1: 0% user + 0% kernel
08-15 21:54:12.494   428   510 E ActivityManager:   0% 24/ksoftirqd/3: 0% user + 0% kernel
08-15 21:54:12.494   428   510 E ActivityManager:   0% 29/ksoftirqd/4: 0% user + 0% kernel
08-15 21:54:12.494   428   510 E ActivityManager:   0% 37/kdevtmpfs: 0% user + 0% kernel
08-15 21:54:12.494   428   510 E ActivityManager:   0% 151/kworker/3:1: 0% user + 0% kernel
08-15 21:54:12.494   428   510 E ActivityManager:   0% 270/log-wa
08-15 21:54:30.321   428   633 V UsbDeviceManager: USB UEVENT: {SUBSYSTEM=xt_idletimer, SEQNUM=2758, UID=, ACTION=change, DEVPATH=/devices/virtual/xt_idletimer/timers, STATE=inactive, INTERFACE=1, TIME_NS=4517813162994}
08-15 21:54:30.321   428   633 D UsbDeviceManager: subSystem:xt_idletimer,devPath:/devices/virtual/xt_idletimer/timers
08-15 21:54:35.238   428   633 V UsbDeviceManager: USB UEVENT: {SUBSYSTEM=xt_idletimer, SEQNUM=2759, UID=0, ACTION=change, DEVPATH=/devices/virtual/xt_idletimer/timers, STATE=active, INTERFACE=1, TIME_NS=4522729142863}
08-15 21:54:35.238   428   633 D UsbDeviceManager: subSystem:xt_idletimer,devPath:/devices/virtual/xt_idletimer/timers
08-15 21:54:57.212   428  3624 D ConnectivityService: requestNetwork for uid/pid:10049/1409 NetworkRequest [ TRACK_DEFAULT id=27, [ Capabilities: INTERNET&NOT_RESTRICTED&TRUSTED&NOT_VPN] ]
08-15 21:54:57.213   428   678 D ConnectivityService: rematching NetworkAgentInfo [WIFI () - 100]
08-15 21:54:57.213   428   678 D ConnectivityService:  network has: [ Transports: WIFI Capabilities: NOT_METERED&INTERNET&NOT_RESTRICTED&TRUSTED&NOT_VPN&VALIDATED&FOREGROUND LinkUpBandwidth>=1048576Kbps LinkDnBandwidth>=1048576Kbps SignalStrength: -50]
08-15 21:54:57.213   428   678 D ConnectivityService: Network NetworkAgentInfo [WIFI () - 100] was already satisfying request 1. No change.
08-15 21:54:57.213   428   678 D ConnectivityService: Network NetworkAgentInfo [WIFI () - 100] was already satisfying request 6. No change.
08-15 21:54:57.213   428   678 D ConnectivityService:   checking if request is satisfied: NetworkRequest [ TRACK_DEFAULT id=27, [ Capabilities: INTERNET&NOT_RESTRICTED&TRUSTED&NOT_VPN] ]
08-15 21:54:57.213   428   678 D ConnectivityService: currentScore = 0, newScore = 60
08-15 21:54:57.213   428   678 D ConnectivityService: rematch for NetworkAgentInfo [WIFI () - 100]
08-15 21:54:57.213   428   678 D ConnectivityService:    accepting network in place of null
08-15 21:54:57.215   428   678 D ConnectivityService: Adding iface wlan0 to network 100
08-15 21:54:57.217   428   678 D ConnectivityService: Adding Route [fe80::/64 -> :: wlan0] to network 100
08-15 21:54:57.220   428   678 D ConnectivityService: Adding Route [192.168.50.0/24 -> 0.0.0.0 wlan0] to network 100
08-15 21:54:57.222   428   678 D ConnectivityService: Adding Route [0.0.0.0/0 -> 192.168.50.1 wlan0] to network 100
08-15 21:54:57.224   428   678 D ConnectivityService: Setting DNS servers for network 100 to [/192.168.50.1]
08-15 21:54:57.238   428   678 D ConnectivityService: notifyType IP_CHANGED for NetworkAgentInfo [WIFI () - 100]
08-15 21:54:57.238   428   678 D ConnectivityService:  sending notification for NetworkRequest [ REQUEST id=1, [ Capabilities: INTERNET&NOT_RESTRICTED&TRUSTED&NOT_VPN] ]
08-15 21:54:57.238   428   678 D ConnectivityService:  sending notification for NetworkRequest [ LISTEN id=3, [] ]
08-15 21:54:57.238   428   678 D ConnectivityService: sending notification IP_CHANGED for NetworkRequest [ LISTEN id=3, [] ]
08-15 21:54:57.238   428   678 D ConnectivityService:  sending notification for NetworkRequest [ LISTEN id=4, [] ]
08-15 21:54:57.239   428   678 D ConnectivityService: sending notification IP_CHANGED for NetworkRequest [ LISTEN id=4, [] ]
08-15 21:54:57.239   428   678 D ConnectivityService:  sending notification for NetworkRequest [ TRACK_DEFAULT id=6, [ Capabilities: INTERNET&NOT_RESTRICTED&TRUSTED&NOT_VPN] ]
08-15 21:54:57.240   428   678 D ConnectivityService: sending notification IP_CHANGED for NetworkRequest [ TRACK_DEFAULT id=6, [ Capabilities: INTERNET&NOT_RESTRICTED&TRUSTED&NOT_VPN] ]
08-15 21:54:57.240   428   678 D ConnectivityService:  sending notification for NetworkRequest [ REQUEST id=7, [ Capabilities: NOT_RESTRICTED&TRUSTED&NOT_VPN] ]
08-15 21:54:57.240   428   678 D ConnectivityService: sending notification IP_CHANGED for NetworkRequest [ REQUEST id=7, [ Capabilities: NOT_RESTRICTED&TRUSTED&NOT_VPN] ]
08-15 21:54:57.241   428   678 D ConnectivityService: sending new Min Network Score(60): NetworkRequest [ TRACK_DEFAULT id=27, [ Capabilities: INTERNET&NOT_RESTRICTED&TRUSTED&NOT_VPN] ]
08-15 21:54:57.241   428   678 D ConnectivityService: Network NetworkAgentInfo [WIFI () - 100] was already satisfying request 7. No change.
08-15 21:54:57.242   428   678 D ConnectivityService: sending notification AVAILABLE for NetworkRequest [ TRACK_DEFAULT id=27, [ Capabilities: INTERNET&NOT_RESTRICTED&TRUSTED&NOT_VPN] ]
08-15 21:54:57.350   428   678 D ConnectivityService: releasing NetworkRequest [ TRACK_DEFAULT id=27, [ Capabilities: INTERNET&NOT_RESTRICTED&TRUSTED&NOT_VPN] ]
08-15 21:54:57.351   428   678 D ConnectivityService:  Removing from current network NetworkAgentInfo [WIFI () - 100], leaving 5 requests.
08-15 21:54:57.351   428   678 D ConnectivityService: sending notification RELEASED for NetworkRequest [ TRACK_DEFAULT id=27, [ Capabilities: INTERNET&NOT_RESTRICTED&TRUSTED&NOT_VPN] ]
08-15 21:54:58.687  1264  1264 D StorageManager: probeEmmc find /sys/block/mmcblk1rpmb
--------- beginning of main
08-15 21:54:59.128  3777  3831 I chatty  : uid=10050(com.huanaixin.antigen) expire 10 lines
08-15 21:54:59.327  3777  6500 I chatty  : uid=10050(com.huanaixin.antigen) expire 68 lines
08-15 21:54:59.879  3777  6501 I chatty  : uid=10050(com.huanaixin.antigen) expire 9 lines
08-15 21:54:59.963  1264  6498 I ExifInterface_JNI: Raw image not detected
08-15 21:55:00.016  4105  4105 I chatty  : uid=10050 com.huanaixin.antigen:reagentaction expire 44 lines
08-15 21:55:00.080  1264  6498 I ExifInterface_JNI: Raw image not detected
08-15 21:55:00.517  1264  1264 D StorageManager: probeEmmc find /sys/block/mmcblk1rpmb
08-15 21:55:00.596  1264  6502 I ExifInterface_JNI: Raw image not detected
08-15 21:55:00.782   428  3619 I ActivityManager: START u0 {cmp=com.huanaixin.antigen/.function.test.view.CleaningActivity} from uid 10050 on display 0
08-15 21:55:00.914  1264  1264 D StorageManager: probeEmmc find /sys/block/mmcblk1rpmb
08-15 21:55:00.917   266  1074 I chatty  : uid=1013(media) Binder:266_6 expire 57 lines
08-15 21:55:00.917   266  6447 I chatty  : uid=1013(media) /system/bin/mediaserver expire 30 lines
08-15 21:55:00.917   266  6448 I chatty  : uid=1013(media) /system/bin/mediaserver expire 1 line
08-15 21:55:00.920   266  6503 I chatty  : uid=1013(media) /system/bin/mediaserver expire 6 lines
08-15 21:55:00.924   266   901 I chatty  : uid=1013(media) Binder:266_4 expire 32 lines
08-15 21:55:00.960   266   266 I chatty  : uid=1013(media) /system/bin/mediaserver expire 9 lines
08-15 21:55:00.967   266  6506 I chatty  : uid=1013(media) /system/bin/mediaserver expire 1 line
08-15 21:55:00.969   266  6507 I chatty  : uid=1013(media) /system/bin/mediaserver expire 103 lines
08-15 21:55:00.974   266  6508 I chatty  : uid=1013(media) /system/bin/mediaserver expire 72 lines
08-15 21:55:01.002   257   319 D AudioHardwareTiny: start_output_stream device: 402
08-15 21:55:01.002   257   319 D AudioHardwareTiny: card0 id:rockchipes8316c
08-15 21:55:01.002   257   319 D AudioHardwareTiny: SPEAKER card, got card=0,device=0
08-15 21:55:01.003   257   319 D AudioHardwareTiny: card1 id:rockchiphdmi
08-15 21:55:01.003   257   319 D AudioHardwareTiny: HDMI card, got card=1,device=0
08-15 21:55:01.003   257   319 D AudioHardwareTiny: No exist proc/asound/card2/id, break and finish parsing
08-15 21:55:01.003   257   319 D AudioHardwareTiny: dump out device info
08-15 21:55:01.003   257   319 D AudioHardwareTiny: dev_info SPEAKER  card=0, device:0
08-15 21:55:01.003   257   319 D AudioHardwareTiny: dev_info HDMI  card=1, device:0
08-15 21:55:01.003   257   319 D AudioHardwareTiny: dev_info SPDIF  card=0, device:0
08-15 21:55:01.003   257   319 D AudioHardwareTiny: dev_info BT  card=0, device:0
08-15 21:55:01.003   257   319 D alsa_route: route_info->sound_card 0, route_info->devices 0  
08-15 21:55:01.003   266  6510 I chatty  : uid=1013(media) /system/bin/mediaserver expire 6 lines
08-15 21:55:01.003   257   319 D AudioHardwareTiny: The current HDMI is DVI mode
08-15 21:55:01.005   266  6509 I chatty  : uid=1013(media) /system/bin/mediaserver expire 1 line
08-15 21:55:01.092  1264  6504 I ExifInterface_JNI: Raw image not detected
08-15 21:55:01.209   428   539 I ActivityManager: Displayed com.huanaixin.antigen/.function.test.view.CleaningActivity: +397ms
08-15 21:55:01.565  3777  6513 I chatty  : uid=10050(com.huanaixin.antigen) expire 9 lines
08-15 21:55:01.681  3777  3839 I chatty  : uid=10050(com.huanaixin.antigen) expire 34 lines
08-15 21:55:02.349  3777  6514 I chatty  : uid=10050(com.huanaixin.antigen) expire 24 lines
08-15 21:55:02.489  1264  1264 D StorageManager: probeEmmc find /sys/block/mmcblk1rpmb
08-15 21:55:02.531  1264  6516 I ExifInterface_JNI: Raw image not detected
08-15 21:55:02.616  3777  4301 I chatty  : uid=10050(com.huanaixin.antigen) expire 12 lines
08-15 21:55:02.815  1264  1264 D StorageManager: probeEmmc find /sys/block/mmcblk1rpmb
08-15 21:55:02.897  1264  6517 I ExifInterface_JNI: Raw image not detected
08-15 21:55:04.135  1628  2048 D MainInitActivity: ...
08-15 21:55:04.143  1628  2048 D MainInitActivity: /storage/4552-4F43
08-15 21:55:04.148  1628  2048 I com.huaanxin.init: 0appimportace =400,packageName=com.android.launcher3
08-15 21:55:04.343  3777  6518 I chatty  : uid=10050(com.huanaixin.antigen) expire 9 lines
08-15 21:55:04.429  1264  1264 D StorageManager: probeEmmc find /sys/block/mmcblk1rpmb
08-15 21:55:04.465  1264  6519 I ExifInterface_JNI: Raw image not detected
08-15 21:55:04.866  3777  3832 I chatty  : uid=10050(com.huanaixin.antigen) expire 3 lines
08-15 21:55:05.800   257  1148 D AudioHardwareTiny: adev_set_parameters: kvpairs = slice-weakly
08-15 21:55:06.356  3777  6135 I chatty  : uid=10050(com.huanaixin.antigen) expire 2 lines
08-15 21:55:06.380  1264  1264 D StorageManager: probeEmmc find /sys/block/mmcblk1rpmb
08-15 21:55:06.407  1264  6521 I ExifInterface_JNI: Raw image not detected
08-15 21:55:08.201  1264  1264 D StorageManager: probeEmmc find /sys/block/mmcblk1rpmb
08-15 21:55:08.219  1264  6522 I ExifInterface_JNI: Raw image not detected
