08-15 20:52:14.223   428   428 I chatty  : uid=1000 system_server expire 5 lines
08-15 20:52:28.334   428  1262 I chatty  : uid=1000(system) Binder:428_9 expire 4 lines
08-15 20:52:37.017   428  1270 I chatty  : uid=1000(system) Binder:428_A expire 4 lines
08-15 20:52:38.664   428   612 I chatty  : uid=1000(system) Binder:428_3 expire 1 line
08-15 20:52:44.241   428   845 I chatty  : uid=1000(system) Binder:428_6 expire 1 line
08-15 20:54:24.308   428   535 I chatty  : uid=1000(system) FileObserver expire 2 lines
08-15 20:54:24.308   223   227 W Vold    : subsystem found in netlink event
08-15 20:54:24.308   223   227 D Vold    : usb, 2
08-15 20:54:24.309   428   633 I chatty  : uid=1000(system) UEventObserver expire 34 lines
08-15 20:54:24.330   223   227 W Vold    : subsystem found in netlink event
08-15 20:54:24.330   223   227 D Vold    : usb, 2
08-15 20:54:24.332   428   798 I chatty  : uid=1000(system) UsbService host expire 2 lines
08-15 20:54:39.449   428   678 I chatty  : uid=1000(system) ConnectivitySer expire 96 lines
08-15 20:59:21.016   428   509 I chatty  : uid=1000(system) android.bg expire 2 lines
08-15 20:59:26.854   428   633 I chatty  : uid=1000(system) UEventObserver expire 60 lines
08-15 21:00:11.328  1628  2048 W ContextImpl: Calling a method in the system process without a qualified user: android.app.ContextImpl.startActivity:771 android.content.ContextWrapper.startActivity:356 b.b.c.h.a.K:4 b.b.c.h.a.J:1 b.e.a.a.run:18 
08-15 21:00:11.328  1628  2048 W ContextImpl: Calling a method in the system process without a qualified user: android.app.ContextImpl.startActivity:783 android.app.ContextImpl.startActivity:772 android.content.ContextWrapper.startActivity:356 b.b.c.h.a.K:4 b.b.c.h.a.J:1 
08-15 21:00:11.329   428  2681 I chatty  : uid=1000(system) Binder:428_11 expire 2 lines
08-15 21:09:12.537   428   515 I chatty  : uid=1000(system) batterystats-sy expire 3 lines
08-15 21:09:57.000   428   428 I chatty  : uid=1000 system_server expire 5 lines
08-15 21:09:57.011   428   510 I chatty  : uid=1000(system) ActivityManager expire 2 lines
08-15 21:09:57.057   428   687 I chatty  : uid=1000(system) Binder:428_4 expire 2 lines
08-15 21:09:57.114   428  1260 I chatty  : uid=1000(system) Binder:428_8 expire 5 lines
08-15 21:09:57.139   428  1311 I chatty  : uid=1000(system) Binder:428_F expire 2 lines
08-15 21:10:23.601  1628  2048 W ContextImpl: Calling a method in the system process without a qualified user: android.app.ContextImpl.startActivity:771 android.content.ContextWrapper.startActivity:356 b.b.c.h.a.K:4 b.b.c.h.a.J:1 b.e.a.a.run:18 
08-15 21:10:23.601  1628  2048 W ContextImpl: Calling a method in the system process without a qualified user: android.app.ContextImpl.startActivity:783 android.app.ContextImpl.startActivity:772 android.content.ContextWrapper.startActivity:356 b.b.c.h.a.K:4 b.b.c.h.a.J:1 
08-15 21:10:24.081   428   633 I chatty  : uid=1000(system) UEventObserver expire 32 lines
08-15 21:16:16.570   428  1262 I chatty  : uid=1000(system) Binder:428_9 expire 4 lines
08-15 21:16:27.401   428  1274 I chatty  : uid=1000(system) Binder:428_B expire 4 lines
08-15 21:16:49.474   428  1300 I chatty  : uid=1000(system) Binder:428_E expire 3 lines
08-15 21:16:57.431  2065  2065 W ViewRootImpl[BindReagentActivity]: Cancelling event due to no window focus: KeyEvent { action=ACTION_UP, keyCode=KEYCODE_ENTER, scanCode=28, metaState=0, flags=0x28, repeatCount=0, eventTime=2264917, downTime=2264908, deviceId=8, source=0x101 }
08-15 21:16:57.431  2065  2065 W ViewRootImpl[BindReagentActivity]: Cancelling event due to no window focus: KeyEvent { action=ACTION_UP, keyCode=KEYCODE_ENTER, scanCode=28, metaState=0, flags=0x28, repeatCount=0, eventTime=2264917, downTime=2264908, deviceId=8, source=0x101 }
08-15 21:16:57.431  2065  2065 W ViewRootImpl[BindReagentActivity]: Cancelling event due to no window focus: KeyEvent { action=ACTION_UP, keyCode=KEYCODE_ENTER, scanCode=28, metaState=0, flags=0x28, repeatCount=0, eventTime=2264917, downTime=2264908, deviceId=8, source=0x101 }
08-15 21:16:57.628  2065  2065 W ViewRootImpl[BindReagentActivity]: Cancelling event due to no window focus: KeyEvent { action=ACTION_UP, keyCode=KEYCODE_ENTER, scanCode=28, metaState=0, flags=0x28, repeatCount=0, eventTime=2264917, downTime=2264908, deviceId=8, source=0x101 }
08-15 21:16:57.628  2065  2065 W ViewRootImpl[BindReagentActivity]: Cancelling event due to no window focus: KeyEvent { action=ACTION_UP, keyCode=KEYCODE_ENTER, scanCode=28, metaState=0, flags=0x28, repeatCount=0, eventTime=2264917, downTime=2264908, deviceId=8, source=0x101 }
08-15 21:16:57.629  2065  2065 W ViewRootImpl[BindReagentActivity]: Cancelling event due to no window focus: KeyEvent { action=ACTION_UP, keyCode=KEYCODE_ENTER, scanCode=28, metaState=0, flags=0x28, repeatCount=0, eventTime=2264917, downTime=2264908, deviceId=8, source=0x101 }
08-15 21:16:57.727  2065  2065 W ViewRootImpl[BindReagentResultActivity]: Cancelling event due to no window focus: KeyEvent { action=ACTION_UP, keyCode=KEYCODE_ENTER, scanCode=28, metaState=0, flags=0x28, repeatCount=0, eventTime=2264912, downTime=2264908, deviceId=8, source=0x101 }
08-15 21:16:57.727  2065  2065 W ViewRootImpl[BindReagentResultActivity]: Cancelling event due to no window focus: KeyEvent { action=ACTION_UP, keyCode=KEYCODE_ENTER, scanCode=28, metaState=0, flags=0x28, repeatCount=0, eventTime=2264912, downTime=2264908, deviceId=8, source=0x101 }
08-15 21:16:57.727  2065  2065 W ViewRootImpl[BindReagentResultActivity]: Cancelling event due to no window focus: KeyEvent { action=ACTION_UP, keyCode=KEYCODE_ENTER, scanCode=28, metaState=0, flags=0x28, repeatCount=0, eventTime=2264912, downTime=2264908, deviceId=8, source=0x101 }
08-15 21:16:57.727  2065  2065 W ViewRootImpl[BindReagentResultActivity]: Cancelling event due to no window focus: KeyEvent { action=ACTION_UP, keyCode=KEYCODE_ENTER, scanCode=28, metaState=0, flags=0x28, repeatCount=0, eventTime=2264912, downTime=2264908, deviceId=8, source=0x101 }
08-15 21:16:57.727  2065  2065 W ViewRootImpl[BindReagentResultActivity]: Cancelling event due to no window focus: KeyEvent { action=ACTION_UP, keyCode=KEYCODE_ENTER, scanCode=28, metaState=0, flags=0x28, repeatCount=0, eventTime=2264912, downTime=2264908, deviceId=8, source=0x101 }
08-15 21:16:57.727  2065  2065 W ViewRootImpl[BindReagentResultActivity]: Cancelling event due to no window focus: KeyEvent { action=ACTION_UP, keyCode=KEYCODE_ENTER, scanCode=28, metaState=0, flags=0x28, repeatCount=0, eventTime=2264912, downTime=2264908, deviceId=8, source=0x101 }
08-15 21:16:57.728  2065  2065 W ViewRootImpl[BindReagentResultActivity]: Cancelling event due to no window focus: KeyEvent { action=ACTION_UP, keyCode=KEYCODE_ENTER, scanCode=28, metaState=0, flags=0x28, repeatCount=0, eventTime=2264912, downTime=2264908, deviceId=8, source=0x101 }
08-15 21:16:57.728  2065  2065 W ViewRootImpl[BindReagentResultActivity]: Cancelling event due to no window focus: KeyEvent { action=ACTION_UP, keyCode=KEYCODE_ENTER, scanCode=28, metaState=0, flags=0x28, repeatCount=0, eventTime=2264912, downTime=2264908, deviceId=8, source=0x101 }
08-15 21:16:57.728  2065  2065 W ViewRootImpl[BindReagentResultActivity]: Cancelling event due to no window focus: KeyEvent { action=ACTION_UP, keyCode=KEYCODE_ENTER, scanCode=28, metaState=0, flags=0x28, repeatCount=0, eventTime=2264912, downTime=2264908, deviceId=8, source=0x101 }
08-15 21:17:18.825  2065  2065 W ViewRootImpl[BindReagentActivity]: Cancelling event due to no window focus: KeyEvent { action=ACTION_UP, keyCode=KEYCODE_ENTER, scanCode=28, metaState=0, flags=0x28, repeatCount=0, eventTime=2286305, downTime=2286296, deviceId=8, source=0x101 }
08-15 21:17:18.825  2065  2065 W ViewRootImpl[BindReagentActivity]: Cancelling event due to no window focus: KeyEvent { action=ACTION_UP, keyCode=KEYCODE_ENTER, scanCode=28, metaState=0, flags=0x28, repeatCount=0, eventTime=2286305, downTime=2286296, deviceId=8, source=0x101 }
08-15 21:17:18.825  2065  2065 W ViewRootImpl[BindReagentActivity]: Cancelling event due to no window focus: KeyEvent { action=ACTION_UP, keyCode=KEYCODE_ENTER, scanCode=28, metaState=0, flags=0x28, repeatCount=0, eventTime=2286305, downTime=2286296, deviceId=8, source=0x101 }
08-15 21:17:18.917  2065  2065 W ViewRootImpl[BindReagentActivity]: Cancelling event due to no window focus: KeyEvent { action=ACTION_UP, keyCode=KEYCODE_ENTER, scanCode=28, metaState=0, flags=0x28, repeatCount=0, eventTime=2286305, downTime=2286296, deviceId=8, source=0x101 }
08-15 21:17:18.917  2065  2065 W ViewRootImpl[BindReagentActivity]: Cancelling event due to no window focus: KeyEvent { action=ACTION_UP, keyCode=KEYCODE_ENTER, scanCode=28, metaState=0, flags=0x28, repeatCount=0, eventTime=2286305, downTime=2286296, deviceId=8, source=0x101 }
08-15 21:17:18.918  2065  2065 W ViewRootImpl[BindReagentActivity]: Cancelling event due to no window focus: KeyEvent { action=ACTION_UP, keyCode=KEYCODE_ENTER, scanCode=28, metaState=0, flags=0x28, repeatCount=0, eventTime=2286305, downTime=2286296, deviceId=8, source=0x101 }
08-15 21:17:18.982  2065  2065 W ViewRootImpl[BindReagentResultActivity]: Cancelling event due to no window focus: KeyEvent { action=ACTION_UP, keyCode=KEYCODE_ENTER, scanCode=28, metaState=0, flags=0x28, repeatCount=0, eventTime=2286300, downTime=2286296, deviceId=8, source=0x101 }
08-15 21:17:18.982  2065  2065 W ViewRootImpl[BindReagentResultActivity]: Cancelling event due to no window focus: KeyEvent { action=ACTION_UP, keyCode=KEYCODE_ENTER, scanCode=28, metaState=0, flags=0x28, repeatCount=0, eventTime=2286300, downTime=2286296, deviceId=8, source=0x101 }
08-15 21:17:18.982  2065  2065 W ViewRootImpl[BindReagentResultActivity]: Cancelling event due to no window focus: KeyEvent { action=ACTION_UP, keyCode=KEYCODE_ENTER, scanCode=28, metaState=0, flags=0x28, repeatCount=0, eventTime=2286300, downTime=2286296, deviceId=8, source=0x101 }
08-15 21:17:18.982  2065  2065 W ViewRootImpl[BindReagentResultActivity]: Cancelling event due to no window focus: KeyEvent { action=ACTION_UP, keyCode=KEYCODE_ENTER, scanCode=28, metaState=0, flags=0x28, repeatCount=0, eventTime=2286300, downTime=2286296, deviceId=8, source=0x101 }
08-15 21:17:18.982  2065  2065 W ViewRootImpl[BindReagentResultActivity]: Cancelling event due to no window focus: KeyEvent { action=ACTION_UP, keyCode=KEYCODE_ENTER, scanCode=28, metaState=0, flags=0x28, repeatCount=0, eventTime=2286300, downTime=2286296, deviceId=8, source=0x101 }
08-15 21:17:18.982  2065  2065 W ViewRootImpl[BindReagentResultActivity]: Cancelling event due to no window focus: KeyEvent { action=ACTION_UP, keyCode=KEYCODE_ENTER, scanCode=28, metaState=0, flags=0x28, repeatCount=0, eventTime=2286300, downTime=2286296, deviceId=8, source=0x101 }
08-15 21:17:18.983  2065  2065 W ViewRootImpl[BindReagentResultActivity]: Cancelling event due to no window focus: KeyEvent { action=ACTION_UP, keyCode=KEYCODE_ENTER, scanCode=28, metaState=0, flags=0x28, repeatCount=0, eventTime=2286300, downTime=2286296, deviceId=8, source=0x101 }
08-15 21:17:18.983  2065  2065 W ViewRootImpl[BindReagentResultActivity]: Cancelling event due to no window focus: KeyEvent { action=ACTION_UP, keyCode=KEYCODE_ENTER, scanCode=28, metaState=0, flags=0x28, repeatCount=0, eventTime=2286300, downTime=2286296, deviceId=8, source=0x101 }
08-15 21:17:18.983  2065  2065 W ViewRootImpl[BindReagentResultActivity]: Cancelling event due to no window focus: KeyEvent { action=ACTION_UP, keyCode=KEYCODE_ENTER, scanCode=28, metaState=0, flags=0x28, repeatCount=0, eventTime=2286300, downTime=2286296, deviceId=8, source=0x101 }
08-15 21:17:19.707   428   633 I chatty  : uid=1000(system) UEventObserver expire 28 lines
08-15 21:17:20.999   428  2672 I chatty  : uid=1000(system) Binder:428_10 expire 1 line
08-15 21:18:18.801   428   448 I chatty  : uid=1000(system) Binder:428_1 expire 4 lines
08-15 21:18:19.189   428   845 I chatty  : uid=1000(system) Binder:428_6 expire 5 lines
08-15 21:18:22.817   428   535 I chatty  : uid=1000(system) FileObserver expire 30 lines
08-15 21:18:34.643   428   633 I chatty  : uid=1000(system) UEventObserver expire 32 lines
08-15 21:18:56.452  1264  1264 D StorageManager: probeEmmc find /sys/block/mmcblk1rpmb
08-15 21:18:56.543   428  1311 I chatty  : uid=1000(system) Binder:428_F expire 7 lines
08-15 21:19:01.563   428  2681 I chatty  : uid=1000(system) Binder:428_11 expire 9 lines
08-15 21:19:06.756   428   845 I chatty  : uid=1000(system) Binder:428_6 expire 5 lines
08-15 21:19:06.951   428   678 I chatty  : uid=1000(system) ConnectivitySer expire 62 lines
08-15 21:19:08.438   428   448 I chatty  : uid=1000(system) Binder:428_1 expire 8 lines
08-15 21:19:18.676   428  1274 I chatty  : uid=1000(system) Binder:428_B expire 11 lines
08-15 21:20:34.076   428   449 I chatty  : uid=1000(system) Binder:428_2 expire 22 lines
08-15 21:20:34.783   428   535 I chatty  : uid=1000(system) FileObserver expire 10 lines
08-15 21:20:35.942  1628  2048 W ContextImpl: Calling a method in the system process without a qualified user: android.app.ContextImpl.startActivity:771 android.content.ContextWrapper.startActivity:356 b.b.c.h.a.K:4 b.b.c.h.a.J:1 b.e.a.a.run:18 
08-15 21:20:35.942  1628  2048 W ContextImpl: Calling a method in the system process without a qualified user: android.app.ContextImpl.startActivity:783 android.app.ContextImpl.startActivity:772 android.content.ContextWrapper.startActivity:356 b.b.c.h.a.K:4 b.b.c.h.a.J:1 
08-15 21:20:38.552   428   633 I chatty  : uid=1000(system) UEventObserver expire 10 lines
08-15 21:20:54.055   428  2672 I chatty  : uid=1000(system) Binder:428_10 expire 5 lines
08-15 21:20:54.065  2065  2065 W ViewRootImpl[BindReagentActivity]: Cancelling event due to no window focus: KeyEvent { action=ACTION_UP, keyCode=KEYCODE_ENTER, scanCode=28, metaState=0, flags=0x28, repeatCount=0, eventTime=2501552, downTime=2501544, deviceId=8, source=0x101 }
08-15 21:20:54.065  2065  2065 W ViewRootImpl[BindReagentActivity]: Cancelling event due to no window focus: KeyEvent { action=ACTION_UP, keyCode=KEYCODE_ENTER, scanCode=28, metaState=0, flags=0x28, repeatCount=0, eventTime=2501552, downTime=2501544, deviceId=8, source=0x101 }
08-15 21:20:54.065  2065  2065 W ViewRootImpl[BindReagentActivity]: Cancelling event due to no window focus: KeyEvent { action=ACTION_UP, keyCode=KEYCODE_ENTER, scanCode=28, metaState=0, flags=0x28, repeatCount=0, eventTime=2501552, downTime=2501544, deviceId=8, source=0x101 }
08-15 21:20:54.244  2065  2065 W ViewRootImpl[BindReagentActivity]: Cancelling event due to no window focus: KeyEvent { action=ACTION_UP, keyCode=KEYCODE_ENTER, scanCode=28, metaState=0, flags=0x28, repeatCount=0, eventTime=2501552, downTime=2501544, deviceId=8, source=0x101 }
08-15 21:20:54.244  2065  2065 W ViewRootImpl[BindReagentActivity]: Cancelling event due to no window focus: KeyEvent { action=ACTION_UP, keyCode=KEYCODE_ENTER, scanCode=28, metaState=0, flags=0x28, repeatCount=0, eventTime=2501552, downTime=2501544, deviceId=8, source=0x101 }
08-15 21:20:54.244  2065  2065 W ViewRootImpl[BindReagentActivity]: Cancelling event due to no window focus: KeyEvent { action=ACTION_UP, keyCode=KEYCODE_ENTER, scanCode=28, metaState=0, flags=0x28, repeatCount=0, eventTime=2501552, downTime=2501544, deviceId=8, source=0x101 }
08-15 21:20:54.325  2065  2065 W ViewRootImpl[BindReagentResultActivity]: Cancelling event due to no window focus: KeyEvent { action=ACTION_UP, keyCode=KEYCODE_ENTER, scanCode=28, metaState=0, flags=0x28, repeatCount=0, eventTime=2501548, downTime=2501544, deviceId=8, source=0x101 }
08-15 21:20:54.325  2065  2065 W ViewRootImpl[BindReagentResultActivity]: Cancelling event due to no window focus: KeyEvent { action=ACTION_UP, keyCode=KEYCODE_ENTER, scanCode=28, metaState=0, flags=0x28, repeatCount=0, eventTime=2501548, downTime=2501544, deviceId=8, source=0x101 }
08-15 21:20:54.325  2065  2065 W ViewRootImpl[BindReagentResultActivity]: Cancelling event due to no window focus: KeyEvent { action=ACTION_UP, keyCode=KEYCODE_ENTER, scanCode=28, metaState=0, flags=0x28, repeatCount=0, eventTime=2501548, downTime=2501544, deviceId=8, source=0x101 }
08-15 21:20:54.325  2065  2065 W ViewRootImpl[BindReagentResultActivity]: Cancelling event due to no window focus: KeyEvent { action=ACTION_UP, keyCode=KEYCODE_ENTER, scanCode=28, metaState=0, flags=0x28, repeatCount=0, eventTime=2501548, downTime=2501544, deviceId=8, source=0x101 }
08-15 21:20:54.325  2065  2065 W ViewRootImpl[BindReagentResultActivity]: Cancelling event due to no window focus: KeyEvent { action=ACTION_UP, keyCode=KEYCODE_ENTER, scanCode=28, metaState=0, flags=0x28, repeatCount=0, eventTime=2501548, downTime=2501544, deviceId=8, source=0x101 }
08-15 21:20:54.325  2065  2065 W ViewRootImpl[BindReagentResultActivity]: Cancelling event due to no window focus: KeyEvent { action=ACTION_UP, keyCode=KEYCODE_ENTER, scanCode=28, metaState=0, flags=0x28, repeatCount=0, eventTime=2501548, downTime=2501544, deviceId=8, source=0x101 }
08-15 21:20:54.326  2065  2065 W ViewRootImpl[BindReagentResultActivity]: Cancelling event due to no window focus: KeyEvent { action=ACTION_UP, keyCode=KEYCODE_ENTER, scanCode=28, metaState=0, flags=0x28, repeatCount=0, eventTime=2501548, downTime=2501544, deviceId=8, source=0x101 }
08-15 21:20:54.326  2065  2065 W ViewRootImpl[BindReagentResultActivity]: Cancelling event due to no window focus: KeyEvent { action=ACTION_UP, keyCode=KEYCODE_ENTER, scanCode=28, metaState=0, flags=0x28, repeatCount=0, eventTime=2501548, downTime=2501544, deviceId=8, source=0x101 }
08-15 21:20:54.326  2065  2065 W ViewRootImpl[BindReagentResultActivity]: Cancelling event due to no window focus: KeyEvent { action=ACTION_UP, keyCode=KEYCODE_ENTER, scanCode=28, metaState=0, flags=0x28, repeatCount=0, eventTime=2501548, downTime=2501544, deviceId=8, source=0x101 }
08-15 21:20:56.184   428   428 I chatty  : uid=1000 system_server expire 1 line
08-15 21:21:29.255  1628  1628 W ContextImpl: Calling a method in the system process without a qualified user: android.app.ContextImpl.startActivity:771 android.content.ContextWrapper.startActivity:356 b.b.c.h.a.K:4 com.huaanxin.init.MainInitActivity$b.onLongClick:3 android.view.View.performLongClickInternal:5714 
08-15 21:21:29.255  1628  1628 W ContextImpl: Calling a method in the system process without a qualified user: android.app.ContextImpl.startActivity:783 android.app.ContextImpl.startActivity:772 android.content.ContextWrapper.startActivity:356 b.b.c.h.a.K:4 com.huaanxin.init.MainInitActivity$b.onLongClick:3 
08-15 21:21:29.408   428  1270 I chatty  : uid=1000(system) Binder:428_A expire 4 lines
08-15 21:21:30.421  1628  1628 W ViewRootImpl[MainInitActivity]: Dropping event due to no window focus: MotionEvent { action=ACTION_MOVE, actionButton=0, id[0]=0, x[0]=434.53125, y[0]=29.53125, toolType[0]=TOOL_TYPE_FINGER, buttonState=0, metaState=0, flags=0x2, edgeFlags=0x0, pointerCount=1, historySize=0, eventTime=2537896, downTime=2536344, deviceId=6, source=0x1002 }
08-15 21:21:30.454  1628  1628 W ViewRootImpl[MainInitActivity]: Dropping event due to no window focus: MotionEvent { action=ACTION_MOVE, actionButton=0, id[0]=0, x[0]=435.0586, y[0]=28.59375, toolType[0]=TOOL_TYPE_FINGER, buttonState=0, metaState=0, flags=0x2, edgeFlags=0x0, pointerCount=1, historySize=0, eventTime=2537924, downTime=2536344, deviceId=6, source=0x1002 }
08-15 21:21:30.473  1628  1628 W ViewRootImpl[MainInitActivity]: Cancelling event due to no window focus: MotionEvent { action=ACTION_CANCEL, actionButton=0, id[0]=0, x[0]=435.0586, y[0]=28.59375, toolType[0]=TOOL_TYPE_FINGER, buttonState=0, metaState=0, flags=0x2, edgeFlags=0x0, pointerCount=1, historySize=0, eventTime=2537965, downTime=2536344, deviceId=6, source=0x1002 }
08-15 21:21:30.474  1628  1628 W ViewRootImpl[MainInitActivity]: Cancelling event due to no window focus: MotionEvent { action=ACTION_CANCEL, actionButton=0, id[0]=0, x[0]=435.0586, y[0]=28.59375, toolType[0]=TOOL_TYPE_FINGER, buttonState=0, metaState=0, flags=0x2, edgeFlags=0x0, pointerCount=1, historySize=0, eventTime=2537965, downTime=2536344, deviceId=6, source=0x1002 }
08-15 21:21:30.474  1628  1628 W ViewRootImpl[MainInitActivity]: Cancelling event due to no window focus: MotionEvent { action=ACTION_CANCEL, actionButton=0, id[0]=0, x[0]=435.0586, y[0]=28.59375, toolType[0]=TOOL_TYPE_FINGER, buttonState=0, metaState=0, flags=0x2, edgeFlags=0x0, pointerCount=1, historySize=0, eventTime=2537965, downTime=2536344, deviceId=6, source=0x1002 }
08-15 21:21:32.879  1628  1628 W ContextImpl: Calling a method in the system process without a qualified user: android.app.ContextImpl.startActivity:771 android.content.ContextWrapper.startActivity:356 b.b.c.h.a.K:4 com.huaanxin.init.MainInitActivity$b.onLongClick:3 android.view.View.performLongClickInternal:5714 
08-15 21:21:32.879  1628  1628 W ContextImpl: Calling a method in the system process without a qualified user: android.app.ContextImpl.startActivity:783 android.app.ContextImpl.startActivity:772 android.content.ContextWrapper.startActivity:356 b.b.c.h.a.K:4 com.huaanxin.init.MainInitActivity$b.onLongClick:3 
08-15 21:21:33.252  1628  1628 W ViewRootImpl[MainInitActivity]: Dropping event due to no window focus: MotionEvent { action=ACTION_MOVE, actionButton=0, id[0]=0, x[0]=453.7793, y[0]=30.0, toolType[0]=TOOL_TYPE_FINGER, buttonState=0, metaState=0, flags=0x2, edgeFlags=0x0, pointerCount=1, historySize=0, eventTime=2540724, downTime=2539970, deviceId=6, source=0x1002 }
08-15 21:21:33.271  1628  1628 W ViewRootImpl[MainInitActivity]: Dropping event due to no window focus: MotionEvent { action=ACTION_MOVE, actionButton=0, id[0]=0, x[0]=454.04297, y[0]=30.0, toolType[0]=TOOL_TYPE_FINGER, buttonState=0, metaState=0, flags=0x2, edgeFlags=0x0, pointerCount=1, historySize=0, eventTime=2540754, downTime=2539970, deviceId=6, source=0x1002 }
08-15 21:21:33.287  1628  1628 W ViewRootImpl[MainInitActivity]: Dropping event due to no window focus: MotionEvent { action=ACTION_MOVE, actionButton=0, id[0]=0, x[0]=454.3955, y[0]=30.0, toolType[0]=TOOL_TYPE_FINGER, buttonState=0, metaState=0, flags=0x2, edgeFlags=0x0, pointerCount=1, historySize=1, eventTime=2540774, downTime=2539970, deviceId=6, source=0x1002 }
08-15 21:21:33.304  1628  1628 W ViewRootImpl[MainInitActivity]: Dropping event due to no window focus: MotionEvent { action=ACTION_MOVE, actionButton=0, id[0]=0, x[0]=454.70215, y[0]=30.0, toolType[0]=TOOL_TYPE_FINGER, buttonState=0, metaState=0, flags=0x2, edgeFlags=0x0, pointerCount=1, historySize=1, eventTime=2540790, downTime=2539970, deviceId=6, source=0x1002 }
08-15 21:21:33.321  1628  1628 W ViewRootImpl[MainInitActivity]: Dropping event due to no window focus: MotionEvent { action=ACTION_MOVE, actionButton=0, id[0]=0, x[0]=455.36133, y[0]=30.0, toolType[0]=TOOL_TYPE_FINGER, buttonState=0, metaState=0, flags=0x2, edgeFlags=0x0, pointerCount=1, historySize=1, eventTime=2540806, downTime=2539970, deviceId=6, source=0x1002 }
08-15 21:21:33.338  1628  1628 W ViewRootImpl[MainInitActivity]: Dropping event due to no window focus: MotionEvent { action=ACTION_MOVE, actionButton=0, id[0]=0, x[0]=455.81943, y[0]=30.0, toolType[0]=TOOL_TYPE_FINGER, buttonState=0, metaState=0, flags=0x2, edgeFlags=0x0, pointerCount=1, historySize=1, eventTime=2540824, downTime=2539970, deviceId=6, source=0x1002 }
08-15 21:21:33.354  1628  1628 W ViewRootImpl[MainInitActivity]: Dropping event due to no window focus: MotionEvent { action=ACTION_MOVE, actionButton=0, id[0]=0, x[0]=456.11234, y[0]=30.0, toolType[0]=TOOL_TYPE_FINGER, buttonState=0, metaState=0, flags=0x2, edgeFlags=0x0, pointerCount=1, historySize=1, eventTime=2540841, downTime=2539970, deviceId=6, source=0x1002 }
08-15 21:21:33.371  1628  1628 W ViewRootImpl[MainInitActivity]: Dropping event due to no window focus: MotionEvent { action=ACTION_MOVE, actionButton=0, id[0]=0, x[0]=456.4235, y[0]=30.0, toolType[0]=TOOL_TYPE_FINGER, buttonState=0, metaState=0, flags=0x2, edgeFlags=0x0, pointerCount=1, historySize=2, eventTime=2540858, downTime=2539970, deviceId=6, source=0x1002 }
08-15 21:21:33.404  1628  1628 W ViewRootImpl[MainInitActivity]: Dropping event due to no window focus: MotionEvent { action=ACTION_MOVE, actionButton=0, id[0]=0, x[0]=456.6797, y[0]=30.0, toolType[0]=TOOL_TYPE_FINGER, buttonState=0, metaState=0, flags=0x2, edgeFlags=0x0, pointerCount=1, historySize=0, eventTime=2540887, downTime=2539970, deviceId=6, source=0x1002 }
08-15 21:21:33.421  1628  1628 W ViewRootImpl[MainInitActivity]: Dropping event due to no window focus: MotionEvent { action=ACTION_MOVE, actionButton=0, id[0]=0, x[0]=457.03824, y[0]=30.0, toolType[0]=TOOL_TYPE_FINGER, buttonState=0, metaState=0, flags=0x2, edgeFlags=0x0, pointerCount=1, historySize=1, eventTime=2540908, downTime=2539970, deviceId=6, source=0x1002 }
08-15 21:21:33.437  1628  1628 W ViewRootImpl[MainInitActivity]: Dropping event due to no window focus: MotionEvent { action=ACTION_MOVE, actionButton=0, id[0]=0, x[0]=459.3164, y[0]=29.296875, toolType[0]=TOOL_TYPE_FINGER, buttonState=0, metaState=0, flags=0x2, edgeFlags=0x0, pointerCount=1, historySize=1, eventTime=2540923, downTime=2539970, deviceId=6, source=0x1002 }
08-15 21:21:33.466  1628  1628 W ViewRootImpl[MainInitActivity]: Cancelling event due to no window focus: MotionEvent { action=ACTION_CANCEL, actionButton=0, id[0]=0, x[0]=459.3164, y[0]=29.296875, toolType[0]=TOOL_TYPE_FINGER, buttonState=0, metaState=0, flags=0x2, edgeFlags=0x0, pointerCount=1, historySize=0, eventTime=2540957, downTime=2539970, deviceId=6, source=0x1002 }
08-15 21:21:33.466  1628  1628 W ViewRootImpl[MainInitActivity]: Cancelling event due to no window focus: MotionEvent { action=ACTION_CANCEL, actionButton=0, id[0]=0, x[0]=459.3164, y[0]=29.296875, toolType[0]=TOOL_TYPE_FINGER, buttonState=0, metaState=0, flags=0x2, edgeFlags=0x0, pointerCount=1, historySize=0, eventTime=2540957, downTime=2539970, deviceId=6, source=0x1002 }
08-15 21:21:33.466  1628  1628 W ViewRootImpl[MainInitActivity]: Cancelling event due to no window focus: MotionEvent { action=ACTION_CANCEL, actionButton=0, id[0]=0, x[0]=459.3164, y[0]=29.296875, toolType[0]=TOOL_TYPE_FINGER, buttonState=0, metaState=0, flags=0x2, edgeFlags=0x0, pointerCount=1, historySize=0, eventTime=2540957, downTime=2539970, deviceId=6, source=0x1002 }
08-15 21:21:45.897   428  1281 I chatty  : uid=1000(system) Binder:428_C expire 6 lines
08-15 21:21:54.326   744   744 D StorageManager: probeEmmc find /sys/block/mmcblk1rpmb
08-15 21:21:58.324   428   557 I chatty  : uid=1000(system) PackageManager expire 1 line
08-15 21:22:02.252   744   744 W ContextImpl: Calling a method in the system process without a qualified user: android.app.ContextImpl.bindService:1425 android.content.ContextWrapper.bindService:636 android.content.pm.permission.RuntimePermissionPresenter$RemoteService.processMessage:186 android.content.pm.permission.RuntimePermissionPresenter.getAppPermissions:127 com.android.settings.applications.PermissionsSummaryHelper.getPermissionSummary:34 
08-15 21:22:08.048   744   744 D StorageManager: probeEmmc find /sys/block/mmcblk1rpmb
08-15 21:22:11.429   428   510 I chatty  : uid=1000(system) ActivityManager expire 3 lines
08-15 21:22:11.431   428   449 I chatty  : uid=1000(system) Binder:428_2 expire 1 line
08-15 21:22:11.432   428   428 I chatty  : uid=1000 system_server expire 8 lines
08-15 21:22:11.473   428  1274 I chatty  : uid=1000(system) Binder:428_B expire 1 line
08-15 21:22:11.682   428   612 I chatty  : uid=1000(system) Binder:428_3 expire 8 lines
08-15 21:22:13.897   428   772 I chatty  : uid=1000(system) Binder:428_5 expire 3 lines
08-15 21:22:19.744   428  1262 I chatty  : uid=1000(system) Binder:428_9 expire 13 lines
08-15 21:22:19.745   223   228 D vold    : Remounting 10050 as mode read
08-15 21:22:19.754   428   649 I chatty  : uid=1000(system) VoldConnector expire 6 lines
08-15 21:22:19.758   223   228 D vold    : Remounting 10050 as mode write
08-15 21:22:25.758   428   687 I chatty  : uid=1000(system) Binder:428_4 expire 10 lines
08-15 21:22:30.553   428   845 I chatty  : uid=1000(system) Binder:428_6 expire 10 lines
08-15 21:22:35.379   428  3312 I chatty  : uid=1000(system) Binder:428_13 expire 16 lines
08-15 21:22:57.148   428   633 I chatty  : uid=1000(system) UEventObserver expire 10 lines
08-15 21:23:26.599  1628  2048 W ContextImpl: Calling a method in the system process without a qualified user: android.app.ContextImpl.startActivity:771 android.content.ContextWrapper.startActivity:356 b.b.c.h.a.K:4 b.b.c.h.a.J:1 b.e.a.a.run:39 
08-15 21:23:26.599  1628  2048 W ContextImpl: Calling a method in the system process without a qualified user: android.app.ContextImpl.startActivity:783 android.app.ContextImpl.startActivity:772 android.content.ContextWrapper.startActivity:356 b.b.c.h.a.K:4 b.b.c.h.a.J:1 
08-15 21:23:28.532   428  1290 I chatty  : uid=1000(system) Binder:428_D expire 3 lines
08-15 21:24:03.402   744   744 D StorageManager: probeEmmc find /sys/block/mmcblk1rpmb
08-15 21:24:03.595   428  1281 I chatty  : uid=1000(system) Binder:428_C expire 9 lines
08-15 21:24:06.734   428   633 I chatty  : uid=1000(system) UEventObserver expire 12 lines
08-15 21:24:16.410   744   744 W ContextImpl: Calling a method in the system process without a qualified user: android.app.ContextImpl.bindService:1425 android.content.ContextWrapper.bindService:636 android.content.pm.permission.RuntimePermissionPresenter$RemoteService.processMessage:186 android.content.pm.permission.RuntimePermissionPresenter.getAppPermissions:127 com.android.settings.applications.PermissionsSummaryHelper.getPermissionSummary:34 
08-15 21:24:24.290   744   744 D StorageManager: probeEmmc find /sys/block/mmcblk1rpmb
08-15 21:24:29.962   428   687 I chatty  : uid=1000(system) Binder:428_4 expire 1 line
08-15 21:24:40.515   744   744 W ContextImpl: Calling a method in the system process without a qualified user: android.app.ContextImpl.bindService:1425 android.content.ContextWrapper.bindService:636 android.content.pm.permission.RuntimePermissionPresenter$RemoteService.processMessage:186 android.content.pm.permission.RuntimePermissionPresenter.getAppPermissions:127 com.android.settings.applications.PermissionsSummaryHelper.getPermissionSummary:34 
08-15 21:24:40.573   428  3448 I chatty  : uid=1000(system) Binder:428_14 expire 11 lines
08-15 21:24:50.010   428  3311 I chatty  : uid=1000(system) Binder:428_12 expire 8 lines
08-15 21:24:50.175   428  1311 I chatty  : uid=1000(system) Binder:428_F expire 11 lines
08-15 21:24:58.991   223   228 D vold    : Remounting 10050 as mode read
08-15 21:24:59.007   428  1062 I chatty  : uid=1000(system) Binder:428_7 expire 9 lines
08-15 21:24:59.008   223   228 D vold    : Remounting 10050 as mode write
08-15 21:25:05.501   744   744 W ContextImpl: Calling a method in the system process without a qualified user: android.app.ContextImpl.bindService:1425 android.content.ContextWrapper.bindService:636 android.content.pm.permission.RuntimePermissionPresenter$RemoteService.processMessage:186 android.content.pm.permission.RuntimePermissionPresenter.getAppPermissions:127 com.android.settings.applications.PermissionsSummaryHelper.getPermissionSummary:34 
08-15 21:25:05.556   428  1300 I chatty  : uid=1000(system) Binder:428_E expire 6 lines
08-15 21:25:10.074   428  3312 I chatty  : uid=1000(system) Binder:428_13 expire 5 lines
08-15 21:25:10.152   428   448 I chatty  : uid=1000(system) Binder:428_1 expire 10 lines
08-15 21:26:27.242  1628  2048 W ContextImpl: Calling a method in the system process without a qualified user: android.app.ContextImpl.startActivity:771 android.content.ContextWrapper.startActivity:356 b.b.c.h.a.K:4 b.b.c.h.a.J:1 b.e.a.a.run:39 
08-15 21:26:27.242  1628  2048 W ContextImpl: Calling a method in the system process without a qualified user: android.app.ContextImpl.startActivity:783 android.app.ContextImpl.startActivity:772 android.content.ContextWrapper.startActivity:356 b.b.c.h.a.K:4 b.b.c.h.a.J:1 
08-15 21:26:32.870   428  2672 I chatty  : uid=1000(system) Binder:428_10 expire 1 line
08-15 21:27:36.107   744   744 D StorageManager: probeEmmc find /sys/block/mmcblk1rpmb
08-15 21:27:44.420   428   633 I chatty  : uid=1000(system) UEventObserver expire 10 lines
08-15 21:27:55.130   744   744 W ContextImpl: Calling a method in the system process without a qualified user: android.app.ContextImpl.bindService:1425 android.content.ContextWrapper.bindService:636 android.content.pm.permission.RuntimePermissionPresenter$RemoteService.processMessage:186 android.content.pm.permission.RuntimePermissionPresenter.getAppPermissions:127 com.android.settings.applications.PermissionsSummaryHelper.getPermissionSummary:34 
08-15 21:27:55.267   428   448 I chatty  : uid=1000(system) Binder:428_1 expire 2 lines
08-15 21:27:59.484   744   744 D StorageManager: probeEmmc find /sys/block/mmcblk1rpmb
08-15 21:28:12.030   744   744 W ContextImpl: Calling a method in the system process without a qualified user: android.app.ContextImpl.bindService:1425 android.content.ContextWrapper.bindService:636 android.content.pm.permission.RuntimePermissionPresenter$RemoteService.processMessage:186 android.content.pm.permission.RuntimePermissionPresenter.getAppPermissions:127 com.android.settings.applications.PermissionsSummaryHelper.getPermissionSummary:34 
08-15 21:28:17.451   744   744 D StorageManager: probeEmmc find /sys/block/mmcblk1rpmb
08-15 21:28:20.584   428  3448 I chatty  : uid=1000(system) Binder:428_14 expire 3 lines
08-15 21:28:29.597   428  1311 I chatty  : uid=1000(system) Binder:428_F expire 8 lines
08-15 21:28:29.598   223   228 D vold    : Remounting 10050 as mode read
08-15 21:28:29.610   223   228 D vold    : Remounting 10050 as mode write
08-15 21:28:34.779   744   744 W ContextImpl: Calling a method in the system process without a qualified user: android.app.ContextImpl.bindService:1425 android.content.ContextWrapper.bindService:636 android.content.pm.permission.RuntimePermissionPresenter$RemoteService.processMessage:186 android.content.pm.permission.RuntimePermissionPresenter.getAppPermissions:127 com.android.settings.applications.PermissionsSummaryHelper.getPermissionSummary:34 
08-15 21:28:34.830   428  2681 I chatty  : uid=1000(system) Binder:428_11 expire 11 lines
08-15 21:29:10.588  3632  3632 W ViewRootImpl[MainActivity]: Dropping event due to root view being removed: MotionEvent { action=ACTION_MOVE, actionButton=0, id[0]=0, x[0]=-9.638672, y[0]=644.53125, toolType[0]=TOOL_TYPE_FINGER, buttonState=0, metaState=0, flags=0x2, edgeFlags=0x0, pointerCount=1, historySize=2, eventTime=2998011, downTime=2997863, deviceId=6, source=0x1002 }
08-15 21:29:10.588  3632  3632 W ViewRootImpl[MainActivity]: Dropping event due to root view being removed: MotionEvent { action=ACTION_UP, actionButton=0, id[0]=0, x[0]=-9.638672, y[0]=644.53125, toolType[0]=TOOL_TYPE_FINGER, buttonState=0, metaState=0, flags=0x2, edgeFlags=0x0, pointerCount=1, historySize=0, eventTime=2998052, downTime=2997863, deviceId=6, source=0x1002 }
08-15 21:29:28.036  1628  2048 W ContextImpl: Calling a method in the system process without a qualified user: android.app.ContextImpl.startActivity:771 android.content.ContextWrapper.startActivity:356 b.b.c.h.a.K:4 b.b.c.h.a.J:1 b.e.a.a.run:39 
08-15 21:29:28.036  1628  2048 W ContextImpl: Calling a method in the system process without a qualified user: android.app.ContextImpl.startActivity:783 android.app.ContextImpl.startActivity:772 android.content.ContextWrapper.startActivity:356 b.b.c.h.a.K:4 b.b.c.h.a.J:1 
08-15 21:30:18.409   428  3311 I chatty  : uid=1000(system) Binder:428_12 expire 14 lines
08-15 21:30:31.165   428  1300 I chatty  : uid=1000(system) Binder:428_E expire 8 lines
08-15 21:30:39.889   428  1062 I chatty  : uid=1000(system) Binder:428_7 expire 9 lines
08-15 21:30:48.361  1628  2048 W ContextImpl: Calling a method in the system process without a qualified user: android.app.ContextImpl.startActivity:771 android.content.ContextWrapper.startActivity:356 b.b.c.h.a.K:4 b.b.c.h.a.J:1 b.e.a.a.run:18 
08-15 21:30:48.362  1628  2048 W ContextImpl: Calling a method in the system process without a qualified user: android.app.ContextImpl.startActivity:783 android.app.ContextImpl.startActivity:772 android.content.ContextWrapper.startActivity:356 b.b.c.h.a.K:4 b.b.c.h.a.J:1 
08-15 21:31:04.313   428  3619 I chatty  : uid=1000(system) Binder:428_15 expire 4 lines
08-15 21:31:12.027   428   633 I chatty  : uid=1000(system) UEventObserver expire 16 lines
08-15 21:31:19.805   744   744 D StorageManager: probeEmmc find /sys/block/mmcblk1rpmb
08-15 21:31:34.081   744   744 W ContextImpl: Calling a method in the system process without a qualified user: android.app.ContextImpl.bindService:1425 android.content.ContextWrapper.bindService:636 android.content.pm.permission.RuntimePermissionPresenter$RemoteService.processMessage:186 android.content.pm.permission.RuntimePermissionPresenter.getAppPermissions:127 com.android.settings.applications.PermissionsSummaryHelper.getPermissionSummary:34 
08-15 21:31:34.135   428   612 I chatty  : uid=1000(system) Binder:428_3 expire 20 lines
08-15 21:31:47.528   744   744 W ContextImpl: Calling a method in the system process without a qualified user: android.app.ContextImpl.bindService:1425 android.content.ContextWrapper.bindService:636 android.content.pm.permission.RuntimePermissionPresenter$RemoteService.processMessage:186 android.content.pm.permission.RuntimePermissionPresenter.getAppPermissions:127 com.android.settings.applications.PermissionsSummaryHelper.getPermissionSummary:34 
08-15 21:31:50.342   744   744 D StorageManager: probeEmmc find /sys/block/mmcblk1rpmb
08-15 21:31:57.513   428  1290 I chatty  : uid=1000(system) Binder:428_D expire 13 lines
08-15 21:31:57.526   428   428 I chatty  : uid=1000 system_server expire 2 lines
08-15 21:31:57.582   428   510 I chatty  : uid=1000(system) ActivityManager expire 1 line
08-15 21:31:57.738   428   845 I chatty  : uid=1000(system) Binder:428_6 expire 10 lines
08-15 21:32:02.030   744   744 W ContextImpl: Calling a method in the system process without a qualified user: android.app.ContextImpl.bindService:1425 android.content.ContextWrapper.bindService:636 android.content.pm.permission.RuntimePermissionPresenter$RemoteService.processMessage:186 android.content.pm.permission.RuntimePermissionPresenter.getAppPermissions:127 com.android.settings.applications.PermissionsSummaryHelper.getPermissionSummary:34 
08-15 21:32:19.504   428   687 I chatty  : uid=1000(system) Binder:428_4 expire 10 lines
08-15 21:32:30.620   744   744 W ContextImpl: Calling a method in the system process without a qualified user: android.app.ContextImpl.bindService:1425 android.content.ContextWrapper.bindService:636 android.content.pm.permission.RuntimePermissionPresenter$RemoteService.processMessage:186 android.content.pm.permission.RuntimePermissionPresenter.getAppPermissions:127 com.android.settings.applications.PermissionsSummaryHelper.getPermissionSummary:34 
08-15 21:32:46.172   744   744 D StorageManager: probeEmmc find /sys/block/mmcblk1rpmb
08-15 21:32:54.143   744   744 W ContextImpl: Calling a method in the system process without a qualified user: android.app.ContextImpl.bindService:1425 android.content.ContextWrapper.bindService:636 android.content.pm.permission.RuntimePermissionPresenter$RemoteService.processMessage:186 android.content.pm.permission.RuntimePermissionPresenter.getAppPermissions:127 com.android.settings.applications.PermissionsSummaryHelper.getPermissionSummary:34 
08-15 21:33:06.542   744   744 W ContextImpl: Calling a method in the system process without a qualified user: android.app.ContextImpl.bindService:1425 android.content.ContextWrapper.bindService:636 android.content.pm.permission.RuntimePermissionPresenter$RemoteService.processMessage:186 android.content.pm.permission.RuntimePermissionPresenter.getAppPermissions:127 com.android.settings.applications.PermissionsSummaryHelper.getPermissionSummary:34 
08-15 21:33:14.295   223   228 D vold    : Remounting 10050 as mode read
08-15 21:33:14.306   428   649 I chatty  : uid=1000(system) VoldConnector expire 2 lines
08-15 21:33:14.308   428   845 I chatty  : uid=1000(system) Binder:428_6 expire 5 lines
08-15 21:33:14.309   223   228 D vold    : Remounting 10050 as mode write
08-15 21:33:20.889   744   744 W ContextImpl: Calling a method in the system process without a qualified user: android.app.ContextImpl.bindService:1425 android.content.ContextWrapper.bindService:636 android.content.pm.permission.RuntimePermissionPresenter$RemoteService.processMessage:186 android.content.pm.permission.RuntimePermissionPresenter.getAppPermissions:127 com.android.settings.applications.PermissionsSummaryHelper.getPermissionSummary:34 
08-15 21:33:23.280   428  3311 I chatty  : uid=1000(system) Binder:428_12 expire 10 lines
08-15 21:34:58.743   744   744 D StorageManager: probeEmmc find /sys/block/mmcblk1rpmb
08-15 21:35:06.507   428   687 I chatty  : uid=1000(system) Binder:428_4 expire 3 lines
08-15 21:35:33.588   428   633 I chatty  : uid=1000(system) UEventObserver expire 10 lines
08-15 21:35:33.589   428   535 I chatty  : uid=1000(system) FileObserver expire 10 lines
08-15 21:35:53.857   428  1311 I chatty  : uid=1000(system) Binder:428_F expire 4 lines
08-15 21:36:09.032  3777  3777 W ViewRootImpl[BindReagentActivity]: Cancelling event due to no window focus: KeyEvent { action=ACTION_UP, keyCode=KEYCODE_ENTER, scanCode=28, metaState=0, flags=0x28, repeatCount=0, eventTime=3416517, downTime=3416508, deviceId=8, source=0x101 }
08-15 21:36:09.032  3777  3777 W ViewRootImpl[BindReagentActivity]: Cancelling event due to no window focus: KeyEvent { action=ACTION_UP, keyCode=KEYCODE_ENTER, scanCode=28, metaState=0, flags=0x28, repeatCount=0, eventTime=3416517, downTime=3416508, deviceId=8, source=0x101 }
08-15 21:36:09.032  3777  3777 W ViewRootImpl[BindReagentActivity]: Cancelling event due to no window focus: KeyEvent { action=ACTION_UP, keyCode=KEYCODE_ENTER, scanCode=28, metaState=0, flags=0x28, repeatCount=0, eventTime=3416517, downTime=3416508, deviceId=8, source=0x101 }
08-15 21:36:09.042  3777  3777 W ViewRootImpl[BindReagentActivity]: Cancelling event due to no window focus: KeyEvent { action=ACTION_UP, keyCode=KEYCODE_ENTER, scanCode=28, metaState=0, flags=0x28, repeatCount=0, eventTime=3416517, downTime=3416508, deviceId=8, source=0x101 }
08-15 21:36:09.042  3777  3777 W ViewRootImpl[BindReagentActivity]: Cancelling event due to no window focus: KeyEvent { action=ACTION_UP, keyCode=KEYCODE_ENTER, scanCode=28, metaState=0, flags=0x28, repeatCount=0, eventTime=3416517, downTime=3416508, deviceId=8, source=0x101 }
08-15 21:36:09.042  3777  3777 W ViewRootImpl[BindReagentActivity]: Cancelling event due to no window focus: KeyEvent { action=ACTION_UP, keyCode=KEYCODE_ENTER, scanCode=28, metaState=0, flags=0x28, repeatCount=0, eventTime=3416517, downTime=3416508, deviceId=8, source=0x101 }
08-15 21:36:09.280  3777  3777 W ViewRootImpl[BindReagentResultActivity]: Cancelling event due to no window focus: KeyEvent { action=ACTION_UP, keyCode=KEYCODE_ENTER, scanCode=28, metaState=0, flags=0x28, repeatCount=0, eventTime=3416512, downTime=3416508, deviceId=8, source=0x101 }
08-15 21:36:09.280  3777  3777 W ViewRootImpl[BindReagentResultActivity]: Cancelling event due to no window focus: KeyEvent { action=ACTION_UP, keyCode=KEYCODE_ENTER, scanCode=28, metaState=0, flags=0x28, repeatCount=0, eventTime=3416512, downTime=3416508, deviceId=8, source=0x101 }
08-15 21:36:09.280  3777  3777 W ViewRootImpl[BindReagentResultActivity]: Cancelling event due to no window focus: KeyEvent { action=ACTION_UP, keyCode=KEYCODE_ENTER, scanCode=28, metaState=0, flags=0x28, repeatCount=0, eventTime=3416512, downTime=3416508, deviceId=8, source=0x101 }
08-15 21:36:09.280  3777  3777 W ViewRootImpl[BindReagentResultActivity]: Cancelling event due to no window focus: KeyEvent { action=ACTION_UP, keyCode=KEYCODE_ENTER, scanCode=28, metaState=0, flags=0x28, repeatCount=0, eventTime=3416512, downTime=3416508, deviceId=8, source=0x101 }
08-15 21:36:09.281  3777  3777 W ViewRootImpl[BindReagentResultActivity]: Cancelling event due to no window focus: KeyEvent { action=ACTION_UP, keyCode=KEYCODE_ENTER, scanCode=28, metaState=0, flags=0x28, repeatCount=0, eventTime=3416512, downTime=3416508, deviceId=8, source=0x101 }
08-15 21:36:09.281  3777  3777 W ViewRootImpl[BindReagentResultActivity]: Cancelling event due to no window focus: KeyEvent { action=ACTION_UP, keyCode=KEYCODE_ENTER, scanCode=28, metaState=0, flags=0x28, repeatCount=0, eventTime=3416512, downTime=3416508, deviceId=8, source=0x101 }
08-15 21:36:09.281  3777  3777 W ViewRootImpl[BindReagentResultActivity]: Cancelling event due to no window focus: KeyEvent { action=ACTION_UP, keyCode=KEYCODE_ENTER, scanCode=28, metaState=0, flags=0x28, repeatCount=0, eventTime=3416512, downTime=3416508, deviceId=8, source=0x101 }
08-15 21:36:09.281  3777  3777 W ViewRootImpl[BindReagentResultActivity]: Cancelling event due to no window focus: KeyEvent { action=ACTION_UP, keyCode=KEYCODE_ENTER, scanCode=28, metaState=0, flags=0x28, repeatCount=0, eventTime=3416512, downTime=3416508, deviceId=8, source=0x101 }
08-15 21:36:09.281  3777  3777 W ViewRootImpl[BindReagentResultActivity]: Cancelling event due to no window focus: KeyEvent { action=ACTION_UP, keyCode=KEYCODE_ENTER, scanCode=28, metaState=0, flags=0x28, repeatCount=0, eventTime=3416512, downTime=3416508, deviceId=8, source=0x101 }
08-15 21:36:16.617   428   509 I chatty  : uid=1000(system) android.bg expire 1 line
08-15 21:36:49.142   428   612 I chatty  : uid=1000(system) Binder:428_3 expire 3 lines
08-15 21:36:51.353   428  3448 I chatty  : uid=1000(system) Binder:428_14 expire 1 line
08-15 21:36:53.168   428   633 I chatty  : uid=1000(system) UEventObserver expire 20 lines
08-15 21:36:53.169   428   535 I chatty  : uid=1000(system) FileObserver expire 15 lines
08-15 21:37:03.860   428  2681 I chatty  : uid=1000(system) Binder:428_11 expire 2 lines
08-15 21:37:04.183   428   535 I chatty  : uid=1000(system) FileObserver expire 25 lines
08-15 21:37:04.352   428   510 I chatty  : uid=1000(system) ActivityManager expire 1 line
08-15 21:37:04.459   428   612 I chatty  : uid=1000(system) Binder:428_3 expire 18 lines
08-15 21:37:04.459   428   678 I chatty  : uid=1000(system) ConnectivitySer expire 61 lines
08-15 21:37:20.239  3777  4291 E ActivityThread: Failed to find provider info for com.huawei.hms
08-15 21:37:28.718  1264  1264 D StorageManager: probeEmmc find /sys/block/mmcblk1rpmb
08-15 21:37:29.129   428   633 I chatty  : uid=1000(system) UEventObserver expire 20 lines
08-15 21:37:36.503   428  1260 I chatty  : uid=1000(system) Binder:428_8 expire 7 lines
08-15 21:37:45.603   428  3624 I chatty  : uid=1000(system) Binder:428_16 expire 2 lines
08-15 21:38:18.172   428  1062 I chatty  : uid=1000(system) Binder:428_7 expire 6 lines
08-15 21:38:44.986   428  1262 I chatty  : uid=1000(system) Binder:428_9 expire 8 lines
08-15 21:39:03.158  3777  3777 W ViewRootImpl[BindReagentActivity]: Cancelling event due to no window focus: KeyEvent { action=ACTION_UP, keyCode=KEYCODE_ENTER, scanCode=28, metaState=0, flags=0x28, repeatCount=0, eventTime=3590637, downTime=3590628, deviceId=8, source=0x101 }
08-15 21:39:03.159  3777  3777 W ViewRootImpl[BindReagentActivity]: Cancelling event due to no window focus: KeyEvent { action=ACTION_UP, keyCode=KEYCODE_ENTER, scanCode=28, metaState=0, flags=0x28, repeatCount=0, eventTime=3590637, downTime=3590628, deviceId=8, source=0x101 }
08-15 21:39:03.159  3777  3777 W ViewRootImpl[BindReagentActivity]: Cancelling event due to no window focus: KeyEvent { action=ACTION_UP, keyCode=KEYCODE_ENTER, scanCode=28, metaState=0, flags=0x28, repeatCount=0, eventTime=3590637, downTime=3590628, deviceId=8, source=0x101 }
08-15 21:39:03.405  3777  3777 W ViewRootImpl[BindReagentResultActivity]: Cancelling event due to no window focus: KeyEvent { action=ACTION_UP, keyCode=KEYCODE_ENTER, scanCode=28, metaState=0, flags=0x28, repeatCount=0, eventTime=3590632, downTime=3590628, deviceId=8, source=0x101 }
08-15 21:39:03.405  3777  3777 W ViewRootImpl[BindReagentResultActivity]: Cancelling event due to no window focus: KeyEvent { action=ACTION_UP, keyCode=KEYCODE_ENTER, scanCode=28, metaState=0, flags=0x28, repeatCount=0, eventTime=3590632, downTime=3590628, deviceId=8, source=0x101 }
08-15 21:39:03.405  3777  3777 W ViewRootImpl[BindReagentResultActivity]: Cancelling event due to no window focus: KeyEvent { action=ACTION_UP, keyCode=KEYCODE_ENTER, scanCode=28, metaState=0, flags=0x28, repeatCount=0, eventTime=3590632, downTime=3590628, deviceId=8, source=0x101 }
08-15 21:39:03.405  3777  3777 W ViewRootImpl[BindReagentResultActivity]: Cancelling event due to no window focus: KeyEvent { action=ACTION_UP, keyCode=KEYCODE_ENTER, scanCode=28, metaState=0, flags=0x28, repeatCount=0, eventTime=3590632, downTime=3590628, deviceId=8, source=0x101 }
08-15 21:39:03.405  3777  3777 W ViewRootImpl[BindReagentResultActivity]: Cancelling event due to no window focus: KeyEvent { action=ACTION_UP, keyCode=KEYCODE_ENTER, scanCode=28, metaState=0, flags=0x28, repeatCount=0, eventTime=3590632, downTime=3590628, deviceId=8, source=0x101 }
08-15 21:39:03.405  3777  3777 W ViewRootImpl[BindReagentResultActivity]: Cancelling event due to no window focus: KeyEvent { action=ACTION_UP, keyCode=KEYCODE_ENTER, scanCode=28, metaState=0, flags=0x28, repeatCount=0, eventTime=3590632, downTime=3590628, deviceId=8, source=0x101 }
