08-15 21:55:08.883   257   319 D AudioHardwareTiny: do_out_standby,out = 0xe9fda180,device = 0x402
08-15 21:55:08.895  3777  4302 I chatty  : uid=10050(com.huanaixin.antigen) expire 4 lines
08-15 21:55:08.993   257   319 D alsa_route: route_set_controls() set route 24
08-15 21:55:08.993   257   319 D AudioHardwareTiny: close device
08-15 21:55:09.036  3777  3777 I chatty  : uid=10050(com.huanaixin.antigen) expire 87 lines
08-15 21:55:09.861  3777  6097 I chatty  : uid=10050(com.huanaixin.antigen) expire 2 lines
08-15 21:55:10.204  3777  6146 I chatty  : uid=10050(com.huanaixin.antigen) expire 9 lines
08-15 21:55:11.044   428  3312 I ActivityManager: START u0 {cmp=com.huanaixin.antigen/.main.view.MainActivity} from uid 10050 on display 0
08-15 21:55:11.075   428  3312 W ActivityManager: Duplicate finish request for ActivityRecord{af637f8 u0 com.huanaixin.antigen/.function.test.view.CleaningActivity t1509 f}
08-15 21:55:11.492  3777  4035 I chatty  : uid=10050(com.huanaixin.antigen) expire 1 line
08-15 21:55:13.808  3777  4037 I chatty  : uid=10050(com.huanaixin.antigen) expire 5 lines
08-15 21:55:14.193  1628  2048 D MainInitActivity: ...
08-15 21:55:14.207  1628  2048 D MainInitActivity: /storage/4552-4F43
08-15 21:55:14.210  1628  2048 I com.huaanxin.init: 0appimportace =400,packageName=com.android.launcher3
08-15 21:55:14.945  3777  4301 I chatty  : uid=10050(com.huanaixin.antigen) expire 6 lines
08-15 21:55:14.947  3777  6500 I chatty  : uid=10050(com.huanaixin.antigen) expire 22 lines
08-15 21:55:15.151  3777  4032 I chatty  : uid=10050(com.huanaixin.antigen) expire 4 lines
08-15 21:55:17.985  3777  6514 I chatty  : uid=10050(com.huanaixin.antigen) expire 8 lines
08-15 21:55:18.394   428  3448 W ActivityManager: No permission grants found for com.google.android.apps.photos
08-15 21:55:18.395   428  3448 W ActivityManager: No permission grants found for com.google.android.apps.photos
08-15 21:55:19.583   428  3448 W ActivityManager: No permission grants found for com.google.android.apps.photos
08-15 21:55:19.584   428  3619 W ActivityManager: No permission grants found for com.google.android.apps.photos
08-15 21:55:19.937  1409  6532 I XmpUtil : XMP parse: only JPEG file is supported
08-15 21:55:19.939  1409  6532 D skia    : --- SkAndroidCodec::NewFromStream returned null
08-15 21:55:19.942  1409  6533 I XmpUtil : XMP parse: only JPEG file is supported
08-15 21:55:19.965  1409  6531 I XmpUtil : XMP parse: only JPEG file is supported
08-15 21:55:19.966  1409  6531 D skia    : --- SkAndroidCodec::NewFromStream returned null
08-15 21:55:19.972  1409  6533 I XmpUtil : XMP parse: only JPEG file is supported
08-15 21:55:19.974  1409  6533 D skia    : --- SkAndroidCodec::NewFromStream returned null
08-15 21:55:20.001  1409  6532 I XmpUtil : XMP parse: only JPEG file is supported
08-15 21:55:20.004  1409  6532 D skia    : --- SkAndroidCodec::NewFromStream returned null
08-15 21:55:20.026   266   901 I chatty  : uid=1013(media) Binder:266_4 expire 74 lines
08-15 21:55:20.123  2353  6536 W FileSource: offset/length adjusted from 0/576460752303423487 to 0/0
08-15 21:55:20.133  2353  6536 E FileSource: Failed to open file 'content://media/external/video/media/6233'. (No such file or directory)
08-15 21:55:20.170   428  3619 W ActivityManager: No permission grants found for com.google.android.apps.photos
08-15 21:55:20.172   428  3619 W ActivityManager: No permission grants found for com.google.android.apps.photos
08-15 21:55:21.017   428  3312 W ActivityManager: No permission grants found for com.google.android.apps.photos
08-15 21:55:21.021   428  3312 W ActivityManager: No permission grants found for com.google.android.apps.photos
08-15 21:55:21.145  1409  1414 I art     : Compiler allocated 4MB to compile void abtq.run()
08-15 21:55:21.168  1409  1971 I XmpUtil : XMP parse: only JPEG file is supported
08-15 21:55:21.229  1409  1971 I XmpUtil : XMP parse: only JPEG file is supported
08-15 21:55:21.231  1409  1971 D skia    : --- SkAndroidCodec::NewFromStream returned null
08-15 21:55:21.252  1409  1971 I XmpUtil : XMP parse: only JPEG file is supported
08-15 21:55:21.253  1409  1971 D skia    : --- SkAndroidCodec::NewFromStream returned null
08-15 21:55:21.278  1409  1971 I XmpUtil : XMP parse: only JPEG file is supported
08-15 21:55:21.279  1409  1971 D skia    : --- SkAndroidCodec::NewFromStream returned null
08-15 21:55:21.301  1409  1971 I XmpUtil : XMP parse: only JPEG file is supported
08-15 21:55:21.302  1409  1971 D skia    : --- SkAndroidCodec::NewFromStream returned null
08-15 21:55:22.366   428   511 W ActivityManager:   Force finishing activity com.huanaixin.antigen/.main.view.MainActivity
08-15 21:55:22.368   257   319 D AudioHardwareTiny: start_output_stream device: 402
08-15 21:55:22.368   257   319 D AudioHardwareTiny: card0 id:rockchipes8316c
08-15 21:55:22.368   257   319 D AudioHardwareTiny: SPEAKER card, got card=0,device=0
08-15 21:55:22.368   257   319 D AudioHardwareTiny: card1 id:rockchiphdmi
08-15 21:55:22.368   257   319 D AudioHardwareTiny: HDMI card, got card=1,device=0
08-15 21:55:22.368   257   319 D AudioHardwareTiny: No exist proc/asound/card2/id, break and finish parsing
08-15 21:55:22.368   257   319 D AudioHardwareTiny: dump out device info
08-15 21:55:22.368   257   319 D AudioHardwareTiny: dev_info SPEAKER  card=0, device:0
08-15 21:55:22.368   257   319 D AudioHardwareTiny: dev_info HDMI  card=1, device:0
08-15 21:55:22.368   257   319 D AudioHardwareTiny: dev_info SPDIF  card=0, device:0
08-15 21:55:22.368   257   319 D AudioHardwareTiny: dev_info BT  card=0, device:0
08-15 21:55:22.368   257   319 D alsa_route: route_info->sound_card 0, route_info->devices 0  
08-15 21:55:22.369   257   319 D AudioHardwareTiny: The current HDMI is DVI mode
08-15 21:55:22.378   428   511 W ActivityManager:   Force finishing activity com.huanaixin.antigen/.main.view.MainActivity
08-15 21:55:22.379   428   511 W ActivityManager: Duplicate finish request for ActivityRecord{18e6b1b u0 com.huanaixin.antigen/.main.view.MainActivity t1509 f}
08-15 21:55:22.379   428   511 I ActivityManager: Killing 3777:com.huanaixin.antigen/u0a50 (adj 0): user request after error
08-15 21:55:22.529   428   539 W AppOps  : Finishing op nesting under-run: uid 1000 pkg android code 24 time=0 duration=0 nesting=0
08-15 21:55:22.597   428   642 W InputDispatcher: channel '52792fb com.huanaixin.antigen (server)' ~ Consumer closed input channel or an error occurred.  events=0x9
08-15 21:55:22.598   428   642 E InputDispatcher: channel '52792fb com.huanaixin.antigen (server)' ~ Channel is unrecoverably broken and will be disposed!
08-15 21:55:22.598   428   642 W InputDispatcher: channel '89bd683 com.huanaixin.antigen/com.huanaixin.antigen.main.view.MainActivity (server)' ~ Consumer closed input channel or an error occurred.  events=0x9
08-15 21:55:22.598   428   642 E InputDispatcher: channel '89bd683 com.huanaixin.antigen/com.huanaixin.antigen.main.view.MainActivity (server)' ~ Channel is unrecoverably broken and will be disposed!
08-15 21:55:22.651   428  3619 D GraphicsStats: Buffer count: 8
08-15 21:55:22.651   428  3311 I WindowManager: WIN DEATH: Window{52792fb u0 com.huanaixin.antigen}
08-15 21:55:22.651   428  3311 W InputDispatcher: Attempted to unregister already unregistered input channel '52792fb com.huanaixin.antigen (server)'
08-15 21:55:22.652   263  4483 E OMXNodeInstance: !!! Observer died. Quickly, do something, ... anything...
08-15 21:55:22.652   428  3448 D ActivityManager: cleanUpApplicationRecord -- 3777
08-15 21:55:22.652   263  2433 E OMXNodeInstance: !!! Observer died. Quickly, do something, ... anything...
08-15 21:55:22.653   428  3448 W ActivityManager: Scheduling restart of crashed service com.huanaixin.antigen/.SerialPortService in 1000ms
08-15 21:55:22.653   428  3448 W ActivityManager: Scheduling restart of crashed service com.huanaixin.antigen/.RecoService in 10999ms
08-15 21:55:22.654   266  1074 I chatty  : uid=1013(media) Binder:266_6 expire 65 lines
08-15 21:55:22.654   266  6507 I chatty  : uid=1013(media) /system/bin/mediaserver expire 30 lines
08-15 21:55:22.656   266  6508 I chatty  : uid=1013(media) /system/bin/mediaserver expire 1 line
08-15 21:55:22.656   266  6539 I chatty  : uid=1013(media) /system/bin/mediaserver expire 5 lines
08-15 21:55:22.656   428  3311 W AppOps  : Finishing op nesting under-run: uid 10050 pkg com.huanaixin.antigen code 24 time=0 duration=0 nesting=0
08-15 21:55:22.659   428  2681 I WindowManager: WIN DEATH: Window{89bd683 u0 com.huanaixin.antigen/com.huanaixin.antigen.main.view.MainActivity}
08-15 21:55:22.659   428  2681 W InputDispatcher: Attempted to unregister already unregistered input channel '89bd683 com.huanaixin.antigen/com.huanaixin.antigen.main.view.MainActivity (server)'
08-15 21:55:22.731  3216  3236 D mali_winsys: EGLint new_window_surface(egl_winsys_display *, void *, EGLSurface, EGLConfig, egl_winsys_surface **, egl_color_buffer_format *, EGLBoolean) returns 0x3000
08-15 21:55:22.874  4105  4105 I chatty  : uid=10050 com.huanaixin.antigen:reagentaction expire 36 lines
08-15 21:55:23.296  3216  3236 W OpenGLRenderer: Incorrectly called buildLayer on View: ShortcutAndWidgetContainer, destroying layer...
08-15 21:55:23.669   428   510 I ActivityManager: Start proc 6541:com.huanaixin.antigen/u0a50 for service com.huanaixin.antigen/.SerialPortService
08-15 21:55:23.671  6541  6541 I chatty  : uid=10050(com.huanaixin.antigen) expire 182 lines
08-15 21:55:23.877  6541  6559 I chatty  : uid=10050(com.huanaixin.antigen) pool-3-thread-1 expire 2 lines
08-15 21:55:23.989  6541  6562 I chatty  : uid=10050(com.huanaixin.antigen) pool-4-thread-2 expire 10 lines
08-15 21:55:23.991  6541  6561 I chatty  : uid=10050(com.huanaixin.antigen) pool-4-thread-1 expire 13 lines
08-15 21:55:24.006  6541  6563 I chatty  : uid=10050(com.huanaixin.antigen) pool-4-thread-3 expire 4 lines
08-15 21:55:24.250  1628  2048 D MainInitActivity: ...
08-15 21:55:24.256  1628  2048 D MainInitActivity: /storage/4552-4F43
08-15 21:55:24.259  1628  2048 I com.huaanxin.init: 0appimportace =100,packageName=com.android.launcher3
08-15 21:55:24.259  1628  2048 I com.huaanxin.init: 4appimportace =300,context.getClass().getName()=android.app
08-15 21:55:24.259  1628  2048 I com.huaanxin.init: com.huanaixin.antigen
08-15 21:55:24.331   428  3312 I ActivityManager: START u0 {act=android.intent.action.MAIN cat=[android.intent.category.LAUNCHER] flg=0x10200000 cmp=com.huanaixin.antigen/.main.view.MainActivity bnds=[161,97][313,335] (has extras)} from uid 10033 on display 0
08-15 21:55:25.032  6541  6565 I chatty  : uid=10050(com.huanaixin.antigen) pool-3-thread-2 expire 2 lines
08-15 21:55:25.213  6541  6570 I chatty  : uid=10050(com.huanaixin.antigen) Thread-6 expire 25 lines
08-15 21:55:25.451   428  3312 I ActivityManager: START u0 {act=android.content.pm.action.REQUEST_PERMISSIONS pkg=com.android.packageinstaller cmp=com.android.packageinstaller/.permission.ui.GrantPermissionsActivity (has extras)} from uid 10050 on display 0
08-15 21:55:25.546  6541  6575 I chatty  : uid=10050(com.huanaixin.antigen) RenderThread expire 11 lines
08-15 21:55:25.654   782   782 W InputMethodService: Window size has been changed. This may cause jankiness of resizing window: -1 -> -2
08-15 21:55:25.658   782   782 I LatinIme: initialize() : Language = en
08-15 21:55:25.660   782  2133 I MainLoader: Running LM loader for en
08-15 21:55:25.661   782   782 I LatinIme: onActivate() : EditorInfo = Package = com.android.launcher3 : Type = Text : Learning = Disable : Suggestion = Hide : AutoCorrection = Disable : Microphone = Show
08-15 21:55:25.661   782  2133 I LanguageModelDatabase: findBestLanguageModelForKey() : No entries for en_US
08-15 21:55:25.661   782  2133 I LanguageModelDatabase: findBestLanguageModelForKey() : No entries for en
08-15 21:55:25.661   782  2133 I MainLoader: Scheduling task to download LM for subtype: en
08-15 21:55:25.662   782  2133 I LanguageModelDatabase: findBestLanguageModelForKey() : No entries for en_US
08-15 21:55:25.662   782  2133 I LanguageModelUpdater: Subtype: en. No usable LM and no available LM for locale: en_US
08-15 21:55:25.662   782  2133 I LanguageModelDatabase: findBestLanguageModelForKey() : No entries for en
08-15 21:55:25.662   782  2133 I LanguageModelUpdater: Subtype: en. No usable LM and no available LM for locale: en
08-15 21:55:25.662   782  2133 I LanguageModelUpdater: No LM found to download for Subtype: en
08-15 21:55:25.663  3216  3216 W IInputConnectionWrapper: beginBatchEdit on inactive InputConnection
08-15 21:55:25.663  3216  3216 W IInputConnectionWrapper: getSelectedText on inactive InputConnection
08-15 21:55:25.666  3216  3216 W IInputConnectionWrapper: endBatchEdit on inactive InputConnection
08-15 21:55:25.666  3216  3216 W IInputConnectionWrapper: getTextBeforeCursor on inactive InputConnection
08-15 21:55:25.677  3216  3216 W IInputConnectionWrapper: getTextAfterCursor on inactive InputConnection
08-15 21:55:25.687   782   782 E AndroidIME: dV: Undefined Keyboard State: LANG_ZH_CN
08-15 21:55:25.690   782   782 I LatinMotionHandler: consumeEvent() : GestureTypingEnabled = true
08-15 21:55:25.699  3216  3216 W IInputConnectionWrapper: reportFullscreenMode on inexistent InputConnection
08-15 21:55:25.700   782   782 I LatinIme: abortComposing()
08-15 21:55:25.700  3216  3216 W IInputConnectionWrapper: finishComposingText on inactive InputConnection
08-15 21:55:25.701  3216  3216 W IInputConnectionWrapper: beginBatchEdit on inactive InputConnection
08-15 21:55:25.701  3216  3216 W IInputConnectionWrapper: getSelectedText on inactive InputConnection
08-15 21:55:25.702  3216  3216 W IInputConnectionWrapper: endBatchEdit on inactive InputConnection
08-15 21:55:25.702  3216  3216 W IInputConnectionWrapper: getTextBeforeCursor on inactive InputConnection
08-15 21:55:25.702  3216  3216 W IInputConnectionWrapper: getTextAfterCursor on inactive InputConnection
08-15 21:55:25.704   782   782 I LatinIme: onDeactivate()
08-15 21:55:25.706  3216  3216 W IInputConnectionWrapper: finishComposingText on inactive InputConnection
08-15 21:55:25.708   782   782 I LatinIme: initialize() : Language = en
08-15 21:55:25.712   782   782 I LatinIme: onActivate() : EditorInfo = Package = com.huanaixin.antigen : Type = Text : Learning = Enable : Suggestion = Show : AutoCorrection = Enable : Microphone = Show
08-15 21:55:25.713   782  2133 I MainLoader: Running LM loader for en
08-15 21:55:25.715   782  2133 I LanguageModelDatabase: findBestLanguageModelForKey() : No entries for en_US
08-15 21:55:25.716   782  2133 I LanguageModelDatabase: findBestLanguageModelForKey() : No entries for en
08-15 21:55:25.716   782  2133 I MainLoader: Scheduling task to download LM for subtype: en
08-15 21:55:25.719   782  2133 I LanguageModelDatabase: findBestLanguageModelForKey() : No entries for en_US
08-15 21:55:25.720   782  2133 I LanguageModelUpdater: Subtype: en. No usable LM and no available LM for locale: en_US
08-15 21:55:25.720   782  2133 I LanguageModelDatabase: findBestLanguageModelForKey() : No entries for en
08-15 21:55:25.720   782  2133 I LanguageModelUpdater: Subtype: en. No usable LM and no available LM for locale: en
08-15 21:55:25.720   782  2133 I LanguageModelUpdater: No LM found to download for Subtype: en
08-15 21:55:25.884  1228  6592 I chatty  : uid=1027(nfc) com.android.nfc expire 55 lines
08-15 21:55:25.887  1228  3871 I chatty  : uid=1027(nfc) com.android.nfc expire 111 lines
08-15 21:55:25.889  1228  3872 I chatty  : uid=1027(nfc) com.android.nfc expire 24 lines
08-15 21:55:25.889  1228  3873 I chatty  : uid=1027(nfc) com.android.nfc expire 26 lines
08-15 21:55:25.893  1228  3874 I chatty  : uid=1027(nfc) com.android.nfc expire 5 lines
08-15 21:55:25.894  1228  3876 I chatty  : uid=1027(nfc) com.android.nfc expire 5 lines
08-15 21:55:25.894  1228  3875 I chatty  : uid=1027(nfc) com.android.nfc expire 5 lines
08-15 21:55:25.916  6541  6594 I chatty  : uid=10050(com.huanaixin.antigen) pool-1-thread-1 expire 18 lines
08-15 21:55:25.979   782   782 W InputConnectionWrapper: Fixing selection indices to 0, 0
08-15 21:55:26.015   782   782 E AndroidIME: dV: Undefined Keyboard State: LANG_ZH_CN
08-15 21:55:26.019   782   782 I LatinMotionHandler: consumeEvent() : GestureTypingEnabled = true
08-15 21:55:26.040   782  2128 D mali_winsys: EGLint new_window_surface(egl_winsys_display *, void *, EGLSurface, EGLConfig, egl_winsys_surface **, egl_color_buffer_format *, EGLBoolean) returns 0x3000
08-15 21:55:26.130   782   782 I LatinIme: abortComposing()
08-15 21:55:26.132  6541  6546 I chatty  : uid=10050(com.huanaixin.antigen) Jit thread pool expire 12 lines
08-15 21:55:26.149   782   782 I LatinIme: onDeactivate()
08-15 21:55:26.153   782   782 W InputMethodService: Window size has been changed. This may cause jankiness of resizing window: -1 -> -2
08-15 21:55:26.198  6541  6603 I chatty  : uid=10050(com.huanaixin.antigen) expire 1 line
08-15 21:55:26.953  1228  3869 I chatty  : uid=1027(nfc) com.android.nfc expire 1 line
08-15 21:55:27.440   257   319 D AudioHardwareTiny: do_out_standby,out = 0xe9fda180,device = 0x402
08-15 21:55:27.481  6541  6605 I chatty  : uid=10050(com.huanaixin.antigen) LightThread-100 expire 45 lines
08-15 21:55:27.481  6541  6606 I chatty  : uid=10050(com.huanaixin.antigen) HeavyThread-101 expire 12 lines
08-15 21:55:27.549   257   319 D alsa_route: route_set_controls() set route 24
08-15 21:55:27.549   257   319 D AudioHardwareTiny: close device
08-15 21:55:28.980  6541  6608 I chatty  : uid=10050(com.huanaixin.antigen) expire 2 lines
08-15 21:55:29.458  6541  6611 I chatty  : uid=10050(com.huanaixin.antigen) expire 1 line
08-15 21:55:29.540  6541  6607 I chatty  : uid=10050(com.huanaixin.antigen) expire 1 line
08-15 21:55:29.568  6541  6617 I chatty  : uid=10050(com.huanaixin.antigen) expire 1 line
08-15 21:55:30.586   257   319 D AudioHardwareTiny: start_output_stream device: 402
08-15 21:55:30.586   257   319 D AudioHardwareTiny: card0 id:rockchipes8316c
08-15 21:55:30.586   257   319 D AudioHardwareTiny: SPEAKER card, got card=0,device=0
08-15 21:55:30.586   257   319 D AudioHardwareTiny: card1 id:rockchiphdmi
08-15 21:55:30.586   257   319 D AudioHardwareTiny: HDMI card, got card=1,device=0
08-15 21:55:30.586   257   319 D AudioHardwareTiny: No exist proc/asound/card2/id, break and finish parsing
08-15 21:55:30.586   257   319 D AudioHardwareTiny: dump out device info
08-15 21:55:30.586   257   319 D AudioHardwareTiny: dev_info SPEAKER  card=0, device:0
08-15 21:55:30.586   257   319 D AudioHardwareTiny: dev_info HDMI  card=1, device:0
08-15 21:55:30.586   257   319 D AudioHardwareTiny: dev_info SPDIF  card=0, device:0
08-15 21:55:30.586   257   319 D AudioHardwareTiny: dev_info BT  card=0, device:0
08-15 21:55:30.586   257   319 D alsa_route: route_info->sound_card 0, route_info->devices 0  
08-15 21:55:30.587   257   319 D AudioHardwareTiny: The current HDMI is DVI mode
08-15 21:55:30.632   428  2681 I ActivityManager: START u0 {cmp=com.huanaixin.antigen/.function.idverify.view.ChooseIdTypeActivity} from uid 10050 on display 0
08-15 21:55:30.853   266  6621 I chatty  : uid=1013(media) /system/bin/mediaserver expire 1 line
08-15 21:55:30.853   266  6622 I chatty  : uid=1013(media) /system/bin/mediaserver expire 133 lines
08-15 21:55:30.855   266  6623 I chatty  : uid=1013(media) /system/bin/mediaserver expire 73 lines
08-15 21:55:30.875   266  6626 I chatty  : uid=1013(media) /system/bin/mediaserver expire 6 lines
08-15 21:55:30.893   266  6625 I chatty  : uid=1013(media) /system/bin/mediaserver expire 2 lines
08-15 21:55:31.032   428   539 I ActivityManager: Displayed com.huanaixin.antigen/.function.idverify.view.ChooseIdTypeActivity: +387ms (total +6s688ms)
08-15 21:55:33.107   257  2592 D AudioHardwareTiny: adev_set_parameters: kvpairs = slice-weakly
08-15 21:55:33.462  1649  1722 I saturn_ota: [14280] CmdExecutor idle=true
08-15 21:55:33.463  1649  1722 I saturn_ota: [14280] post idle event
08-15 21:55:33.465  1628  1628 I saturn_ota: pluginIdleEvent:install=false,rollback=false
08-15 21:55:33.713   257   319 I AudioFlinger: BUFFER TIMEOUT: remove(4097) from active list on thread 0xe9b03500
08-15 21:55:33.897  1228  6627 I chatty  : uid=1027(nfc) com.android.nfc expire 234 lines
08-15 21:55:33.905  1228  6629 I chatty  : uid=1027(nfc) AsyncTask #29 expire 2 lines
08-15 21:55:33.905  1228  6630 I chatty  : uid=1027(nfc) com.android.nfc expire 2 lines
08-15 21:55:33.906  1228  6631 I chatty  : uid=1027(nfc) Thread-52 expire 843 lines
08-15 21:55:33.981  1228  6632 I chatty  : uid=1027(nfc) AsyncTask #29 expire 443 lines
08-15 21:55:33.981  1228  6633 I chatty  : uid=1027(nfc) AsyncTask #29 expire 371 lines
08-15 21:55:34.248  1228  6634 I chatty  : uid=1027(nfc) Thread-49 expire 18 lines
08-15 21:55:34.249  1228  6635 I chatty  : uid=1027(nfc) Thread-50 expire 21 lines
08-15 21:55:34.249  1228  6636 I chatty  : uid=1027(nfc) Thread-51 expire 18 lines
08-15 21:55:34.262  1228  6638 I chatty  : uid=1027(nfc) SoundPoolThread expire 3 lines
08-15 21:55:34.263  1228  6639 I chatty  : uid=1027(nfc) com.android.nfc expire 3 lines
08-15 21:55:34.265   263  2433 I OMXMaster: makeComponentInstance(OMX.google.vorbis.decoder) in mediacodec process
08-15 21:55:34.273  1628  2048 D MainInitActivity: ...
08-15 21:55:34.278  1628  2048 D MainInitActivity: /storage/4552-4F43
08-15 21:55:34.280  1628  2048 I com.huaanxin.init: 0appimportace =100,packageName=com.huanaixin.antigen
08-15 21:55:34.280  1628  2048 I com.huaanxin.init: 0appimportace =100,context.getClass().getName()=android.app
08-15 21:55:34.280  1628  2048 I com.huaanxin.init: com.huanaixin.antigen
08-15 21:55:34.400   428  1260 I ActivityManager: START u0 {cmp=com.huanaixin.antigen/.function.idverify.view.CheckIdHaveCardActivity} from uid 10050 on display 0
08-15 21:55:34.463  1649  1649 I saturn_ota: putCommand IdleCmd_IDLE
08-15 21:55:34.463  1649  1649 I saturn_ota: runTask=14280,queueSize=0
08-15 21:55:34.464  1649  1722 I saturn_ota: [14280] begin [IdleCmd_IDLE][1]
08-15 21:55:34.464  1649  1722 I saturn_ota: [14280] complete [IdleCmd_IDLE][true][0]
08-15 21:55:34.464  1649  1722 I saturn_ota: [14280] executed:size:0
08-15 21:55:34.506  1228  6643 I chatty  : uid=1027(nfc) com.android.nfc expire 3 lines
08-15 21:55:34.509   263  2433 I OMXMaster: makeComponentInstance(OMX.google.vorbis.decoder) in mediacodec process
08-15 21:55:34.537   266  6644 I chatty  : uid=1013(media) /system/bin/mediaserver expire 6 lines
08-15 21:55:34.543   266  1074 I chatty  : uid=1013(media) Binder:266_6 expire 122 lines
08-15 21:55:34.545   266   901 I chatty  : uid=1013(media) Binder:266_4 expire 38 lines
08-15 21:55:34.555   266  6646 I chatty  : uid=1013(media) /system/bin/mediaserver expire 1 line
08-15 21:55:34.555   266  6647 I chatty  : uid=1013(media) /system/bin/mediaserver expire 133 lines
08-15 21:55:34.556   266   356 I chatty  : uid=1013(media) Binder:266_1 expire 69 lines
08-15 21:55:34.557   266  6648 I chatty  : uid=1013(media) /system/bin/mediaserver expire 73 lines
08-15 21:55:34.575   266  6652 I chatty  : uid=1013(media) /system/bin/mediaserver expire 6 lines
08-15 21:55:34.576   266  6651 I chatty  : uid=1013(media) /system/bin/mediaserver expire 1 line
08-15 21:55:34.625  1228  6655 I chatty  : uid=1027(nfc) com.android.nfc expire 3 lines
08-15 21:55:34.626   263  4412 I OMXMaster: makeComponentInstance(OMX.google.vorbis.decoder) in mediacodec process
08-15 21:55:34.711   428   539 I ActivityManager: Displayed com.huanaixin.antigen/.function.idverify.view.CheckIdHaveCardActivity: +299ms
08-15 21:55:36.359   257  1148 D AudioHardwareTiny: adev_set_parameters: kvpairs = slice-weakly
08-15 21:55:37.065  2004  2042 I mars::stn: [longlink_connect_monitor.cc, OnHeartbeatAlarmSet, 448]:longlink_progress on_heartbeat_set, time: 4584558, time interval:210000
08-15 21:55:37.352  2004  2042 I mars::stn: [longlink_connect_monitor.cc, OnHeartbeatAlarmSet, 448]:longlink_progress on_heartbeat_set, time: 4584845, time interval:210000
08-15 21:55:38.330  1228  1228 I chatty  : uid=1027(nfc) com.android.nfc expire 14 lines
08-15 21:55:38.333  1228  6658 I chatty  : uid=1027(nfc) com.android.nfc expire 1 line
08-15 21:55:38.338   428  3448 I ActivityManager: START u0 {act=android.nfc.action.TAG_DISCOVERED flg=0x20000000 cmp=com.huanaixin.antigen/.function.idverify.view.CheckIdHaveCardActivity (has extras)} from uid 10050 on display 0
08-15 21:55:38.338   428  3448 W ActivityManager: startActivity called from non-Activity context; forcing Intent.FLAG_ACTIVITY_NEW_TASK for: Intent { act=android.nfc.action.TAG_DISCOVERED flg=0x20000000 cmp=com.huanaixin.antigen/.function.idverify.view.CheckIdHaveCardActivity (has extras) }
08-15 21:55:38.350  1228  2220 I chatty  : uid=1027(nfc) Binder:1228_7 expire 71 lines
08-15 21:55:38.362  6541  6661 I chatty  : uid=10050(com.huanaixin.antigen) pool-7-thread-1 expire 1 line
08-15 21:55:38.561  1228  1448 I chatty  : uid=1027(nfc) Binder:1228_6 expire 53 lines
08-15 21:55:38.767  1228  1448 D StNfcJni: nativeNfcTag_doConnect: exit 0x0
08-15 21:55:38.769  1228  1448 D StNfcJni: nativeNfcTag_doTransceive: enter; raw=1; timeout = 1000
08-15 21:55:38.769  1228  1448 I NfcNciHal: NFA_SendRawFrame () data_len:7
08-15 21:55:38.769  1228  6631 I NfcNciHal: NFA got event 0x010C
08-15 21:55:38.769  1228  6631 I NfcNciHal: nfa_dm_evt_hdlr event: NFA_DM_API_RAW_FRAME_EVT (0x0c)
08-15 21:55:38.769  1228  6631 I NfcNciHal: nfa_dm_act_send_raw_frame ()
08-15 21:55:38.769  1228  6631 I NfcNciHal: nfc_ncif_send_data :connId:0, num_buff:1 qc:0
08-15 21:55:38.769  1228  6631 D NfcAdaptation: NfcAdaptation::HalWrite
08-15 21:55:38.769  1228  6631 D NfcNciHal: NFC-NCI HAL: hal_write
08-15 21:55:38.769  1228  6632 D NfcHal  : received new NCI data from stack
08-15 21:55:38.769  1228  6632 D NfcHal  : trigger transport of next NCI data downstream
08-15 21:55:38.769  1228  6632 D NfcHal  : !! got event HAL_EVENT_DSWRITE for 10 bytes
08-15 21:55:38.769  1228  6632 D NfcHalCore: TX DATA: 
08-15 21:55:38.769  1228  6632 D NfcHalCore: Tx 00 00 07 00 a4 00 00 02 60 13 
08-15 21:55:38.769  1228  6633 D NfcHalI2C: thread received command.. 
08-15 21:55:38.769  1228  6633 D NfcHalI2C: received write command
08-15 21:55:38.771  1228  6633 D NfcHalI2C: echo thread go to sleep...
08-15 21:55:38.771  1228  6633 D NfcHalI2C: echo thread wakeup from chip...
08-15 21:55:38.772  1228  6633 D NfcHalCore: RX DATA: 
08-15 21:55:38.772  1228  6633 D NfcHalCore: Rx 60 06 03 01 00 01 
08-15 21:55:38.772  1228  6632 D NfcHal  : received new data from CLF
08-15 21:55:38.772  1228  6632 D NfcHal  : !! got event HAL_EVENT_DATAIND for 6 bytes
08-15 21:55:38.772  1228  6632 D NfcNciHalWrapper: halWrapperDataCallback - mHalWrapperState = 4
08-15 21:55:38.772  1228  6632 D NfcAdaptation: NfcAdaptation::HalDeviceContextDataCallback: len=6
08-15 21:55:38.772  1228  6631 I NfcNciHal: NFC received ntf gid:0
08-15 21:55:38.772  1228  6631 I NfcNciHal: nci_proc_core_ntf opcode:0x6
08-15 21:55:38.772  1228  6631 I NfcNciHal: nfc_ncif_send_data :connId:0, num_buff:1 qc:0
08-15 21:55:38.772  1228  6633 D NfcHalI2C: echo thread go to sleep...
08-15 21:55:38.773  1228  6633 D NfcHalI2C: echo thread wakeup from chip...
08-15 21:55:38.774  1228  6633 D NfcHalCore: RX DATA: 
08-15 21:55:38.774  1228  6633 D NfcHalCore: Rx 00 00 03 90 00 00 
08-15 21:55:38.774  1228  6632 D NfcHal  : received new data from CLF
08-15 21:55:38.774  1228  6632 D NfcHal  : !! got event HAL_EVENT_DATAIND for 6 bytes
08-15 21:55:38.774  1228  6632 D NfcNciHalWrapper: halWrapperDataCallback - mHalWrapperState = 4
08-15 21:55:38.774  1228  6632 D NfcAdaptation: NfcAdaptation::HalDeviceContextDataCallback: len=6
08-15 21:55:38.774  1228  6631 I NfcNciHal: NFC received data
08-15 21:55:38.774  1228  6631 I NfcNciHal: nfc_ncif_proc_data 0x000003
08-15 21:55:38.774  1228  6631 I NfcNciHal: nfc_ncif_proc_data len:3
08-15 21:55:38.774  1228  6631 I NfcNciHal: rw_ci_data_cback () event = 0x6003
08-15 21:55:38.774  1228  6631 I NfcNciHal: RW CI state: <IDLE (1)>
08-15 21:55:38.774  1228  6631 I NfcNciHal: RW CI Raw Frame: Len [0x3] Status [OK]
08-15 21:55:38.774  1228  6631 I NfcNciHal: nfa_rw_cback: event=0xd2
08-15 21:55:38.774  1228  6631 I NfcNciHal: nfa_rw_handle_ci_evt() event = 0xD2
08-15 21:55:38.774  1228  6631 I NfcNciHal: nfa_rw_send_data_to_upper: Len [0x3] Status [OK]
08-15 21:55:38.774  1228  6631 I NfcNciHal: nfa_dm_act_conn_cback_notify (): event:0x9
08-15 21:55:38.774  1228  6631 D StNfcJni: nfaConnectionCallback: event= 9
08-15 21:55:38.774  1228  6631 D StNfcJni: nfaConnectionCallback: NFA_DATA_EVT: status = 0x0, len = 3
08-15 21:55:38.774  1228  6631 D StNfcJni: nativeNfcTag_doTransceiveStatus: data len=3
08-15 21:55:38.774  1228  1448 D StNfcJni: nativeNfcTag_doTransceive: response 3 bytes
08-15 21:55:38.775  1228  6633 D NfcHalI2C: echo thread go to sleep...
08-15 21:55:38.775  1228  1448 D StNfcJni: nativeNfcTag_doTransceive: exit
08-15 21:55:38.776  1228  1448 D StNfcJni: stNfcManager_doResetTimeouts
08-15 21:55:38.777  1228  1448 D StNfcJni: nativeNfcTag_doReconnect: enter
08-15 21:55:38.777  1228  1448 D StNfcJni: nativeNfcTag_doReconnect: exit 0x0
08-15 21:55:38.779  1228  2220 D StNfcJni: nativeNfcTag_doHandleReconnect: targetHandle = 0
08-15 21:55:38.779  1228  2220 D StNfcJni: nativeNfcTag_doConnect: targetHandle = 0
08-15 21:55:38.779  1228  2220 D StNfcJni: nativeNfcTag_doConnect() Nfc type = 0, do nothing for non ISO_DEP
08-15 21:55:38.779  1228  2220 D StNfcJni: nativeNfcTag_doConnect: exit 0x0
08-15 21:55:38.781  1228  2220 D StNfcJni: nativeNfcTag_doTransceive: enter; raw=1; timeout = 1000
08-15 21:55:38.782  1228  2220 I NfcNciHal: NFA_SendRawFrame () data_len:5
08-15 21:55:38.782  1228  6631 I NfcNciHal: NFA got event 0x010C
08-15 21:55:38.782  1228  6631 I NfcNciHal: nfa_dm_evt_hdlr event: NFA_DM_API_RAW_FRAME_EVT (0x0c)
08-15 21:55:38.782  1228  6631 I NfcNciHal: nfa_dm_act_send_raw_frame ()
08-15 21:55:38.782  1228  6631 I NfcNciHal: nfc_ncif_send_data :connId:0, num_buff:1 qc:0
08-15 21:55:38.782  1228  6631 D NfcAdaptation: NfcAdaptation::HalWrite
08-15 21:55:38.782  1228  6631 D NfcNciHal: NFC-NCI HAL: hal_write
08-15 21:55:38.782  1228  6632 D NfcHal  : received new NCI data from stack
08-15 21:55:38.782  1228  6632 D NfcHal  : trigger transport of next NCI data downstream
08-15 21:55:38.782  1228  6632 D NfcHal  : !! got event HAL_EVENT_DSWRITE for 8 bytes
08-15 21:55:38.782  1228  6632 D NfcHalCore: TX DATA: 
08-15 21:55:38.782  1228  6632 D NfcHalCore: Tx 00 00 05 80 b0 00 00 f0 
08-15 21:55:38.782  1228  6633 D NfcHalI2C: thread received command.. 
08-15 21:55:38.782  1228  6633 D NfcHalI2C: received write command
08-15 21:55:38.783  1228  6633 D NfcHalI2C: echo thread go to sleep...
08-15 21:55:38.783  1228  6633 D NfcHalI2C: echo thread wakeup from chip...
08-15 21:55:38.784  1228  6633 D NfcHalCore: RX DATA: 
08-15 21:55:38.784  1228  6633 D NfcHalCore: Rx 60 06 03 01 00 01 
08-15 21:55:38.784  1228  6632 D NfcHal  : received new data from CLF
08-15 21:55:38.784  1228  6632 D NfcHal  : !! got event HAL_EVENT_DATAIND for 6 bytes
08-15 21:55:38.784  1228  6632 D NfcNciHalWrapper: halWrapperDataCallback - mHalWrapperState = 4
08-15 21:55:38.784  1228  6632 D NfcAdaptation: NfcAdaptation::HalDeviceContextDataCallback: len=6
08-15 21:55:38.784  1228  6631 I NfcNciHal: NFC received ntf gid:0
08-15 21:55:38.784  1228  6631 I NfcNciHal: nci_proc_core_ntf opcode:0x6
08-15 21:55:38.784  1228  6631 I NfcNciHal: nfc_ncif_send_data :connId:0, num_buff:1 qc:0
08-15 21:55:38.784  1228  6633 D NfcHalI2C: echo thread go to sleep...
08-15 21:55:38.808  1228  6633 D NfcHalI2C: echo thread wakeup from chip...
08-15 21:55:38.831  1228  6633 D NfcHalCore: RX DATA: 
08-15 21:55:38.831  1228  6633 D NfcHalCore: Rx 00 00 f3 48 bc f9 b8 ab 58 ec 3f 09 24 f5 8b a5 2a e5 b2 28 89 8d 98 32 21 0d 82 50 45 b8 49 8c 
08-15 21:55:38.831  1228  6633 D NfcHalCore: 2a 1b 1e 73 a1 f0 e5 e9 ea 7b 47 a8 8b e4 21 b1 6a 28 74 6d b1 f4 8c e3 6b af 49 4f 26 14 ec 48 
08-15 21:55:38.831  1228  6633 D NfcHalCore: 06 b4 18 6c e3 f8 98 84 b7 79 d9 f5 5b 99 32 30 b5 95 f5 28 94 ba 9f 98 15 44 c7 d6 dd d4 c7 ba 
08-15 21:55:38.831  1228  6633 D NfcHalCore: fd ed 18 56 24 5b 02 6f 87 64 ee 45 24 ba f4 35 e0 e8 0a e9 38 ef 67 fb 48 b6 9e 4f 08 c6 8d 23 
08-15 21:55:38.831  1228  6633 D NfcHalCore: 38 5a b8 e3 b4 19 ba 07 94 76 52 51 25 3a ac bf 10 31 a5 df 7f 80 6c 1a 95 03 69 cc dc bf 81 56 
08-15 21:55:38.831  1228  6633 D NfcHalCore: e7 29 7c d6 51 d8 f5 2b 2c 5b b1 cf 8f 83 23 67 1a 8c ab 2e e5 2b 83 1a 68 39 43 98 c1 d7 7c 3f 
08-15 21:55:38.831  1228  6633 D NfcHalCore: d0 96 66 bb c5 57 44 e2 26 4e e2 4d 47 4c 6e f2 0d 37 da 21 b8 8c 85 15 a9 b4 d2 63 1d 78 4d da 
08-15 21:55:38.831  1228  6633 D NfcHalCore: dd 3f d2 45 69 a0 45 17 19 54 6f 0a 1d 99 ca 61 86 e6 63 90 00 00 
08-15 21:55:38.831  1228  6632 D NfcHal  : received new data from CLF
08-15 21:55:38.831  1228  6632 D NfcHal  : !! got event HAL_EVENT_DATAIND for 246 bytes
08-15 21:55:38.831  1228  6632 D NfcNciHalWrapper: halWrapperDataCallback - mHalWrapperState = 4
08-15 21:55:38.832  1228  6632 D NfcAdaptation: NfcAdaptation::HalDeviceContextDataCallback: len=246
08-15 21:55:38.832  1228  6631 I NfcNciHal: NFC received data
08-15 21:55:38.832  1228  6633 D NfcHalI2C: echo thread go to sleep...
08-15 21:55:38.832  1228  6631 I NfcNciHal: nfc_ncif_proc_data 0x0000f3
08-15 21:55:38.832  1228  6631 I NfcNciHal: nfc_ncif_proc_data len:243
08-15 21:55:38.832  1228  6631 I NfcNciHal: rw_ci_data_cback () event = 0x6003
08-15 21:55:38.832  1228  6631 I NfcNciHal: RW CI state: <IDLE (1)>
08-15 21:55:38.832  1228  6631 I NfcNciHal: RW CI Raw Frame: Len [0xF3] Status [OK]
08-15 21:55:38.832  1228  6631 I NfcNciHal: nfa_rw_cback: event=0xd2
08-15 21:55:38.832  1228  6631 I NfcNciHal: nfa_rw_handle_ci_evt() event = 0xD2
08-15 21:55:38.832  1228  6631 I NfcNciHal: nfa_rw_send_data_to_upper: Len [0xF3] Status [OK]
08-15 21:55:38.832  1228  6631 I NfcNciHal: nfa_dm_act_conn_cback_notify (): event:0x9
08-15 21:55:38.832  1228  6631 D StNfcJni: nfaConnectionCallback: event= 9
08-15 21:55:38.832  1228  6631 D StNfcJni: nfaConnectionCallback: NFA_DATA_EVT: status = 0x0, len = 243
08-15 21:55:38.832  1228  6631 D StNfcJni: nativeNfcTag_doTransceiveStatus: data len=243
08-15 21:55:38.832  1228  2220 D StNfcJni: nativeNfcTag_doTransceive: response 243 bytes
08-15 21:55:38.832  1228  2220 D StNfcJni: nativeNfcTag_doTransceive: exit
08-15 21:55:38.834  1228  2220 D StNfcJni: stNfcManager_doResetTimeouts
08-15 21:55:38.834  1228  2220 D StNfcJni: nativeNfcTag_doReconnect: enter
08-15 21:55:38.834  1228  2220 D StNfcJni: nativeNfcTag_doReconnect: exit 0x0
08-15 21:55:38.836  1228  2220 D StNfcJni: nativeNfcTag_doHandleReconnect: targetHandle = 0
08-15 21:55:38.836  1228  2220 D StNfcJni: nativeNfcTag_doConnect: targetHandle = 0
08-15 21:55:38.836  1228  2220 D StNfcJni: nativeNfcTag_doConnect() Nfc type = 0, do nothing for non ISO_DEP
08-15 21:55:38.836  1228  2220 D StNfcJni: nativeNfcTag_doConnect: exit 0x0
08-15 21:55:38.839  1228  1448 D StNfcJni: nativeNfcTag_doTransceive: enter; raw=1; timeout = 1000
08-15 21:55:38.839  1228  1448 I NfcNciHal: NFA_SendRawFrame () data_len:5
08-15 21:55:38.839  1228  6631 I NfcNciHal: NFA got event 0x010C
08-15 21:55:38.839  1228  6631 I NfcNciHal: nfa_dm_evt_hdlr event: NFA_DM_API_RAW_FRAME_EVT (0x0c)
08-15 21:55:38.839  1228  6631 I NfcNciHal: nfa_dm_act_send_raw_frame ()
08-15 21:55:38.839  1228  6631 I NfcNciHal: nfc_ncif_send_data :connId:0, num_buff:1 qc:0
08-15 21:55:38.839  1228  6631 D NfcAdaptation: NfcAdaptation::HalWrite
08-15 21:55:38.839  1228  6631 D NfcNciHal: NFC-NCI HAL: hal_write
08-15 21:55:38.839  1228  6632 D NfcHal  : received new NCI data from stack
08-15 21:55:38.839  1228  6632 D NfcHal  : trigger transport of next NCI data downstream
08-15 21:55:38.839  1228  6632 D NfcHal  : !! got event HAL_EVENT_DSWRITE for 8 bytes
08-15 21:55:38.839  1228  6632 D NfcHalCore: TX DATA: 
08-15 21:55:38.839  1228  6632 D NfcHalCore: Tx 00 00 05 80 b0 00 f0 f0 
08-15 21:55:38.839  1228  6633 D NfcHalI2C: thread received command.. 
08-15 21:55:38.839  1228  6633 D NfcHalI2C: received write command
08-15 21:55:38.840  1228  6633 D NfcHalI2C: echo thread go to sleep...
08-15 21:55:38.841  1228  6633 D NfcHalI2C: echo thread wakeup from chip...
08-15 21:55:38.842  1228  6633 D NfcHalCore: RX DATA: 
08-15 21:55:38.842  1228  6633 D NfcHalCore: Rx 60 06 03 01 00 01 
08-15 21:55:38.842  1228  6632 D NfcHal  : received new data from CLF
08-15 21:55:38.842  1228  6632 D NfcHal  : !! got event HAL_EVENT_DATAIND for 6 bytes
08-15 21:55:38.842  1228  6632 D NfcNciHalWrapper: halWrapperDataCallback - mHalWrapperState = 4
08-15 21:55:38.842  1228  6632 D NfcAdaptation: NfcAdaptation::HalDeviceContextDataCallback: len=6
08-15 21:55:38.842  1228  6631 I NfcNciHal: NFC received ntf gid:0
08-15 21:55:38.842  1228  6633 D NfcHalI2C: echo thread go to sleep...
08-15 21:55:38.842  1228  6631 I NfcNciHal: nci_proc_core_ntf opcode:0x6
08-15 21:55:38.842  1228  6631 I NfcNciHal: nfc_ncif_send_data :connId:0, num_buff:1 qc:0
08-15 21:55:38.865  1228  6633 D NfcHalI2C: echo thread wakeup from chip...
08-15 21:55:38.887  1664  2491 I qtaguid : Untagging socket -1 failed errno=-9
08-15 21:55:38.887  1664  2491 W NetworkManagementSocketTagger: untagSocket(-1) failed with errno -9
08-15 21:55:38.888  1228  6633 D NfcHalCore: RX DATA: 
08-15 21:55:38.888  1228  6633 D NfcHalCore: Rx 00 00 f3 ff a2 a2 c9 82 3f b6 ee 17 52 98 67 c1 54 03 ca c8 03 b1 cc 60 b3 42 27 cc c9 9e 42 61 
08-15 21:55:38.888  1228  6633 D NfcHalCore: 19 7e cd 82 43 6f e8 c2 7a 97 d0 f2 90 3d f6 f5 2f b5 dd 13 87 00 7a bd 6e 4a 3e 8c 3c 6a bb c5 
08-15 21:55:38.888  1228  6633 D NfcHalCore: 67 23 1e c0 4f da b5 24 ae d0 50 13 82 5b 79 1d ae bd 43 31 2d 8f 9d b2 61 d4 c1 42 9a 5c da f1 
08-15 21:55:38.888  1228  6633 D NfcHalCore: 01 e4 bd 2e 3b 4a 5d 89 98 09 e2 c7 c6 6b a9 bf b1 69 71 6a 02 f9 6d 1e bb 52 f0 d1 32 a9 98 5c 
08-15 21:55:38.889  1228  6633 D NfcHalCore: 4c ba ab 64 db 44 b7 80 38 f7 a8 a3 23 01 c3 2c 9a f9 92 3c b5 54 90 01 07 f9 ca 95 02 42 58 6b 
08-15 21:55:38.889  1228  6633 D NfcHalCore: b8 51 90 2a 2b 24 93 51 41 f6 87 b1 86 3c 19 33 69 8b eb 4b 96 ca 5c 4a 66 e7 50 1c 88 9f f8 64 
08-15 21:55:38.889  1228  6633 D NfcHalCore: a9 10 b2 cb de cd 5e 59 31 48 7b 7b 00 b7 e0 07 69 69 7b 00 61 ef 1d ed 73 98 33 b1 c6 77 67 78 
08-15 21:55:38.889  1228  6633 D NfcHalCore: 92 9d 97 db 4c 0e b2 ea 8a be 45 87 e8 3c 36 ef eb 6c 68 90 00 00 
08-15 21:55:38.889  1228  6632 D NfcHal  : received new data from CLF
08-15 21:55:38.889  1228  6632 D NfcHal  : !! got event HAL_EVENT_DATAIND for 246 bytes
08-15 21:55:38.889  1228  6632 D NfcNciHalWrapper: halWrapperDataCallback - mHalWrapperState = 4
08-15 21:55:38.889  1228  6632 D NfcAdaptation: NfcAdaptation::HalDeviceContextDataCallback: len=246
08-15 21:55:38.889  1228  6631 I NfcNciHal: NFC received data
08-15 21:55:38.889  1228  6631 I NfcNciHal: nfc_ncif_proc_data 0x0000f3
08-15 21:55:38.889  1228  6631 I NfcNciHal: nfc_ncif_proc_data len:243
08-15 21:55:38.889  1228  6633 D NfcHalI2C: echo thread go to sleep...
08-15 21:55:38.889  1228  6631 I NfcNciHal: rw_ci_data_cback () event = 0x6003
08-15 21:55:38.889  1228  6631 I NfcNciHal: RW CI state: <IDLE (1)>
08-15 21:55:38.889  1228  6631 I NfcNciHal: RW CI Raw Frame: Len [0xF3] Status [OK]
08-15 21:55:38.889  1228  6631 I NfcNciHal: nfa_rw_cback: event=0xd2
08-15 21:55:38.889  1228  6631 I NfcNciHal: nfa_rw_handle_ci_evt() event = 0xD2
08-15 21:55:38.889  1228  6631 I NfcNciHal: nfa_rw_send_data_to_upper: Len [0xF3] Status [OK]
08-15 21:55:38.889  1228  6631 I NfcNciHal: nfa_dm_act_conn_cback_notify (): event:0x9
08-15 21:55:38.889  1228  6631 D StNfcJni: nfaConnectionCallback: event= 9
08-15 21:55:38.889  1228  6631 D StNfcJni: nfaConnectionCallback: NFA_DATA_EVT: status = 0x0, len = 243
08-15 21:55:38.889  1228  6631 D StNfcJni: nativeNfcTag_doTransceiveStatus: data len=243
08-15 21:55:38.889  1228  1448 D StNfcJni: nativeNfcTag_doTransceive: response 243 bytes
08-15 21:55:38.889  1228  1448 D StNfcJni: nativeNfcTag_doTransceive: exit
08-15 21:55:38.891  1228  1448 D StNfcJni: stNfcManager_doResetTimeouts
08-15 21:55:38.892  1228  1448 D StNfcJni: nativeNfcTag_doReconnect: enter
08-15 21:55:38.892  1228  1448 D StNfcJni: nativeNfcTag_doReconnect: exit 0x0
08-15 21:55:38.894  1228  1448 D StNfcJni: nativeNfcTag_doHandleReconnect: targetHandle = 0
08-15 21:55:38.894  1228  1448 D StNfcJni: nativeNfcTag_doConnect: targetHandle = 0
08-15 21:55:38.894  1228  1448 D StNfcJni: nativeNfcTag_doConnect() Nfc type = 0, do nothing for non ISO_DEP
08-15 21:55:38.894  1228  1448 D StNfcJni: nativeNfcTag_doConnect: exit 0x0
08-15 21:55:38.896  1228  2220 D StNfcJni: nativeNfcTag_doTransceive: enter; raw=1; timeout = 1000
08-15 21:55:38.896  1228  2220 I NfcNciHal: NFA_SendRawFrame () data_len:5
08-15 21:55:38.896  1228  6631 I NfcNciHal: NFA got event 0x010C
08-15 21:55:38.896  1228  6631 I NfcNciHal: nfa_dm_evt_hdlr event: NFA_DM_API_RAW_FRAME_EVT (0x0c)
08-15 21:55:38.896  1228  6631 I NfcNciHal: nfa_dm_act_send_raw_frame ()
08-15 21:55:38.896  1228  6631 I NfcNciHal: nfc_ncif_send_data :connId:0, num_buff:1 qc:0
08-15 21:55:38.896  1228  6631 D NfcAdaptation: NfcAdaptation::HalWrite
08-15 21:55:38.896  1228  6631 D NfcNciHal: NFC-NCI HAL: hal_write
08-15 21:55:38.896  1228  6632 D NfcHal  : received new NCI data from stack
08-15 21:55:38.896  1228  6632 D NfcHal  : trigger transport of next NCI data downstream
08-15 21:55:38.896  1228  6632 D NfcHal  : !! got event HAL_EVENT_DSWRITE for 8 bytes
08-15 21:55:38.896  1228  6632 D NfcHalCore: TX DATA: 
08-15 21:55:38.896  1228  6632 D NfcHalCore: Tx 00 00 05 80 b0 01 e0 f0 
08-15 21:55:38.896  1228  6633 D NfcHalI2C: thread received command.. 
08-15 21:55:38.897  1228  6633 D NfcHalI2C: received write command
08-15 21:55:38.897  1228  6633 D NfcHalI2C: echo thread go to sleep...
08-15 21:55:38.898  1228  6633 D NfcHalI2C: echo thread wakeup from chip...
08-15 21:55:38.899  1228  6633 D NfcHalCore: RX DATA: 
08-15 21:55:38.899  1228  6633 D NfcHalCore: Rx 60 06 03 01 00 01 
08-15 21:55:38.899  1228  6632 D NfcHal  : received new data from CLF
08-15 21:55:38.899  1228  6632 D NfcHal  : !! got event HAL_EVENT_DATAIND for 6 bytes
08-15 21:55:38.899  1228  6632 D NfcNciHalWrapper: halWrapperDataCallback - mHalWrapperState = 4
08-15 21:55:38.899  1228  6632 D NfcAdaptation: NfcAdaptation::HalDeviceContextDataCallback: len=6
08-15 21:55:38.899  1228  6631 I NfcNciHal: NFC received ntf gid:0
08-15 21:55:38.899  1228  6633 D NfcHalI2C: echo thread go to sleep...
08-15 21:55:38.899  1228  6631 I NfcNciHal: nci_proc_core_ntf opcode:0x6
08-15 21:55:38.899  1228  6631 I NfcNciHal: nfc_ncif_send_data :connId:0, num_buff:1 qc:0
08-15 21:55:38.922  1228  6633 D NfcHalI2C: echo thread wakeup from chip...
08-15 21:55:38.945  1228  6633 D NfcHalCore: RX DATA: 
08-15 21:55:38.945  1228  6633 D NfcHalCore: Rx 00 00 f3 4d 05 d9 9b 26 23 4a 5b a3 5e 21 7b 06 17 91 6d c8 df 0c 08 b6 bd 2a c9 86 8a 64 b4 6d 
08-15 21:55:38.945  1228  6633 D NfcHalCore: 14 07 34 87 6e f8 b4 41 aa 69 cc b2 48 9d 91 a4 04 b6 ac 74 53 4a d0 80 3a 8b 29 14 d2 ab bc 25 
08-15 21:55:38.945  1228  6633 D NfcHalCore: 90 c8 a0 ec e3 53 8f c1 95 18 d3 18 22 40 fe ee 19 16 ea c9 cf d0 54 7b 3b ae 93 35 f4 93 d2 46 
08-15 21:55:38.945  1228  6633 D NfcHalCore: 75 1f 93 fe 59 32 20 72 45 44 43 6b b3 99 9f 29 8c 76 dd c6 d9 87 73 ac 60 a3 cd 3b ec 96 19 b5 
08-15 21:55:38.946  1228  6633 D NfcHalCore: 7d 37 7f be 52 4d a2 4e b8 49 11 5d f6 ba 4d 9a 39 c0 ce 92 7b 30 d8 13 9f 1d df 28 a1 90 94 15 
08-15 21:55:38.946  1228  6633 D NfcHalCore: 25 5f 72 c4 fe 67 50 4d 29 a8 11 12 dc 21 06 9a f9 7d d9 0e ab 98 b0 4a 40 3b bc 16 b1 6b 16 34 
08-15 21:55:38.946  1228  6633 D NfcHalCore: f5 c6 19 ac 69 84 3f 9a f0 8a be a2 84 50 3e fc 6f 03 79 59 95 fd b0 68 ba 97 30 f8 12 36 03 35 
08-15 21:55:38.946  1228  6633 D NfcHalCore: 79 cf ed 02 e6 e9 c9 e5 31 c2 aa b2 93 3d f2 b3 2c 38 d2 90 00 00 
08-15 21:55:38.946  1228  6632 D NfcHal  : received new data from CLF
08-15 21:55:38.946  1228  6632 D NfcHal  : !! got event HAL_EVENT_DATAIND for 246 bytes
08-15 21:55:38.946  1228  6632 D NfcNciHalWrapper: halWrapperDataCallback - mHalWrapperState = 4
08-15 21:55:38.946  1228  6632 D NfcAdaptation: NfcAdaptation::HalDeviceContextDataCallback: len=246
08-15 21:55:38.946  1228  6633 D NfcHalI2C: echo thread go to sleep...
08-15 21:55:38.946  1228  6631 I NfcNciHal: NFC received data
08-15 21:55:38.946  1228  6631 I NfcNciHal: nfc_ncif_proc_data 0x0000f3
08-15 21:55:38.946  1228  6631 I NfcNciHal: nfc_ncif_proc_data len:243
08-15 21:55:38.946  1228  6631 I NfcNciHal: rw_ci_data_cback () event = 0x6003
08-15 21:55:38.946  1228  6631 I NfcNciHal: RW CI state: <IDLE (1)>
08-15 21:55:38.946  1228  6631 I NfcNciHal: RW CI Raw Frame: Len [0xF3] Status [OK]
08-15 21:55:38.946  1228  6631 I NfcNciHal: nfa_rw_cback: event=0xd2
08-15 21:55:38.946  1228  6631 I NfcNciHal: nfa_rw_handle_ci_evt() event = 0xD2
08-15 21:55:38.946  1228  6631 I NfcNciHal: nfa_rw_send_data_to_upper: Len [0xF3] Status [OK]
08-15 21:55:38.946  1228  6631 I NfcNciHal: nfa_dm_act_conn_cback_notify (): event:0x9
08-15 21:55:38.946  1228  6631 D StNfcJni: nfaConnectionCallback: event= 9
08-15 21:55:38.946  1228  6631 D StNfcJni: nfaConnectionCallback: NFA_DATA_EVT: status = 0x0, len = 243
08-15 21:55:38.946  1228  6631 D StNfcJni: nativeNfcTag_doTransceiveStatus: data len=243
08-15 21:55:38.946  1228  2220 D StNfcJni: nativeNfcTag_doTransceive: response 243 bytes
08-15 21:55:38.946  1228  2220 D StNfcJni: nativeNfcTag_doTransceive: exit
08-15 21:55:38.948  1228  2220 D StNfcJni: stNfcManager_doResetTimeouts
08-15 21:55:38.949  1228  2220 D StNfcJni: nativeNfcTag_doReconnect: enter
08-15 21:55:38.949  1228  2220 D StNfcJni: nativeNfcTag_doReconnect: exit 0x0
08-15 21:55:38.951  1228  2220 D StNfcJni: nativeNfcTag_doHandleReconnect: targetHandle = 0
08-15 21:55:38.951  1228  2220 D StNfcJni: nativeNfcTag_doConnect: targetHandle = 0
08-15 21:55:38.951  1228  2220 D StNfcJni: nativeNfcTag_doConnect() Nfc type = 0, do nothing for non ISO_DEP
08-15 21:55:38.951  1228  2220 D StNfcJni: nativeNfcTag_doConnect: exit 0x0
08-15 21:55:38.953  1228  2220 D StNfcJni: nativeNfcTag_doTransceive: enter; raw=1; timeout = 1000
08-15 21:55:38.953  1228  2220 I NfcNciHal: NFA_SendRawFrame () data_len:5
08-15 21:55:38.954  1228  6631 I NfcNciHal: NFA got event 0x010C
08-15 21:55:38.954  1228  6631 I NfcNciHal: nfa_dm_evt_hdlr event: NFA_DM_API_RAW_FRAME_EVT (0x0c)
08-15 21:55:38.954  1228  6631 I NfcNciHal: nfa_dm_act_send_raw_frame ()
08-15 21:55:38.954  1228  6631 I NfcNciHal: nfc_ncif_send_data :connId:0, num_buff:1 qc:0
08-15 21:55:38.954  1228  6631 D NfcAdaptation: NfcAdaptation::HalWrite
08-15 21:55:38.954  1228  6631 D NfcNciHal: NFC-NCI HAL: hal_write
08-15 21:55:38.954  1228  6632 D NfcHal  : received new NCI data from stack
08-15 21:55:38.954  1228  6632 D NfcHal  : trigger transport of next NCI data downstream
08-15 21:55:38.954  1228  6632 D NfcHal  : !! got event HAL_EVENT_DSWRITE for 8 bytes
08-15 21:55:38.954  1228  6632 D NfcHalCore: TX DATA: 
08-15 21:55:38.954  1228  6632 D NfcHalCore: Tx 00 00 05 80 b0 02 d0 f0 
08-15 21:55:38.954  1228  6633 D NfcHalI2C: thread received command.. 
08-15 21:55:38.954  1228  6633 D NfcHalI2C: received write command
08-15 21:55:38.955  1228  6633 D NfcHalI2C: echo thread go to sleep...
08-15 21:55:38.955  1228  6633 D NfcHalI2C: echo thread wakeup from chip...
08-15 21:55:38.956  1228  6633 D NfcHalCore: RX DATA: 
08-15 21:55:38.956  1228  6633 D NfcHalCore: Rx 60 06 03 01 00 01 
08-15 21:55:38.957  1228  6632 D NfcHal  : received new data from CLF
08-15 21:55:38.957  1228  6632 D NfcHal  : !! got event HAL_EVENT_DATAIND for 6 bytes
08-15 21:55:38.957  1228  6632 D NfcNciHalWrapper: halWrapperDataCallback - mHalWrapperState = 4
08-15 21:55:38.957  1228  6632 D NfcAdaptation: NfcAdaptation::HalDeviceContextDataCallback: len=6
08-15 21:55:38.957  1228  6631 I NfcNciHal: NFC received ntf gid:0
08-15 21:55:38.957  1228  6633 D NfcHalI2C: echo thread go to sleep...
08-15 21:55:38.957  1228  6631 I NfcNciHal: nci_proc_core_ntf opcode:0x6
08-15 21:55:38.957  1228  6631 I NfcNciHal: nfc_ncif_send_data :connId:0, num_buff:1 qc:0
08-15 21:55:38.980  1228  6633 D NfcHalI2C: echo thread wakeup from chip...
08-15 21:55:39.004  1228  6633 D NfcHalCore: RX DATA: 
08-15 21:55:39.004  1228  6633 D NfcHalCore: Rx 00 00 f3 87 85 23 ef 9b 32 4c b6 48 2b 8e 63 94 11 c4 a2 6d 65 89 93 5c c2 8b b8 2f 10 c8 05 11 
08-15 21:55:39.004  1228  6633 D NfcHalCore: cf b4 50 fe 80 5d fd 2e db 30 b1 08 7f 50 ed be a5 6b ed ff 18 96 4a 65 6e 33 95 5c f7 28 ce 4c 
08-15 21:55:39.004  1228  6633 D NfcHalCore: 49 23 31 10 b3 42 27 89 40 f2 73 b5 4d 11 95 87 d8 60 8a 6d e9 5e 0e e6 37 7a 21 87 7e a0 51 b4 
08-15 21:55:39.004  1228  6633 D NfcHalCore: b5 26 4c c5 cc ec d1 cb d3 73 f1 89 5e 59 36 89 2d b0 f6 42 9a 11 09 6c 0b fd db c2 e8 87 18 ae 
08-15 21:55:39.004  1228  6633 D NfcHalCore: d8 da ce 4d 0d 01 6c 89 bc 1e b0 25 c0 ce f0 73 42 d0 55 41 ad 11 49 20 c4 4c ec 8a 6b 06 96 19 
08-15 21:55:39.004  1228  6633 D NfcHalCore: d2 bb 23 a3 f1 14 7b 8f 22 71 d7 2d f2 c0 e7 7d 8e 6e 05 d8 a4 f2 36 2a 23 d1 1a 1b 70 de a6 3f 
08-15 21:55:39.004  1228  6633 D NfcHalCore: b8 f9 cd 84 5d 52 35 43 4a 23 77 30 c0 e6 62 97 fb e8 d9 5b b3 41 83 28 40 82 2d 13 98 18 16 0a 
08-15 21:55:39.004  1228  6633 D NfcHalCore: 90 52 26 40 43 80 86 10 c9 1c fb 3d 7f 9f 2d 85 00 dd 52 90 00 00 
08-15 21:55:39.004  1228  6632 D NfcHal  : received new data from CLF
08-15 21:55:39.004  1228  6632 D NfcHal  : !! got event HAL_EVENT_DATAIND for 246 bytes
08-15 21:55:39.004  1228  6632 D NfcNciHalWrapper: halWrapperDataCallback - mHalWrapperState = 4
