08-06 21:51:09.189  2271  2271 W ViewRootImpl[BindReagentResultActivity]: Cancelling event due to no window focus: KeyEvent { action=ACTION_UP, keyCode=KEYCODE_ENTER, scanCode=28, metaState=0, flags=0x28, repeatCount=0, eventTime=286623, downTime=286619, deviceId=8, source=0x101 }
08-06 21:51:09.190  2271  2271 W ViewRootImpl[BindReagentResultActivity]: Cancelling event due to no window focus: KeyEvent { action=ACTION_UP, keyCode=KEYCODE_ENTER, scanCode=28, metaState=0, flags=0x28, repeatCount=0, eventTime=286623, downTime=286619, deviceId=8, source=0x101 }
08-06 21:51:09.190  2271  2271 W ViewRootImpl[BindReagentResultActivity]: Cancelling event due to no window focus: KeyEvent { action=ACTION_UP, keyCode=KEYCODE_ENTER, scanCode=28, metaState=0, flags=0x28, repeatCount=0, eventTime=286623, downTime=286619, deviceId=8, source=0x101 }
08-06 21:51:09.191  2271  2271 W ViewRootImpl[BindReagentResultActivity]: Cancelling event due to no window focus: KeyEvent { action=ACTION_UP, keyCode=KEYCODE_ENTER, scanCode=28, metaState=0, flags=0x28, repeatCount=0, eventTime=286623, downTime=286619, deviceId=8, source=0x101 }
08-06 21:51:29.101   429   626 I chatty  : uid=1000(system) UEventObserver expire 13 lines
08-06 21:51:29.102   429   530 I chatty  : uid=1000(system) FileObserver expire 42 lines
08-06 21:51:29.178   429   626 I chatty  : uid=1000(system) UEventObserver expire 27 lines
08-06 21:51:34.858   429  2270 I chatty  : uid=1000(system) Binder:429_D expire 2 lines
08-06 21:51:35.020  1215  1215 D StorageManager: probeEmmc find /sys/block/mmcblk1rpmb
08-06 21:51:37.259   429   429 I chatty  : uid=1000 system_server expire 9 lines
08-06 21:51:49.270  1215  1215 D StorageManager: probeEmmc find /sys/block/mmcblk1rpmb
08-06 21:51:51.320  1215  1215 D StorageManager: probeEmmc find /sys/block/mmcblk1rpmb
08-06 21:51:53.185  1215  1215 D StorageManager: probeEmmc find /sys/block/mmcblk1rpmb
08-06 21:52:25.049  1215  1215 D StorageManager: probeEmmc find /sys/block/mmcblk1rpmb
08-06 21:52:26.999  1215  1215 D StorageManager: probeEmmc find /sys/block/mmcblk1rpmb
08-06 21:52:28.975  1215  1215 D StorageManager: probeEmmc find /sys/block/mmcblk1rpmb
08-06 21:55:00.739  1215  1215 D StorageManager: probeEmmc find /sys/block/mmcblk1rpmb
08-06 21:55:02.726  1215  1215 D StorageManager: probeEmmc find /sys/block/mmcblk1rpmb
08-06 21:55:04.682  1215  1215 D StorageManager: probeEmmc find /sys/block/mmcblk1rpmb
08-06 21:56:46.076  1215  1215 D StorageManager: probeEmmc find /sys/block/mmcblk1rpmb
08-06 21:56:48.084  1215  1215 D StorageManager: probeEmmc find /sys/block/mmcblk1rpmb
08-06 21:56:50.146  1215  1215 D StorageManager: probeEmmc find /sys/block/mmcblk1rpmb
08-06 22:06:05.966   429  1832 I chatty  : uid=1000(system) Binder:429_A expire 15 lines
08-06 22:06:06.381   429   601 I chatty  : uid=1000(system) Binder:429_3 expire 6 lines
08-06 22:06:15.296   429  3169 I chatty  : uid=1000(system) Binder:429_11 expire 3 lines
08-06 22:06:18.236   429   552 I chatty  : uid=1000(system) PackageManager expire 17 lines
08-06 22:06:18.292  3240  3253 D StorageManager: probeEmmc find /sys/block/mmcblk1rpmb
08-06 22:06:26.358  1251  1251 W ContextImpl: Calling a method in the system process without a qualified user: android.app.ContextImpl.startService:1361 android.content.ContextWrapper.startService:613 android.content.ContextWrapper.startService:613 com.android.keychain.KeyChainBroadcastReceiver.onReceive:12 android.app.ActivityThread.handleReceiver:3050 
08-06 22:06:26.412   429  1832 I chatty  : uid=1000(system) Binder:429_A expire 6 lines
08-06 22:06:26.452   429   505 I chatty  : uid=1000(system) android.bg expire 2 lines
08-06 22:06:26.828   429  1891 I chatty  : uid=1000(system) Binder:429_B expire 8 lines
08-06 22:06:27.404   429  1040 I chatty  : uid=1000(system) Binder:429_7 expire 6 lines
08-06 22:07:34.949   429   791 I chatty  : uid=1000(system) Binder:429_5 expire 10 lines
08-06 22:07:35.485  3322  3322 W ViewRootImpl[MainActivity]: Cancelling event due to no window focus: MotionEvent { action=ACTION_CANCEL, actionButton=0, id[0]=0, x[0]=386.05893, y[0]=1356.3105, toolType[0]=TOOL_TYPE_MOUSE, buttonState=0, metaState=0, flags=0x0, edgeFlags=0x0, pointerCount=1, historySize=0, eventTime=1273106, downTime=1272442, deviceId=4, source=0x2002 }
08-06 22:07:35.485  3322  3322 W ViewRootImpl[MainActivity]: Cancelling event due to no window focus: MotionEvent { action=ACTION_CANCEL, actionButton=0, id[0]=0, x[0]=386.05893, y[0]=1356.3105, toolType[0]=TOOL_TYPE_MOUSE, buttonState=0, metaState=0, flags=0x0, edgeFlags=0x0, pointerCount=1, historySize=0, eventTime=1273106, downTime=1272442, deviceId=4, source=0x2002 }
08-06 22:07:35.486  3322  3322 W ViewRootImpl[MainActivity]: Cancelling event due to no window focus: MotionEvent { action=ACTION_CANCEL, actionButton=0, id[0]=0, x[0]=386.05893, y[0]=1356.3105, toolType[0]=TOOL_TYPE_MOUSE, buttonState=0, metaState=0, flags=0x0, edgeFlags=0x0, pointerCount=1, historySize=0, eventTime=1273106, downTime=1272442, deviceId=4, source=0x2002 }
08-06 22:07:35.486  3322  3322 W ViewRootImpl[MainActivity]: Cancelling event due to no window focus: MotionEvent { action=ACTION_CANCEL, actionButton=0, id[0]=0, x[0]=386.05893, y[0]=1356.3105, toolType[0]=TOOL_TYPE_MOUSE, buttonState=0, metaState=0, flags=0x0, edgeFlags=0x0, pointerCount=1, historySize=0, eventTime=1273106, downTime=1272442, deviceId=4, source=0x2002 }
08-06 22:08:21.714  1215  1215 D StorageManager: probeEmmc find /sys/block/mmcblk1rpmb
08-06 22:08:23.724  1215  1215 D StorageManager: probeEmmc find /sys/block/mmcblk1rpmb
08-06 22:08:25.713  1215  1215 D StorageManager: probeEmmc find /sys/block/mmcblk1rpmb
08-06 22:08:29.860   429   626 I chatty  : uid=1000(system) UEventObserver expire 10 lines
08-06 22:08:29.861   429   530 I chatty  : uid=1000(system) FileObserver expire 12 lines
08-06 22:08:37.187   429  2428 I chatty  : uid=1000(system) Binder:429_E expire 4 lines
08-06 22:08:44.377  3322  3322 W ViewRootImpl[BindReagentActivity]: Cancelling event due to no window focus: KeyEvent { action=ACTION_UP, keyCode=KEYCODE_ENTER, scanCode=28, metaState=0, flags=0x28, repeatCount=0, eventTime=1341991, downTime=1341983, deviceId=8, source=0x101 }
08-06 22:08:44.377  3322  3322 W ViewRootImpl[BindReagentActivity]: Cancelling event due to no window focus: KeyEvent { action=ACTION_UP, keyCode=KEYCODE_ENTER, scanCode=28, metaState=0, flags=0x28, repeatCount=0, eventTime=1341991, downTime=1341983, deviceId=8, source=0x101 }
08-06 22:08:44.377  3322  3322 W ViewRootImpl[BindReagentActivity]: Cancelling event due to no window focus: KeyEvent { action=ACTION_UP, keyCode=KEYCODE_ENTER, scanCode=28, metaState=0, flags=0x28, repeatCount=0, eventTime=1341991, downTime=1341983, deviceId=8, source=0x101 }
08-06 22:08:44.555  3322  3322 W ViewRootImpl[BindReagentResultActivity]: Cancelling event due to no window focus: KeyEvent { action=ACTION_UP, keyCode=KEYCODE_ENTER, scanCode=28, metaState=0, flags=0x28, repeatCount=0, eventTime=1341987, downTime=1341983, deviceId=8, source=0x101 }
08-06 22:08:44.555  3322  3322 W ViewRootImpl[BindReagentResultActivity]: Cancelling event due to no window focus: KeyEvent { action=ACTION_UP, keyCode=KEYCODE_ENTER, scanCode=28, metaState=0, flags=0x28, repeatCount=0, eventTime=1341987, downTime=1341983, deviceId=8, source=0x101 }
08-06 22:08:44.555  3322  3322 W ViewRootImpl[BindReagentResultActivity]: Cancelling event due to no window focus: KeyEvent { action=ACTION_UP, keyCode=KEYCODE_ENTER, scanCode=28, metaState=0, flags=0x28, repeatCount=0, eventTime=1341987, downTime=1341983, deviceId=8, source=0x101 }
08-06 22:08:44.555  3322  3322 W ViewRootImpl[BindReagentResultActivity]: Cancelling event due to no window focus: KeyEvent { action=ACTION_UP, keyCode=KEYCODE_ENTER, scanCode=28, metaState=0, flags=0x28, repeatCount=0, eventTime=1341987, downTime=1341983, deviceId=8, source=0x101 }
08-06 22:08:44.555  3322  3322 W ViewRootImpl[BindReagentResultActivity]: Cancelling event due to no window focus: KeyEvent { action=ACTION_UP, keyCode=KEYCODE_ENTER, scanCode=28, metaState=0, flags=0x28, repeatCount=0, eventTime=1341987, downTime=1341983, deviceId=8, source=0x101 }
08-06 22:08:44.555  3322  3322 W ViewRootImpl[BindReagentResultActivity]: Cancelling event due to no window focus: KeyEvent { action=ACTION_UP, keyCode=KEYCODE_ENTER, scanCode=28, metaState=0, flags=0x28, repeatCount=0, eventTime=1341987, downTime=1341983, deviceId=8, source=0x101 }
08-06 22:08:44.556  3322  3322 W ViewRootImpl[BindReagentResultActivity]: Cancelling event due to no window focus: KeyEvent { action=ACTION_UP, keyCode=KEYCODE_ENTER, scanCode=28, metaState=0, flags=0x28, repeatCount=0, eventTime=1341987, downTime=1341983, deviceId=8, source=0x101 }
08-06 22:08:44.556  3322  3322 W ViewRootImpl[BindReagentResultActivity]: Cancelling event due to no window focus: KeyEvent { action=ACTION_UP, keyCode=KEYCODE_ENTER, scanCode=28, metaState=0, flags=0x28, repeatCount=0, eventTime=1341987, downTime=1341983, deviceId=8, source=0x101 }
08-06 22:08:44.556  3322  3322 W ViewRootImpl[BindReagentResultActivity]: Cancelling event due to no window focus: KeyEvent { action=ACTION_UP, keyCode=KEYCODE_ENTER, scanCode=28, metaState=0, flags=0x28, repeatCount=0, eventTime=1341987, downTime=1341983, deviceId=8, source=0x101 }
08-06 22:08:58.971   429   455 I chatty  : uid=1000(system) Binder:429_2 expire 6 lines
08-06 22:09:08.586   429  2219 I chatty  : uid=1000(system) Binder:429_C expire 2 lines
08-06 22:09:19.752  2430  3606 F libc    : Fatal signal 6 (SIGABRT), code -6 in tid 3606 (disableInternal)
08-06 22:09:19.834  3627  3627 F DEBUG   : *** *** *** *** *** *** *** *** *** *** *** *** *** *** *** ***
08-06 22:09:19.834  3627  3627 F DEBUG   : Build fingerprint: 'UniWin/rk3399_all/rk3399_all:7.1.2/NHG47K/uniwin07151229:userdebug/test-keys'
08-06 22:09:19.834  3627  3627 F DEBUG   : Revision: '0'
08-06 22:09:19.834  3627  3627 F DEBUG   : ABI: 'arm64'
08-06 22:09:19.835  3627  3627 F DEBUG   : pid: 2430, tid: 3606, name: disableInternal  >>> com.android.nfc <<<
08-06 22:09:19.835  3627  3627 F DEBUG   : signal 6 (SIGABRT), code -6 (SI_TKILL), fault addr --------
08-06 22:09:19.835  3627  3627 F DEBUG   :     x0   0000000000000000  x1   0000000000000e16  x2   0000000000000006  x3   0000000000000008
08-06 22:09:19.835  3627  3627 F DEBUG   :     x4   0000000000000000  x5   0000000000000000  x6   0000007d5c83e000  x7   00000000000c9b76
08-06 22:09:19.835  3627  3627 F DEBUG   :     x8   0000000000000083  x9   ffffffffffffffdf  x10  0000000000000000  x11  0000000000000001
08-06 22:09:19.835  3627  3627 F DEBUG   :     x12  0000000000000018  x13  0000000062ee760f  x14  002c97a93d0ce610  x15  00002f826fa58786
08-06 22:09:19.835  3627  3627 F DEBUG   :     x16  0000007d59c7aee0  x17  0000007d59c24b3c  x18  0000000000000000  x19  0000007d3a1074f8
08-06 22:09:19.835  3627  3627 F DEBUG   :     x20  0000000000000006  x21  0000007d3a107450  x22  000000000000006e  x23  0000000012ca2dd0
08-06 22:09:19.835  3627  3627 F DEBUG   :     x24  0000000012da00b8  x25  0000000000002710  x26  0000007d3c120a98  x27  0000007d58625944
08-06 22:09:19.835  3627  3627 F DEBUG   :     x28  9165f45bd48f2bb8  x29  0000007d3a106d10  x30  0000007d59c21f68
08-06 22:09:19.835  3627  3627 F DEBUG   :     sp   0000007d3a106cf0  pc   0000007d59c24b44  pstate 0000000060000000
08-06 22:09:19.840  3627  3627 F DEBUG   : 
08-06 22:09:19.840  3627  3627 F DEBUG   : backtrace:
08-06 22:09:19.840  3627  3627 F DEBUG   :     #00 pc 000000000006bb44  /system/lib64/libc.so (tgkill+8)
08-06 22:09:19.840  3627  3627 F DEBUG   :     #01 pc 0000000000068f64  /system/lib64/libc.so (pthread_kill+64)
08-06 22:09:19.840  3627  3627 F DEBUG   :     #02 pc 0000000000023f58  /system/lib64/libc.so (raise+24)
08-06 22:09:19.840  3627  3627 F DEBUG   :     #03 pc 000000000001c810  /system/lib64/libc.so (abort+52)
08-06 22:09:19.840  3627  3627 F DEBUG   :     #04 pc 000000000001f454  /system/lib64/libnfc_st_jni.so
08-06 22:09:19.840  3627  3627 F DEBUG   :     #05 pc 00000000000f9480  /system/app/Nfc_st/oat/arm64/Nfc_st.odex (offset 0x98000)
08-06 22:09:21.235   429   530 I chatty  : uid=1000(system) FileObserver expire 13 lines
08-06 22:09:21.837   429   626 I chatty  : uid=1000(system) UEventObserver expire 10 lines
08-06 22:09:28.698  3322  3322 W ViewRootImpl[BindReagentActivity]: Cancelling event due to no window focus: KeyEvent { action=ACTION_UP, keyCode=KEYCODE_ENTER, scanCode=28, metaState=0, flags=0x28, repeatCount=0, eventTime=1386320, downTime=1386311, deviceId=8, source=0x101 }
08-06 22:09:28.698  3322  3322 W ViewRootImpl[BindReagentActivity]: Cancelling event due to no window focus: KeyEvent { action=ACTION_UP, keyCode=KEYCODE_ENTER, scanCode=28, metaState=0, flags=0x28, repeatCount=0, eventTime=1386320, downTime=1386311, deviceId=8, source=0x101 }
08-06 22:09:28.698  3322  3322 W ViewRootImpl[BindReagentActivity]: Cancelling event due to no window focus: KeyEvent { action=ACTION_UP, keyCode=KEYCODE_ENTER, scanCode=28, metaState=0, flags=0x28, repeatCount=0, eventTime=1386320, downTime=1386311, deviceId=8, source=0x101 }
08-06 22:09:28.712  3322  3322 W ViewRootImpl[BindReagentActivity]: Cancelling event due to no window focus: KeyEvent { action=ACTION_UP, keyCode=KEYCODE_ENTER, scanCode=28, metaState=0, flags=0x28, repeatCount=0, eventTime=1386320, downTime=1386311, deviceId=8, source=0x101 }
08-06 22:09:28.712  3322  3322 W ViewRootImpl[BindReagentActivity]: Cancelling event due to no window focus: KeyEvent { action=ACTION_UP, keyCode=KEYCODE_ENTER, scanCode=28, metaState=0, flags=0x28, repeatCount=0, eventTime=1386320, downTime=1386311, deviceId=8, source=0x101 }
08-06 22:09:28.712  3322  3322 W ViewRootImpl[BindReagentActivity]: Cancelling event due to no window focus: KeyEvent { action=ACTION_UP, keyCode=KEYCODE_ENTER, scanCode=28, metaState=0, flags=0x28, repeatCount=0, eventTime=1386320, downTime=1386311, deviceId=8, source=0x101 }
08-06 22:09:28.937  3322  3322 W ViewRootImpl[BindReagentResultActivity]: Cancelling event due to no window focus: KeyEvent { action=ACTION_UP, keyCode=KEYCODE_ENTER, scanCode=28, metaState=0, flags=0x28, repeatCount=0, eventTime=1386315, downTime=1386311, deviceId=8, source=0x101 }
08-06 22:09:28.937  3322  3322 W ViewRootImpl[BindReagentResultActivity]: Cancelling event due to no window focus: KeyEvent { action=ACTION_UP, keyCode=KEYCODE_ENTER, scanCode=28, metaState=0, flags=0x28, repeatCount=0, eventTime=1386315, downTime=1386311, deviceId=8, source=0x101 }
08-06 22:09:28.937  3322  3322 W ViewRootImpl[BindReagentResultActivity]: Cancelling event due to no window focus: KeyEvent { action=ACTION_UP, keyCode=KEYCODE_ENTER, scanCode=28, metaState=0, flags=0x28, repeatCount=0, eventTime=1386315, downTime=1386311, deviceId=8, source=0x101 }
08-06 22:09:28.937  3322  3322 W ViewRootImpl[BindReagentResultActivity]: Cancelling event due to no window focus: KeyEvent { action=ACTION_UP, keyCode=KEYCODE_ENTER, scanCode=28, metaState=0, flags=0x28, repeatCount=0, eventTime=1386315, downTime=1386311, deviceId=8, source=0x101 }
08-06 22:09:28.937  3322  3322 W ViewRootImpl[BindReagentResultActivity]: Cancelling event due to no window focus: KeyEvent { action=ACTION_UP, keyCode=KEYCODE_ENTER, scanCode=28, metaState=0, flags=0x28, repeatCount=0, eventTime=1386315, downTime=1386311, deviceId=8, source=0x101 }
08-06 22:09:28.937  3322  3322 W ViewRootImpl[BindReagentResultActivity]: Cancelling event due to no window focus: KeyEvent { action=ACTION_UP, keyCode=KEYCODE_ENTER, scanCode=28, metaState=0, flags=0x28, repeatCount=0, eventTime=1386315, downTime=1386311, deviceId=8, source=0x101 }
08-06 22:09:28.938  3322  3322 W ViewRootImpl[BindReagentResultActivity]: Cancelling event due to no window focus: KeyEvent { action=ACTION_UP, keyCode=KEYCODE_ENTER, scanCode=28, metaState=0, flags=0x28, repeatCount=0, eventTime=1386315, downTime=1386311, deviceId=8, source=0x101 }
08-06 22:09:28.938  3322  3322 W ViewRootImpl[BindReagentResultActivity]: Cancelling event due to no window focus: KeyEvent { action=ACTION_UP, keyCode=KEYCODE_ENTER, scanCode=28, metaState=0, flags=0x28, repeatCount=0, eventTime=1386315, downTime=1386311, deviceId=8, source=0x101 }
08-06 22:09:28.938  3322  3322 W ViewRootImpl[BindReagentResultActivity]: Cancelling event due to no window focus: KeyEvent { action=ACTION_UP, keyCode=KEYCODE_ENTER, scanCode=28, metaState=0, flags=0x28, repeatCount=0, eventTime=1386315, downTime=1386311, deviceId=8, source=0x101 }
08-06 22:09:44.471   429   791 I chatty  : uid=1000(system) Binder:429_5 expire 2 lines
08-06 22:09:46.483   429   429 I chatty  : uid=1000 system_server expire 10 lines
08-06 22:09:47.000   429   626 I chatty  : uid=1000(system) UEventObserver expire 10 lines
08-06 22:09:47.000   429   530 I chatty  : uid=1000(system) FileObserver expire 12 lines
08-06 22:10:10.947  1215  1215 D StorageManager: probeEmmc find /sys/block/mmcblk1rpmb
08-06 22:10:13.021  1215  1215 D StorageManager: probeEmmc find /sys/block/mmcblk1rpmb
08-06 22:10:14.476  1215  1215 D StorageManager: probeEmmc find /sys/block/mmcblk1rpmb
08-06 22:11:05.624  1215  1215 D StorageManager: probeEmmc find /sys/block/mmcblk1rpmb
08-06 22:11:07.685  1215  1215 D StorageManager: probeEmmc find /sys/block/mmcblk1rpmb
08-06 22:11:09.325  1215  1215 D StorageManager: probeEmmc find /sys/block/mmcblk1rpmb
08-06 22:11:14.437   429  1832 I chatty  : uid=1000(system) Binder:429_A expire 9 lines
08-06 22:11:14.576  1215  1215 D StorageManager: probeEmmc find /sys/block/mmcblk1rpmb
08-06 22:11:16.366   429   601 I chatty  : uid=1000(system) Binder:429_3 expire 5 lines
08-06 22:12:00.161  1215  1215 D StorageManager: probeEmmc find /sys/block/mmcblk1rpmb
08-06 22:12:00.210   429  1891 I chatty  : uid=1000(system) Binder:429_B expire 10 lines
08-06 22:12:24.846   429   626 I chatty  : uid=1000(system) UEventObserver expire 20 lines
08-06 22:12:24.849   429   530 I chatty  : uid=1000(system) FileObserver expire 25 lines
08-06 22:12:31.253   429  3633 I chatty  : uid=1000(system) Binder:429_13 expire 1 line
08-06 22:12:36.369   429  3169 I chatty  : uid=1000(system) Binder:429_11 expire 1 line
08-06 22:12:42.505  3634  4012 F libc    : Fatal signal 6 (SIGABRT), code -6 in tid 4012 (disableInternal)
08-06 22:12:42.532  4037  4037 F DEBUG   : *** *** *** *** *** *** *** *** *** *** *** *** *** *** *** ***
08-06 22:12:42.533  4037  4037 F DEBUG   : Build fingerprint: 'UniWin/rk3399_all/rk3399_all:7.1.2/NHG47K/uniwin07151229:userdebug/test-keys'
08-06 22:12:42.533  4037  4037 F DEBUG   : Revision: '0'
08-06 22:12:42.533  4037  4037 F DEBUG   : ABI: 'arm64'
08-06 22:12:42.533  4037  4037 F DEBUG   : pid: 3634, tid: 4012, name: disableInternal  >>> com.android.nfc <<<
08-06 22:12:42.533  4037  4037 F DEBUG   : signal 6 (SIGABRT), code -6 (SI_TKILL), fault addr --------
08-06 22:12:42.533  4037  4037 F DEBUG   :     x0   0000000000000000  x1   0000000000000fac  x2   0000000000000006  x3   0000000000000008
08-06 22:12:42.533  4037  4037 F DEBUG   :     x4   0000000000000000  x5   0000000000000000  x6   0000007d5c83e000  x7   00000000000e76aa
08-06 22:12:42.533  4037  4037 F DEBUG   :     x8   0000000000000083  x9   ffffffffffffffdf  x10  0000000000000000  x11  0000000000000001
08-06 22:12:42.533  4037  4037 F DEBUG   :     x12  0000000000000018  x13  0000000062ee76da  x14  001de42326650d2a  x15  0000348403035028
08-06 22:12:42.533  4037  4037 F DEBUG   :     x16  0000007d59c7aee0  x17  0000007d59c24b3c  x18  0000000000000000  x19  0000007d3a75f4f8
08-06 22:12:42.533  4037  4037 F DEBUG   :     x20  0000000000000006  x21  0000007d3a75f450  x22  000000000000006e  x23  0000000012ca2240
08-06 22:12:42.533  4037  4037 F DEBUG   :     x24  0000000012caa068  x25  0000000000002710  x26  0000007d3c0c5698  x27  0000007d58625944
08-06 22:12:42.533  4037  4037 F DEBUG   :     x28  9165f45bd48f2bb8  x29  0000007d3a75ed10  x30  0000007d59c21f68
08-06 22:12:42.534  4037  4037 F DEBUG   :     sp   0000007d3a75ecf0  pc   0000007d59c24b44  pstate 0000000060000000
08-06 22:12:42.537  4037  4037 F DEBUG   : 
08-06 22:12:42.537  4037  4037 F DEBUG   : backtrace:
08-06 22:12:42.537  4037  4037 F DEBUG   :     #00 pc 000000000006bb44  /system/lib64/libc.so (tgkill+8)
08-06 22:12:42.537  4037  4037 F DEBUG   :     #01 pc 0000000000068f64  /system/lib64/libc.so (pthread_kill+64)
08-06 22:12:42.537  4037  4037 F DEBUG   :     #02 pc 0000000000023f58  /system/lib64/libc.so (raise+24)
08-06 22:12:42.537  4037  4037 F DEBUG   :     #03 pc 000000000001c810  /system/lib64/libc.so (abort+52)
08-06 22:12:42.537  4037  4037 F DEBUG   :     #04 pc 000000000001f454  /system/lib64/libnfc_st_jni.so
08-06 22:12:42.537  4037  4037 F DEBUG   :     #05 pc 00000000000f9480  /system/app/Nfc_st/oat/arm64/Nfc_st.odex (offset 0x98000)
08-06 22:12:53.773   429  1040 I chatty  : uid=1000(system) Binder:429_7 expire 2 lines
08-06 22:12:53.783  3322  3322 W ViewRootImpl[BindReagentActivity]: Cancelling event due to no window focus: KeyEvent { action=ACTION_UP, keyCode=KEYCODE_ENTER, scanCode=28, metaState=0, flags=0x28, repeatCount=0, eventTime=1591407, downTime=1591399, deviceId=8, source=0x101 }
08-06 22:12:53.783  3322  3322 W ViewRootImpl[BindReagentActivity]: Cancelling event due to no window focus: KeyEvent { action=ACTION_UP, keyCode=KEYCODE_ENTER, scanCode=28, metaState=0, flags=0x28, repeatCount=0, eventTime=1591407, downTime=1591399, deviceId=8, source=0x101 }
08-06 22:12:53.783  3322  3322 W ViewRootImpl[BindReagentActivity]: Cancelling event due to no window focus: KeyEvent { action=ACTION_UP, keyCode=KEYCODE_ENTER, scanCode=28, metaState=0, flags=0x28, repeatCount=0, eventTime=1591407, downTime=1591399, deviceId=8, source=0x101 }
08-06 22:12:53.792  3322  3322 W ViewRootImpl[BindReagentActivity]: Cancelling event due to no window focus: KeyEvent { action=ACTION_UP, keyCode=KEYCODE_ENTER, scanCode=28, metaState=0, flags=0x28, repeatCount=0, eventTime=1591407, downTime=1591399, deviceId=8, source=0x101 }
08-06 22:12:53.792  3322  3322 W ViewRootImpl[BindReagentActivity]: Cancelling event due to no window focus: KeyEvent { action=ACTION_UP, keyCode=KEYCODE_ENTER, scanCode=28, metaState=0, flags=0x28, repeatCount=0, eventTime=1591407, downTime=1591399, deviceId=8, source=0x101 }
08-06 22:12:53.793  3322  3322 W ViewRootImpl[BindReagentActivity]: Cancelling event due to no window focus: KeyEvent { action=ACTION_UP, keyCode=KEYCODE_ENTER, scanCode=28, metaState=0, flags=0x28, repeatCount=0, eventTime=1591407, downTime=1591399, deviceId=8, source=0x101 }
08-06 22:12:53.975  3322  3322 W ViewRootImpl[BindReagentResultActivity]: Cancelling event due to no window focus: KeyEvent { action=ACTION_UP, keyCode=KEYCODE_ENTER, scanCode=28, metaState=0, flags=0x28, repeatCount=0, eventTime=1591403, downTime=1591399, deviceId=8, source=0x101 }
08-06 22:12:53.975  3322  3322 W ViewRootImpl[BindReagentResultActivity]: Cancelling event due to no window focus: KeyEvent { action=ACTION_UP, keyCode=KEYCODE_ENTER, scanCode=28, metaState=0, flags=0x28, repeatCount=0, eventTime=1591403, downTime=1591399, deviceId=8, source=0x101 }
08-06 22:12:53.975  3322  3322 W ViewRootImpl[BindReagentResultActivity]: Cancelling event due to no window focus: KeyEvent { action=ACTION_UP, keyCode=KEYCODE_ENTER, scanCode=28, metaState=0, flags=0x28, repeatCount=0, eventTime=1591403, downTime=1591399, deviceId=8, source=0x101 }
08-06 22:12:53.975  3322  3322 W ViewRootImpl[BindReagentResultActivity]: Cancelling event due to no window focus: KeyEvent { action=ACTION_UP, keyCode=KEYCODE_ENTER, scanCode=28, metaState=0, flags=0x28, repeatCount=0, eventTime=1591403, downTime=1591399, deviceId=8, source=0x101 }
08-06 22:12:53.975  3322  3322 W ViewRootImpl[BindReagentResultActivity]: Cancelling event due to no window focus: KeyEvent { action=ACTION_UP, keyCode=KEYCODE_ENTER, scanCode=28, metaState=0, flags=0x28, repeatCount=0, eventTime=1591403, downTime=1591399, deviceId=8, source=0x101 }
08-06 22:12:53.975  3322  3322 W ViewRootImpl[BindReagentResultActivity]: Cancelling event due to no window focus: KeyEvent { action=ACTION_UP, keyCode=KEYCODE_ENTER, scanCode=28, metaState=0, flags=0x28, repeatCount=0, eventTime=1591403, downTime=1591399, deviceId=8, source=0x101 }
08-06 22:12:53.976  3322  3322 W ViewRootImpl[BindReagentResultActivity]: Cancelling event due to no window focus: KeyEvent { action=ACTION_UP, keyCode=KEYCODE_ENTER, scanCode=28, metaState=0, flags=0x28, repeatCount=0, eventTime=1591403, downTime=1591399, deviceId=8, source=0x101 }
08-06 22:12:53.976  3322  3322 W ViewRootImpl[BindReagentResultActivity]: Cancelling event due to no window focus: KeyEvent { action=ACTION_UP, keyCode=KEYCODE_ENTER, scanCode=28, metaState=0, flags=0x28, repeatCount=0, eventTime=1591403, downTime=1591399, deviceId=8, source=0x101 }
08-06 22:12:53.976  3322  3322 W ViewRootImpl[BindReagentResultActivity]: Cancelling event due to no window focus: KeyEvent { action=ACTION_UP, keyCode=KEYCODE_ENTER, scanCode=28, metaState=0, flags=0x28, repeatCount=0, eventTime=1591403, downTime=1591399, deviceId=8, source=0x101 }
08-06 22:12:56.999   429  1891 I chatty  : uid=1000(system) Binder:429_B expire 2 lines
08-06 22:12:58.633   429  4042 I chatty  : uid=1000(system) Binder:429_14 expire 1 line
08-06 22:12:58.644  3322  3322 W ViewRootImpl[BindReagentActivity]: Cancelling event due to no window focus: KeyEvent { action=ACTION_UP, keyCode=KEYCODE_ENTER, scanCode=28, metaState=0, flags=0x28, repeatCount=0, eventTime=1596267, downTime=1596259, deviceId=8, source=0x101 }
08-06 22:12:58.645  3322  3322 W ViewRootImpl[BindReagentActivity]: Cancelling event due to no window focus: KeyEvent { action=ACTION_UP, keyCode=KEYCODE_ENTER, scanCode=28, metaState=0, flags=0x28, repeatCount=0, eventTime=1596267, downTime=1596259, deviceId=8, source=0x101 }
08-06 22:12:58.645  3322  3322 W ViewRootImpl[BindReagentActivity]: Cancelling event due to no window focus: KeyEvent { action=ACTION_UP, keyCode=KEYCODE_ENTER, scanCode=28, metaState=0, flags=0x28, repeatCount=0, eventTime=1596267, downTime=1596259, deviceId=8, source=0x101 }
08-06 22:12:58.654  3322  3322 W ViewRootImpl[BindReagentActivity]: Cancelling event due to no window focus: KeyEvent { action=ACTION_UP, keyCode=KEYCODE_ENTER, scanCode=28, metaState=0, flags=0x28, repeatCount=0, eventTime=1596267, downTime=1596259, deviceId=8, source=0x101 }
08-06 22:12:58.654  3322  3322 W ViewRootImpl[BindReagentActivity]: Cancelling event due to no window focus: KeyEvent { action=ACTION_UP, keyCode=KEYCODE_ENTER, scanCode=28, metaState=0, flags=0x28, repeatCount=0, eventTime=1596267, downTime=1596259, deviceId=8, source=0x101 }
08-06 22:12:58.654  3322  3322 W ViewRootImpl[BindReagentActivity]: Cancelling event due to no window focus: KeyEvent { action=ACTION_UP, keyCode=KEYCODE_ENTER, scanCode=28, metaState=0, flags=0x28, repeatCount=0, eventTime=1596267, downTime=1596259, deviceId=8, source=0x101 }
08-06 22:12:58.786  3322  3322 W ViewRootImpl[BindReagentResultActivity]: Cancelling event due to no window focus: KeyEvent { action=ACTION_UP, keyCode=KEYCODE_ENTER, scanCode=28, metaState=0, flags=0x28, repeatCount=0, eventTime=1596263, downTime=1596259, deviceId=8, source=0x101 }
08-06 22:12:58.787  3322  3322 W ViewRootImpl[BindReagentResultActivity]: Cancelling event due to no window focus: KeyEvent { action=ACTION_UP, keyCode=KEYCODE_ENTER, scanCode=28, metaState=0, flags=0x28, repeatCount=0, eventTime=1596263, downTime=1596259, deviceId=8, source=0x101 }
08-06 22:12:58.787  3322  3322 W ViewRootImpl[BindReagentResultActivity]: Cancelling event due to no window focus: KeyEvent { action=ACTION_UP, keyCode=KEYCODE_ENTER, scanCode=28, metaState=0, flags=0x28, repeatCount=0, eventTime=1596263, downTime=1596259, deviceId=8, source=0x101 }
08-06 22:12:58.787  3322  3322 W ViewRootImpl[BindReagentResultActivity]: Cancelling event due to no window focus: KeyEvent { action=ACTION_UP, keyCode=KEYCODE_ENTER, scanCode=28, metaState=0, flags=0x28, repeatCount=0, eventTime=1596263, downTime=1596259, deviceId=8, source=0x101 }
08-06 22:12:58.787  3322  3322 W ViewRootImpl[BindReagentResultActivity]: Cancelling event due to no window focus: KeyEvent { action=ACTION_UP, keyCode=KEYCODE_ENTER, scanCode=28, metaState=0, flags=0x28, repeatCount=0, eventTime=1596263, downTime=1596259, deviceId=8, source=0x101 }
08-06 22:12:58.787  3322  3322 W ViewRootImpl[BindReagentResultActivity]: Cancelling event due to no window focus: KeyEvent { action=ACTION_UP, keyCode=KEYCODE_ENTER, scanCode=28, metaState=0, flags=0x28, repeatCount=0, eventTime=1596263, downTime=1596259, deviceId=8, source=0x101 }
08-06 22:12:58.788  3322  3322 W ViewRootImpl[BindReagentResultActivity]: Cancelling event due to no window focus: KeyEvent { action=ACTION_UP, keyCode=KEYCODE_ENTER, scanCode=28, metaState=0, flags=0x28, repeatCount=0, eventTime=1596263, downTime=1596259, deviceId=8, source=0x101 }
08-06 22:12:58.788  3322  3322 W ViewRootImpl[BindReagentResultActivity]: Cancelling event due to no window focus: KeyEvent { action=ACTION_UP, keyCode=KEYCODE_ENTER, scanCode=28, metaState=0, flags=0x28, repeatCount=0, eventTime=1596263, downTime=1596259, deviceId=8, source=0x101 }
08-06 22:12:58.788  3322  3322 W ViewRootImpl[BindReagentResultActivity]: Cancelling event due to no window focus: KeyEvent { action=ACTION_UP, keyCode=KEYCODE_ENTER, scanCode=28, metaState=0, flags=0x28, repeatCount=0, eventTime=1596263, downTime=1596259, deviceId=8, source=0x101 }
08-06 22:13:16.846   429  2270 I chatty  : uid=1000(system) Binder:429_D expire 5 lines
08-06 22:13:19.565   429   626 I chatty  : uid=1000(system) UEventObserver expire 10 lines
08-06 22:13:19.566   429   530 I chatty  : uid=1000(system) FileObserver expire 12 lines
08-06 22:13:34.538  1215  1215 D StorageManager: probeEmmc find /sys/block/mmcblk1rpmb
08-06 22:13:35.987   429   455 I chatty  : uid=1000(system) Binder:429_2 expire 5 lines
08-06 22:13:36.391   429   530 I chatty  : uid=1000(system) FileObserver expire 12 lines
08-06 22:13:36.392   429   626 I chatty  : uid=1000(system) UEventObserver expire 10 lines
08-06 22:13:45.117  1215  1215 D StorageManager: probeEmmc find /sys/block/mmcblk1rpmb
08-06 22:13:47.045  1215  1215 D StorageManager: probeEmmc find /sys/block/mmcblk1rpmb
08-06 22:13:49.044  1215  1215 D StorageManager: probeEmmc find /sys/block/mmcblk1rpmb
08-06 22:15:14.285  1215  1215 D StorageManager: probeEmmc find /sys/block/mmcblk1rpmb
08-06 22:15:16.261  1215  1215 D StorageManager: probeEmmc find /sys/block/mmcblk1rpmb
08-06 22:15:18.252  1215  1215 D StorageManager: probeEmmc find /sys/block/mmcblk1rpmb
08-06 22:15:34.830   429   626 I chatty  : uid=1000(system) UEventObserver expire 10 lines
08-06 22:15:34.832   429   530 I chatty  : uid=1000(system) FileObserver expire 12 lines
08-06 22:15:37.057  3322  3322 W ViewRootImpl[MainActivity]: Cancelling event due to no window focus: MotionEvent { action=ACTION_CANCEL, actionButton=0, id[0]=0, x[0]=712.0025, y[0]=162.34103, toolType[0]=TOOL_TYPE_MOUSE, buttonState=0, metaState=0, flags=0x0, edgeFlags=0x0, pointerCount=1, historySize=0, eventTime=1754682, downTime=1273722, deviceId=4, source=0x2002 }
08-06 22:15:37.057  3322  3322 W ViewRootImpl[MainActivity]: Cancelling event due to no window focus: MotionEvent { action=ACTION_CANCEL, actionButton=0, id[0]=0, x[0]=712.0025, y[0]=162.34103, toolType[0]=TOOL_TYPE_MOUSE, buttonState=0, metaState=0, flags=0x0, edgeFlags=0x0, pointerCount=1, historySize=0, eventTime=1754682, downTime=1273722, deviceId=4, source=0x2002 }
08-06 22:15:37.057  3322  3322 W ViewRootImpl[MainActivity]: Cancelling event due to no window focus: MotionEvent { action=ACTION_CANCEL, actionButton=0, id[0]=0, x[0]=712.0025, y[0]=162.34103, toolType[0]=TOOL_TYPE_MOUSE, buttonState=0, metaState=0, flags=0x0, edgeFlags=0x0, pointerCount=1, historySize=0, eventTime=1754682, downTime=1273722, deviceId=4, source=0x2002 }
08-06 22:15:37.058  3322  3322 W ViewRootImpl[MainActivity]: Cancelling event due to no window focus: MotionEvent { action=ACTION_CANCEL, actionButton=0, id[0]=0, x[0]=712.0025, y[0]=162.34103, toolType[0]=TOOL_TYPE_MOUSE, buttonState=0, metaState=0, flags=0x0, edgeFlags=0x0, pointerCount=1, historySize=0, eventTime=1754682, downTime=1273722, deviceId=4, source=0x2002 }
08-06 22:15:46.145   429  2624 I chatty  : uid=1000(system) Binder:429_10 expire 2 lines
08-06 22:15:46.808  4275  4275 W ViewRootImpl[MainActivity]: Cancelling event due to no window focus: MotionEvent { action=ACTION_CANCEL, actionButton=0, id[0]=0, x[0]=515.53406, y[0]=106.310005, toolType[0]=TOOL_TYPE_MOUSE, buttonState=0, metaState=0, flags=0x0, edgeFlags=0x0, pointerCount=1, historySize=0, eventTime=1764434, downTime=1763642, deviceId=4, source=0x2002 }
08-06 22:15:46.808  4275  4275 W ViewRootImpl[MainActivity]: Cancelling event due to no window focus: MotionEvent { action=ACTION_CANCEL, actionButton=0, id[0]=0, x[0]=515.53406, y[0]=106.310005, toolType[0]=TOOL_TYPE_MOUSE, buttonState=0, metaState=0, flags=0x0, edgeFlags=0x0, pointerCount=1, historySize=0, eventTime=1764434, downTime=1763642, deviceId=4, source=0x2002 }
08-06 22:15:46.808  4275  4275 W ViewRootImpl[MainActivity]: Cancelling event due to no window focus: MotionEvent { action=ACTION_CANCEL, actionButton=0, id[0]=0, x[0]=515.53406, y[0]=106.310005, toolType[0]=TOOL_TYPE_MOUSE, buttonState=0, metaState=0, flags=0x0, edgeFlags=0x0, pointerCount=1, historySize=0, eventTime=1764434, downTime=1763642, deviceId=4, source=0x2002 }
08-06 22:15:46.809  4275  4275 W ViewRootImpl[MainActivity]: Cancelling event due to no window focus: MotionEvent { action=ACTION_CANCEL, actionButton=0, id[0]=0, x[0]=515.53406, y[0]=106.310005, toolType[0]=TOOL_TYPE_MOUSE, buttonState=0, metaState=0, flags=0x0, edgeFlags=0x0, pointerCount=1, historySize=0, eventTime=1764434, downTime=1763642, deviceId=4, source=0x2002 }
08-06 22:15:50.404  4275  4275 D ViewRootImpl[PopupWindow:74f9b65]: updatePointerIcon called with position out of bounds
08-06 22:15:50.420  4275  4275 D ViewRootImpl[PopupWindow:74f9b65]: updatePointerIcon called with position out of bounds
08-06 22:15:50.436  4275  4275 D ViewRootImpl[PopupWindow:74f9b65]: updatePointerIcon called with position out of bounds
08-06 22:15:50.453  4275  4275 D ViewRootImpl[PopupWindow:74f9b65]: updatePointerIcon called with position out of bounds
08-06 22:15:50.469  4275  4275 D ViewRootImpl[PopupWindow:74f9b65]: updatePointerIcon called with position out of bounds
08-06 22:15:50.523  4275  4275 D ViewRootImpl[PopupWindow:74f9b65]: updatePointerIcon called with position out of bounds
08-06 22:15:50.543  4275  4275 D ViewRootImpl[PopupWindow:74f9b65]: updatePointerIcon called with position out of bounds
08-06 22:15:50.558  4275  4275 D ViewRootImpl[PopupWindow:74f9b65]: updatePointerIcon called with position out of bounds
08-06 22:15:50.574  4275  4275 D ViewRootImpl[PopupWindow:74f9b65]: updatePointerIcon called with position out of bounds
08-06 22:15:50.590  4275  4275 D ViewRootImpl[PopupWindow:74f9b65]: updatePointerIcon called with position out of bounds
08-06 22:15:50.639  4275  4275 D ViewRootImpl[PopupWindow:74f9b65]: updatePointerIcon called with position out of bounds
08-06 22:15:50.742  4275  4275 D ViewRootImpl[PopupWindow:74f9b65]: updatePointerIcon called with position out of bounds
08-06 22:15:50.756  4275  4275 D ViewRootImpl[PopupWindow:74f9b65]: updatePointerIcon called with position out of bounds
08-06 22:15:50.790   429   972 I chatty  : uid=1000(system) Binder:429_6 expire 3 lines
08-06 22:15:53.492   429   429 I chatty  : uid=1000 system_server expire 4 lines
08-06 22:15:59.030  4275  4275 W ViewRootImpl[MainActivity]: Cancelling event due to no window focus: MotionEvent { action=ACTION_CANCEL, actionButton=0, id[0]=0, x[0]=451.6793, y[0]=118.46169, toolType[0]=TOOL_TYPE_MOUSE, buttonState=0, metaState=0, flags=0x0, edgeFlags=0x0, pointerCount=1, historySize=0, eventTime=1776650, downTime=1776026, deviceId=4, source=0x2002 }
08-06 22:15:59.030  4275  4275 W ViewRootImpl[MainActivity]: Cancelling event due to no window focus: MotionEvent { action=ACTION_CANCEL, actionButton=0, id[0]=0, x[0]=451.6793, y[0]=118.46169, toolType[0]=TOOL_TYPE_MOUSE, buttonState=0, metaState=0, flags=0x0, edgeFlags=0x0, pointerCount=1, historySize=0, eventTime=1776650, downTime=1776026, deviceId=4, source=0x2002 }
08-06 22:15:59.030  4275  4275 W ViewRootImpl[MainActivity]: Cancelling event due to no window focus: MotionEvent { action=ACTION_CANCEL, actionButton=0, id[0]=0, x[0]=451.6793, y[0]=118.46169, toolType[0]=TOOL_TYPE_MOUSE, buttonState=0, metaState=0, flags=0x0, edgeFlags=0x0, pointerCount=1, historySize=0, eventTime=1776650, downTime=1776026, deviceId=4, source=0x2002 }
08-06 22:15:59.031  4275  4275 W ViewRootImpl[MainActivity]: Cancelling event due to no window focus: MotionEvent { action=ACTION_CANCEL, actionButton=0, id[0]=0, x[0]=451.6793, y[0]=118.46169, toolType[0]=TOOL_TYPE_MOUSE, buttonState=0, metaState=0, flags=0x0, edgeFlags=0x0, pointerCount=1, historySize=0, eventTime=1776650, downTime=1776026, deviceId=4, source=0x2002 }
08-06 22:16:00.198  4275  4275 D ViewRootImpl[PopupWindow:499d009]: updatePointerIcon called with position out of bounds
08-06 22:16:00.220  4275  4275 D ViewRootImpl[PopupWindow:499d009]: updatePointerIcon called with position out of bounds
08-06 22:16:00.253  4275  4275 D ViewRootImpl[PopupWindow:499d009]: updatePointerIcon called with position out of bounds
08-06 22:16:00.287  4275  4275 D ViewRootImpl[PopupWindow:499d009]: updatePointerIcon called with position out of bounds
08-06 22:16:00.303  4275  4275 D ViewRootImpl[PopupWindow:499d009]: updatePointerIcon called with position out of bounds
08-06 22:16:00.320  4275  4275 D ViewRootImpl[PopupWindow:499d009]: updatePointerIcon called with position out of bounds
08-06 22:16:00.336  4275  4275 D ViewRootImpl[PopupWindow:499d009]: updatePointerIcon called with position out of bounds
08-06 22:16:00.353  4275  4275 D ViewRootImpl[PopupWindow:499d009]: updatePointerIcon called with position out of bounds
08-06 22:16:00.370  4275  4275 D ViewRootImpl[PopupWindow:499d009]: updatePointerIcon called with position out of bounds
08-06 22:16:06.207  4275  4275 D ViewRootImpl[PopupWindow:c9528a5]: updatePointerIcon called with position out of bounds
08-06 22:16:06.220  4275  4275 D ViewRootImpl[PopupWindow:c9528a5]: updatePointerIcon called with position out of bounds
08-06 22:16:06.237  4275  4275 D ViewRootImpl[PopupWindow:c9528a5]: updatePointerIcon called with position out of bounds
08-06 22:16:16.565   429   626 I chatty  : uid=1000(system) UEventObserver expire 8 lines
08-06 22:16:16.566   429   530 I chatty  : uid=1000(system) FileObserver expire 54 lines
08-06 22:16:16.633   429   626 I chatty  : uid=1000(system) UEventObserver expire 56 lines
08-06 22:16:22.409   429   513 I chatty  : uid=1000(system) batterystats-sy expire 3 lines
08-06 22:16:32.145   429   507 I chatty  : uid=1000(system) ActivityManager expire 2 lines
08-06 22:17:00.003   429   429 I chatty  : uid=1000 system_server expire 3 lines
08-06 22:17:00.121   429   455 I chatty  : uid=1000(system) Binder:429_2 expire 3 lines
08-06 22:17:00.122   429  1832 I chatty  : uid=1000(system) Binder:429_A expire 4 lines
08-06 22:17:00.124   429  2624 I chatty  : uid=1000(system) Binder:429_10 expire 3 lines
08-06 22:17:54.343  1267  1267 W ViewRootImpl[Launcher]: Cancelling event due to no window focus: MotionEvent { action=ACTION_CANCEL, actionButton=0, id[0]=0, x[0]=298.33627, y[0]=244.79227, toolType[0]=TOOL_TYPE_MOUSE, buttonState=0, metaState=0, flags=0x0, edgeFlags=0x0, pointerCount=1, historySize=0, eventTime=1891970, downTime=1891050, deviceId=4, source=0x2002 }
08-06 22:17:54.343  1267  1267 W ViewRootImpl[Launcher]: Cancelling event due to no window focus: MotionEvent { action=ACTION_CANCEL, actionButton=0, id[0]=0, x[0]=298.33627, y[0]=244.79227, toolType[0]=TOOL_TYPE_MOUSE, buttonState=0, metaState=0, flags=0x0, edgeFlags=0x0, pointerCount=1, historySize=0, eventTime=1891970, downTime=1891050, deviceId=4, source=0x2002 }
08-06 22:17:54.344  1267  1267 W ViewRootImpl[Launcher]: Cancelling event due to no window focus: MotionEvent { action=ACTION_CANCEL, actionButton=0, id[0]=0, x[0]=298.33627, y[0]=244.79227, toolType[0]=TOOL_TYPE_MOUSE, buttonState=0, metaState=0, flags=0x0, edgeFlags=0x0, pointerCount=1, historySize=0, eventTime=1891970, downTime=1891050, deviceId=4, source=0x2002 }
08-06 22:17:54.344  1267  1267 W ViewRootImpl[Launcher]: Cancelling event due to no window focus: MotionEvent { action=ACTION_CANCEL, actionButton=0, id[0]=0, x[0]=298.33627, y[0]=244.79227, toolType[0]=TOOL_TYPE_MOUSE, buttonState=0, metaState=0, flags=0x0, edgeFlags=0x0, pointerCount=1, historySize=0, eventTime=1891970, downTime=1891050, deviceId=4, source=0x2002 }
08-06 22:18:26.979  3322  3322 W ViewRootImpl[MainActivity]: Cancelling event due to no window focus: MotionEvent { action=ACTION_CANCEL, actionButton=0, id[0]=0, x[0]=431.76398, y[0]=223.96367, toolType[0]=TOOL_TYPE_MOUSE, buttonState=0, metaState=0, flags=0x0, edgeFlags=0x0, pointerCount=1, historySize=0, eventTime=1924594, downTime=1891050, deviceId=4, source=0x2002 }
08-06 22:18:26.980  3322  3322 W ViewRootImpl[MainActivity]: Cancelling event due to no window focus: MotionEvent { action=ACTION_CANCEL, actionButton=0, id[0]=0, x[0]=431.76398, y[0]=223.96367, toolType[0]=TOOL_TYPE_MOUSE, buttonState=0, metaState=0, flags=0x0, edgeFlags=0x0, pointerCount=1, historySize=0, eventTime=1924594, downTime=1891050, deviceId=4, source=0x2002 }
08-06 22:18:26.980  3322  3322 W ViewRootImpl[MainActivity]: Cancelling event due to no window focus: MotionEvent { action=ACTION_CANCEL, actionButton=0, id[0]=0, x[0]=431.76398, y[0]=223.96367, toolType[0]=TOOL_TYPE_MOUSE, buttonState=0, metaState=0, flags=0x0, edgeFlags=0x0, pointerCount=1, historySize=0, eventTime=1924594, downTime=1891050, deviceId=4, source=0x2002 }
08-06 22:18:26.985  3322  3322 W ViewRootImpl[MainActivity]: Cancelling event due to no window focus: MotionEvent { action=ACTION_CANCEL, actionButton=0, id[0]=0, x[0]=431.76398, y[0]=223.96367, toolType[0]=TOOL_TYPE_MOUSE, buttonState=0, metaState=0, flags=0x0, edgeFlags=0x0, pointerCount=1, historySize=0, eventTime=1924594, downTime=1891050, deviceId=4, source=0x2002 }
08-06 22:18:38.015  1267  1267 W ViewRootImpl[Launcher]: Cancelling event due to no window focus: MotionEvent { action=ACTION_CANCEL, actionButton=0, id[0]=0, x[0]=271.2166, y[0]=231.49005, toolType[0]=TOOL_TYPE_MOUSE, buttonState=0, metaState=0, flags=0x0, edgeFlags=0x0, pointerCount=1, historySize=0, eventTime=1935642, downTime=1934682, deviceId=4, source=0x2002 }
08-06 22:18:38.016  1267  1267 W ViewRootImpl[Launcher]: Cancelling event due to no window focus: MotionEvent { action=ACTION_CANCEL, actionButton=0, id[0]=0, x[0]=271.2166, y[0]=231.49005, toolType[0]=TOOL_TYPE_MOUSE, buttonState=0, metaState=0, flags=0x0, edgeFlags=0x0, pointerCount=1, historySize=0, eventTime=1935642, downTime=1934682, deviceId=4, source=0x2002 }
08-06 22:18:38.016  1267  1267 W ViewRootImpl[Launcher]: Cancelling event due to no window focus: MotionEvent { action=ACTION_CANCEL, actionButton=0, id[0]=0, x[0]=271.2166, y[0]=231.49005, toolType[0]=TOOL_TYPE_MOUSE, buttonState=0, metaState=0, flags=0x0, edgeFlags=0x0, pointerCount=1, historySize=0, eventTime=1935642, downTime=1934682, deviceId=4, source=0x2002 }
08-06 22:18:38.017  1267  1267 W ViewRootImpl[Launcher]: Cancelling event due to no window focus: MotionEvent { action=ACTION_CANCEL, actionButton=0, id[0]=0, x[0]=271.2166, y[0]=231.49005, toolType[0]=TOOL_TYPE_MOUSE, buttonState=0, metaState=0, flags=0x0, edgeFlags=0x0, pointerCount=1, historySize=0, eventTime=1935642, downTime=1934682, deviceId=4, source=0x2002 }
08-06 22:18:39.234  3322  3322 W ViewRootImpl[MainActivity]: Cancelling event due to no window focus: MotionEvent { action=ACTION_CANCEL, actionButton=0, id[0]=0, x[0]=424.21555, y[0]=730.624, toolType[0]=TOOL_TYPE_MOUSE, buttonState=0, metaState=0, flags=0x0, edgeFlags=0x0, pointerCount=1, historySize=0, eventTime=1936842, downTime=1934682, deviceId=4, source=0x2002 }
08-06 22:18:39.234  3322  3322 W ViewRootImpl[MainActivity]: Cancelling event due to no window focus: MotionEvent { action=ACTION_CANCEL, actionButton=0, id[0]=0, x[0]=424.21555, y[0]=730.624, toolType[0]=TOOL_TYPE_MOUSE, buttonState=0, metaState=0, flags=0x0, edgeFlags=0x0, pointerCount=1, historySize=0, eventTime=1936842, downTime=1934682, deviceId=4, source=0x2002 }
08-06 22:18:39.234  3322  3322 W ViewRootImpl[MainActivity]: Cancelling event due to no window focus: MotionEvent { action=ACTION_CANCEL, actionButton=0, id[0]=0, x[0]=424.21555, y[0]=730.624, toolType[0]=TOOL_TYPE_MOUSE, buttonState=0, metaState=0, flags=0x0, edgeFlags=0x0, pointerCount=1, historySize=0, eventTime=1936842, downTime=1934682, deviceId=4, source=0x2002 }
08-06 22:18:39.235  3322  3322 W ViewRootImpl[MainActivity]: Cancelling event due to no window focus: MotionEvent { action=ACTION_CANCEL, actionButton=0, id[0]=0, x[0]=424.21555, y[0]=730.624, toolType[0]=TOOL_TYPE_MOUSE, buttonState=0, metaState=0, flags=0x0, edgeFlags=0x0, pointerCount=1, historySize=0, eventTime=1936842, downTime=1934682, deviceId=4, source=0x2002 }
08-06 22:18:43.367  1267  1267 W ViewRootImpl[Launcher]: Cancelling event due to no window focus: MotionEvent { action=ACTION_CANCEL, actionButton=0, id[0]=0, x[0]=808.9606, y[0]=219.70386, toolType[0]=TOOL_TYPE_MOUSE, buttonState=0, metaState=0, flags=0x0, edgeFlags=0x0, pointerCount=1, historySize=0, eventTime=1940994, downTime=1940154, deviceId=4, source=0x2002 }
08-06 22:18:43.367  1267  1267 W ViewRootImpl[Launcher]: Cancelling event due to no window focus: MotionEvent { action=ACTION_CANCEL, actionButton=0, id[0]=0, x[0]=808.9606, y[0]=219.70386, toolType[0]=TOOL_TYPE_MOUSE, buttonState=0, metaState=0, flags=0x0, edgeFlags=0x0, pointerCount=1, historySize=0, eventTime=1940994, downTime=1940154, deviceId=4, source=0x2002 }
08-06 22:18:43.367  1267  1267 W ViewRootImpl[Launcher]: Cancelling event due to no window focus: MotionEvent { action=ACTION_CANCEL, actionButton=0, id[0]=0, x[0]=808.9606, y[0]=219.70386, toolType[0]=TOOL_TYPE_MOUSE, buttonState=0, metaState=0, flags=0x0, edgeFlags=0x0, pointerCount=1, historySize=0, eventTime=1940994, downTime=1940154, deviceId=4, source=0x2002 }
08-06 22:18:43.367  1267  1267 W ViewRootImpl[Launcher]: Cancelling event due to no window focus: MotionEvent { action=ACTION_CANCEL, actionButton=0, id[0]=0, x[0]=808.9606, y[0]=219.70386, toolType[0]=TOOL_TYPE_MOUSE, buttonState=0, metaState=0, flags=0x0, edgeFlags=0x0, pointerCount=1, historySize=0, eventTime=1940994, downTime=1940154, deviceId=4, source=0x2002 }
08-06 22:18:45.379   429   626 I chatty  : uid=1000(system) UEventObserver expire 42 lines
08-06 22:18:45.379   429   530 I chatty  : uid=1000(system) FileObserver expire 36 lines
08-06 22:19:05.633   220   224 W Vold    : subsystem found in netlink event
08-06 22:19:05.633   220   224 D Vold    : usb, 1
08-06 22:19:05.633   220   224 D Vold    : == current usb device: 058F/6387 ===
08-06 22:19:05.637   429   626 I chatty  : uid=1000(system) UEventObserver expire 64 lines
08-06 22:19:05.637   220   224 W Vold    : subsystem found in netlink event
08-06 22:19:05.637   220   224 D Vold    : usb, 1
08-06 22:19:05.658   429   769 I chatty  : uid=1000(system) UsbService host expire 2 lines
08-06 22:19:06.649   220   224 W Vold    : subsystem found in netlink event
08-06 22:19:06.649   220   224 D Vold    : scsi_device, 1
08-06 22:19:06.655   429   530 I chatty  : uid=1000(system) FileObserver expire 40 lines
08-06 22:19:07.084   429   639 I chatty  : uid=1000(system) VoldConnector expire 15 lines
08-06 22:19:07.086   220   224 V vold    : /system/bin/sgdisk
08-06 22:19:07.086   220   224 V vold    :     --android-dump
08-06 22:19:07.086   220   224 V vold    :     /dev/block/vold/disk:8,16
08-06 22:19:07.129   220   224 V vold    : DISK mbr
08-06 22:19:07.129   220   224 V vold    : 
08-06 22:19:07.129   220   224 V vold    : PART 1 b
08-06 22:19:07.129   220   224 V vold    : 
08-06 22:19:07.130   220   224 I vold    : type =b
08-06 22:19:07.133   429   638 I chatty  : uid=1000(system) MountService expire 4 lines
08-06 22:19:07.135   220   225 V vold    : /system/bin/blkid
08-06 22:19:07.135   220   225 V vold    :     -c
08-06 22:19:07.135   220   225 V vold    :     /dev/null
08-06 22:19:07.135   220   225 V vold    :     -s
08-06 22:19:07.135   220   225 V vold    :     TYPE
08-06 22:19:07.135   220   225 V vold    :     -s
08-06 22:19:07.135   220   225 V vold    :     UUID
08-06 22:19:07.135   220   225 V vold    :     -s
08-06 22:19:07.135   220   225 V vold    :     LABEL
08-06 22:19:07.135   220   225 V vold    :     /dev/block/vold/public:8,17
08-06 22:19:07.179   220   225 V vold    : /dev/block/vold/public:8,17: UUID="5BA2-9DBF" TYPE="vfat" 
08-06 22:19:07.179   220   225 V vold    : 
08-06 22:19:07.180   220   225 V vold    : /system/bin/fsck_msdos
08-06 22:19:07.180   220   225 V vold    :     -p
08-06 22:19:07.180   220   225 V vold    :     -f
08-06 22:19:07.180   220   225 V vold    :     /dev/block/vold/public:8,17
08-06 22:19:07.929   220   225 I Vold    : Filesystem check completed OK
08-06 22:19:07.929   220   225 D vold    : public:8,17 passed filesystem check
08-06 22:19:07.949   220   225 V vold    : Waiting for FUSE to spin up...
08-06 22:19:08.034   429   507 I chatty  : uid=1000(system) ActivityManager expire 2 lines
08-06 22:19:08.245  4413  4413 D StorageManager: probeEmmc find /sys/block/mmcblk1rpmb
08-06 22:19:08.496  1215  1215 D StorageManager: probeEmmc find /sys/block/mmcblk1rpmb
08-06 22:19:11.642   429  2624 I chatty  : uid=1000(system) Binder:429_10 expire 5 lines
