08-06 22:19:50.285   429   626 V UsbDeviceManager: USB UEVENT: {DEVNAME=video1, SUBSYSTEM=video4linux, SEQNUM=2595, MAJOR=81, ACTION=add, MINOR=1, DEVPATH=/devices/platform/usb@fe800000/fe800000.dwc3/xhci-hcd.9.auto/usb5/5-1/5-1.4/5-1.4.3/5-1.4.3:1.0/video4linux/video1}
08-06 22:19:50.286   429   626 D UsbDeviceManager: subSystem:video4linux,devPath:/devices/platform/usb@fe800000/fe800000.dwc3/xhci-hcd.9.auto/usb5/5-1/5-1.4/5-1.4.3/5-1.4.3:1.0/video4linux/video1
08-06 22:19:50.286   429   626 V UsbDeviceManager: USB UEVENT: {PROP=0, SUBSYSTEM=input, PRODUCT=3/c45/6366/100, SEQNUM=2596, EV=3, ACTION=add, DEVPATH=/devices/platform/usb@fe800000/fe800000.dwc3/xhci-hcd.9.auto/usb5/5-1/5-1.4/5-1.4.3/5-1.4.3:1.0/input/input38, PHYS="usb-xhci-hcd.9.auto-1.4.3/button", KEY=100000 0 0 0, NAME="XRZ-RGB-USB-CAMERA-V1.0.0", MODALIAS=input:b0003v0C45p6366e0100-e0,1,kD4,ramlsfw}
08-06 22:19:50.286   429   626 D UsbDeviceManager: subSystem:input,devPath:/devices/platform/usb@fe800000/fe800000.dwc3/xhci-hcd.9.auto/usb5/5-1/5-1.4/5-1.4.3/5-1.4.3:1.0/input/input38
08-06 22:19:50.286   429   626 V UsbDeviceManager: USB UEVENT: {DEVNAME=input/event2, SUBSYSTEM=input, SEQNUM=2597, MAJOR=13, ACTION=add, MINOR=66, DEVPATH=/devices/platform/usb@fe800000/fe800000.dwc3/xhci-hcd.9.auto/usb5/5-1/5-1.4/5-1.4.3/5-1.4.3:1.0/input/input38/event2}
08-06 22:19:50.286   429   626 D UsbDeviceManager: subSystem:input,devPath:/devices/platform/usb@fe800000/fe800000.dwc3/xhci-hcd.9.auto/usb5/5-1/5-1.4/5-1.4.3/5-1.4.3:1.0/input/input38/event2
08-06 22:19:50.289   429   530 D UsbService: dev dir has changed :video0
08-06 22:19:50.289   429   530 D UsbService: create :video0
08-06 22:19:50.289   429   530 D UsbService: usb camera added
08-06 22:19:50.334   429   626 V UsbDeviceManager: USB UEVENT: {DEVNAME=video2, SUBSYSTEM=video4linux, SEQNUM=2598, MAJOR=81, ACTION=remove, MINOR=2, DEVPATH=/devices/platform/usb@fe800000/fe800000.dwc3/xhci-hcd.9.auto/usb5/5-1/5-1.4/5-1.4.1/5-1.4.1:1.0/video4linux/video2}
08-06 22:19:50.334   429   626 D UsbDeviceManager: subSystem:video4linux,devPath:/devices/platform/usb@fe800000/fe800000.dwc3/xhci-hcd.9.auto/usb5/5-1/5-1.4/5-1.4.1/5-1.4.1:1.0/video4linux/video2
08-06 22:19:50.335   429   626 V UsbDeviceManager: USB UEVENT: {DEVNAME=video3, SUBSYSTEM=video4linux, SEQNUM=2599, MAJOR=81, ACTION=remove, MINOR=3, DEVPATH=/devices/platform/usb@fe800000/fe800000.dwc3/xhci-hcd.9.auto/usb5/5-1/5-1.4/5-1.4.1/5-1.4.1:1.0/video4linux/video3}
08-06 22:19:50.335   429   626 D UsbDeviceManager: subSystem:video4linux,devPath:/devices/platform/usb@fe800000/fe800000.dwc3/xhci-hcd.9.auto/usb5/5-1/5-1.4/5-1.4.1/5-1.4.1:1.0/video4linux/video3
08-06 22:19:50.336   429   626 V UsbDeviceManager: USB UEVENT: {DEVNAME=input/event3, SUBSYSTEM=input, SEQNUM=2600, MAJOR=13, ACTION=remove, MINOR=67, DEVPATH=/devices/platform/usb@fe800000/fe800000.dwc3/xhci-hcd.9.auto/usb5/5-1/5-1.4/5-1.4.1/5-1.4.1:1.0/input/input34/event3}
08-06 22:19:50.336   429   626 D UsbDeviceManager: subSystem:input,devPath:/devices/platform/usb@fe800000/fe800000.dwc3/xhci-hcd.9.auto/usb5/5-1/5-1.4/5-1.4.1/5-1.4.1:1.0/input/input34/event3
08-06 22:19:50.411   429   626 V UsbDeviceManager: USB UEVENT: {PROP=0, SUBSYSTEM=input, PRODUCT=3/c45/6364/100, SEQNUM=2601, EV=3, ACTION=remove, DEVPATH=/devices/platform/usb@fe800000/fe800000.dwc3/xhci-hcd.9.auto/usb5/5-1/5-1.4/5-1.4.1/5-1.4.1:1.0/input/input34, PHYS="usb-xhci-hcd.9.auto-1.4.1/button", KEY=100000 0 0 0, NAME="USB 2.0 Camera", MODALIAS=input:b0003v0C45p6364e0100-e0,1,kD4,ramlsfw}
08-06 22:19:50.411   429   626 D UsbDeviceManager: subSystem:input,devPath:/devices/platform/usb@fe800000/fe800000.dwc3/xhci-hcd.9.auto/usb5/5-1/5-1.4/5-1.4.1/5-1.4.1:1.0/input/input34
08-06 22:19:50.414   429   626 V UsbDeviceManager: USB UEVENT: {DEVNAME=media1, SUBSYSTEM=media, SEQNUM=2602, MAJOR=251, ACTION=remove, MINOR=1, DEVPATH=/devices/platform/usb@fe800000/fe800000.dwc3/xhci-hcd.9.auto/usb5/5-1/5-1.4/5-1.4.1/5-1.4.1:1.0/media1}
08-06 22:19:50.414   429   626 D UsbDeviceManager: subSystem:media,devPath:/devices/platform/usb@fe800000/fe800000.dwc3/xhci-hcd.9.auto/usb5/5-1/5-1.4/5-1.4.1/5-1.4.1:1.0/media1
08-06 22:19:50.427   429   530 W ContextImpl: Calling a method in the system process without a qualified user: android.app.ContextImpl.sendBroadcast:881 com.android.server.usb.UsbService.updateCameraNum:183 com.android.server.usb.UsbService.-wrap1:-1 com.android.server.usb.UsbService$2.onEvent:196 android.os.FileObserver$ObserverThread.onEvent:123 
08-06 22:19:50.435   429   530 D UsbService: usb camera num = 3
08-06 22:19:50.435   429   530 D UsbService: dev dir has changed :video1
08-06 22:19:50.435   429   530 D UsbService: create :video1
08-06 22:19:50.435   429   530 I UsbService: the same video changed, ignore this!
08-06 22:19:50.435   429   530 D UsbService: dev dir has changed :video2
08-06 22:19:50.435   429   530 D UsbService: delete :video2
08-06 22:19:50.435   429   530 D UsbService: usb camera removed
08-06 22:19:50.440   429  3308 I NotificationService: cancelToast pkg=com.shenyaocn.android.usbcamera callback=android.app.ITransientNotification$Stub$Proxy@9f11f6b
08-06 22:19:50.440   429  3308 W WindowManager: Attempted to remove non-existing token: android.os.Binder@f1a1a57
08-06 22:19:50.514   429   530 W ContextImpl: Calling a method in the system process without a qualified user: android.app.ContextImpl.sendBroadcast:881 com.android.server.usb.UsbService.updateCameraNum:183 com.android.server.usb.UsbService.-wrap1:-1 com.android.server.usb.UsbService$2.onEvent:202 android.os.FileObserver$ObserverThread.onEvent:123 
08-06 22:19:50.521   429   530 D UsbService: usb camera num = 3
08-06 22:19:50.521   429   530 D UsbService: dev dir has changed :video3
08-06 22:19:50.521   429   530 D UsbService: delete :video3
08-06 22:19:50.521   429   530 I UsbService: the same video changed, ignore this!
08-06 22:19:50.521   429   530 D UsbService: dev dir has changed :media1
08-06 22:19:50.521   429   530 D UsbService: delete :media1
08-06 22:19:50.646   429   626 V UsbDeviceManager: USB UEVENT: {DEVNAME=media1, SUBSYSTEM=media, SEQNUM=2603, MAJOR=251, ACTION=add, MINOR=1, DEVPATH=/devices/platform/usb@fe800000/fe800000.dwc3/xhci-hcd.9.auto/usb5/5-1/5-1.4/5-1.4.1/5-1.4.1:1.0/media1}
08-06 22:19:50.646   429   626 D UsbDeviceManager: subSystem:media,devPath:/devices/platform/usb@fe800000/fe800000.dwc3/xhci-hcd.9.auto/usb5/5-1/5-1.4/5-1.4.1/5-1.4.1:1.0/media1
08-06 22:19:50.648   429   530 D UsbService: dev dir has changed :media1
08-06 22:19:50.648   429   530 D UsbService: create :media1
08-06 22:19:50.651   429   626 V UsbDeviceManager: USB UEVENT: {DEVNAME=video2, SUBSYSTEM=video4linux, SEQNUM=2604, MAJOR=81, ACTION=add, MINOR=2, DEVPATH=/devices/platform/usb@fe800000/fe800000.dwc3/xhci-hcd.9.auto/usb5/5-1/5-1.4/5-1.4.1/5-1.4.1:1.0/video4linux/video2}
08-06 22:19:50.651   429   626 D UsbDeviceManager: subSystem:video4linux,devPath:/devices/platform/usb@fe800000/fe800000.dwc3/xhci-hcd.9.auto/usb5/5-1/5-1.4/5-1.4.1/5-1.4.1:1.0/video4linux/video2
08-06 22:19:50.651   429   626 V UsbDeviceManager: USB UEVENT: {DEVNAME=video3, SUBSYSTEM=video4linux, SEQNUM=2605, MAJOR=81, ACTION=add, MINOR=3, DEVPATH=/devices/platform/usb@fe800000/fe800000.dwc3/xhci-hcd.9.auto/usb5/5-1/5-1.4/5-1.4.1/5-1.4.1:1.0/video4linux/video3}
08-06 22:19:50.651   429   626 D UsbDeviceManager: subSystem:video4linux,devPath:/devices/platform/usb@fe800000/fe800000.dwc3/xhci-hcd.9.auto/usb5/5-1/5-1.4/5-1.4.1/5-1.4.1:1.0/video4linux/video3
08-06 22:19:50.651   429   626 V UsbDeviceManager: USB UEVENT: {PROP=0, SUBSYSTEM=input, PRODUCT=3/c45/6364/100, SEQNUM=2606, EV=3, ACTION=add, DEVPATH=/devices/platform/usb@fe800000/fe800000.dwc3/xhci-hcd.9.auto/usb5/5-1/5-1.4/5-1.4.1/5-1.4.1:1.0/input/input39, PHYS="usb-xhci-hcd.9.auto-1.4.1/button", KEY=100000 0 0 0, NAME="USB 2.0 Camera", MODALIAS=input:b0003v0C45p6364e0100-e0,1,kD4,ramlsfw}
08-06 22:19:50.652   429   626 D UsbDeviceManager: subSystem:input,devPath:/devices/platform/usb@fe800000/fe800000.dwc3/xhci-hcd.9.auto/usb5/5-1/5-1.4/5-1.4.1/5-1.4.1:1.0/input/input39
08-06 22:19:50.652   429   626 V UsbDeviceManager: USB UEVENT: {DEVNAME=input/event3, SUBSYSTEM=input, SEQNUM=2607, MAJOR=13, ACTION=add, MINOR=67, DEVPATH=/devices/platform/usb@fe800000/fe800000.dwc3/xhci-hcd.9.auto/usb5/5-1/5-1.4/5-1.4.1/5-1.4.1:1.0/input/input39/event3}
08-06 22:19:50.652   429   626 D UsbDeviceManager: subSystem:input,devPath:/devices/platform/usb@fe800000/fe800000.dwc3/xhci-hcd.9.auto/usb5/5-1/5-1.4/5-1.4.1/5-1.4.1:1.0/input/input39/event3
08-06 22:19:50.660   429   530 D UsbService: dev dir has changed :video2
08-06 22:19:50.660   429   530 D UsbService: create :video2
08-06 22:19:50.660   429   530 D UsbService: usb camera added
08-06 22:19:50.687   429   626 V UsbDeviceManager: USB UEVENT: {DEVNAME=video4, SUBSYSTEM=video4linux, SEQNUM=2608, MAJOR=81, ACTION=remove, MINOR=4, DEVPATH=/devices/platform/fe3c0000.usb/usb2/2-1/2-1.2/2-1.2.2/2-1.2.2:1.0/video4linux/video4}
08-06 22:19:50.687   429   626 D UsbDeviceManager: subSystem:video4linux,devPath:/devices/platform/fe3c0000.usb/usb2/2-1/2-1.2/2-1.2.2/2-1.2.2:1.0/video4linux/video4
08-06 22:19:50.687   429   626 V UsbDeviceManager: USB UEVENT: {DEVNAME=video5, SUBSYSTEM=video4linux, SEQNUM=2609, MAJOR=81, ACTION=remove, MINOR=5, DEVPATH=/devices/platform/fe3c0000.usb/usb2/2-1/2-1.2/2-1.2.2/2-1.2.2:1.0/video4linux/video5}
08-06 22:19:50.687   429   626 D UsbDeviceManager: subSystem:video4linux,devPath:/devices/platform/fe3c0000.usb/usb2/2-1/2-1.2/2-1.2.2/2-1.2.2:1.0/video4linux/video5
08-06 22:19:50.688   429   626 V UsbDeviceManager: USB UEVENT: {DEVNAME=input/event5, SUBSYSTEM=input, SEQNUM=2610, MAJOR=13, ACTION=remove, MINOR=69, DEVPATH=/devices/platform/fe3c0000.usb/usb2/2-1/2-1.2/2-1.2.2/2-1.2.2:1.0/input/input36/event5}
08-06 22:19:50.688   429   626 D UsbDeviceManager: subSystem:input,devPath:/devices/platform/fe3c0000.usb/usb2/2-1/2-1.2/2-1.2.2/2-1.2.2:1.0/input/input36/event5
08-06 22:19:50.747   429   530 W ContextImpl: Calling a method in the system process without a qualified user: android.app.ContextImpl.sendBroadcast:881 com.android.server.usb.UsbService.updateCameraNum:183 com.android.server.usb.UsbService.-wrap1:-1 com.android.server.usb.UsbService$2.onEvent:196 android.os.FileObserver$ObserverThread.onEvent:123 
08-06 22:19:50.751   429   530 D UsbService: usb camera num = 3
08-06 22:19:50.751   429   530 D UsbService: dev dir has changed :video3
08-06 22:19:50.752   429   530 D UsbService: create :video3
08-06 22:19:50.752   429   530 I UsbService: the same video changed, ignore this!
08-06 22:19:50.752   429   530 D UsbService: dev dir has changed :video4
08-06 22:19:50.752   429   530 D UsbService: delete :video4
08-06 22:19:50.752   429   530 D UsbService: usb camera removed
08-06 22:19:50.762   429   626 V UsbDeviceManager: USB UEVENT: {PROP=0, SUBSYSTEM=input, PRODUCT=3/bda/3461/1, SEQNUM=2611, EV=3, ACTION=remove, DEVPATH=/devices/platform/fe3c0000.usb/usb2/2-1/2-1.2/2-1.2.2/2-1.2.2:1.0/input/input36, PHYS="usb-fe3c0000.usb-1.2.2/button", KEY=100000 0 0 0, NAME="USB IR Camera", MODALIAS=input:b0003v0BDAp3461e0001-e0,1,kD4,ramlsfw}
08-06 22:19:50.762   429   626 D UsbDeviceManager: subSystem:input,devPath:/devices/platform/fe3c0000.usb/usb2/2-1/2-1.2/2-1.2.2/2-1.2.2:1.0/input/input36
08-06 22:19:50.762   429   626 V UsbDeviceManager: USB UEVENT: {DEVNAME=media2, SUBSYSTEM=media, SEQNUM=2612, MAJOR=251, ACTION=remove, MINOR=2, DEVPATH=/devices/platform/fe3c0000.usb/usb2/2-1/2-1.2/2-1.2.2/2-1.2.2:1.0/media2}
08-06 22:19:50.762   429   626 D UsbDeviceManager: subSystem:media,devPath:/devices/platform/fe3c0000.usb/usb2/2-1/2-1.2/2-1.2.2/2-1.2.2:1.0/media2
08-06 22:19:50.804   429  2624 I NotificationService: cancelToast pkg=com.shenyaocn.android.usbcamera callback=android.app.ITransientNotification$Stub$Proxy@aff2ac8
08-06 22:19:50.804   429  2624 W WindowManager: Attempted to remove non-existing token: android.os.Binder@86de944
08-06 22:19:50.852   429   530 W ContextImpl: Calling a method in the system process without a qualified user: android.app.ContextImpl.sendBroadcast:881 com.android.server.usb.UsbService.updateCameraNum:183 com.android.server.usb.UsbService.-wrap1:-1 com.android.server.usb.UsbService$2.onEvent:202 android.os.FileObserver$ObserverThread.onEvent:123 
08-06 22:19:50.858   429   530 D UsbService: usb camera num = 3
08-06 22:19:50.858   429   530 D UsbService: dev dir has changed :video5
08-06 22:19:50.858   429   530 D UsbService: delete :video5
08-06 22:19:50.858   429   530 I UsbService: the same video changed, ignore this!
08-06 22:19:50.858   429   530 D UsbService: dev dir has changed :media2
08-06 22:19:50.858   429   530 D UsbService: delete :media2
08-06 22:19:51.076   429   626 V UsbDeviceManager: USB UEVENT: {DEVNAME=media2, SUBSYSTEM=media, SEQNUM=2613, MAJOR=251, ACTION=add, MINOR=2, DEVPATH=/devices/platform/fe3c0000.usb/usb2/2-1/2-1.2/2-1.2.2/2-1.2.2:1.0/media2}
08-06 22:19:51.076   429   626 D UsbDeviceManager: subSystem:media,devPath:/devices/platform/fe3c0000.usb/usb2/2-1/2-1.2/2-1.2.2/2-1.2.2:1.0/media2
08-06 22:19:51.078   429   530 D UsbService: dev dir has changed :media2
08-06 22:19:51.078   429   530 D UsbService: create :media2
08-06 22:19:51.083   429   626 V UsbDeviceManager: USB UEVENT: {DEVNAME=video4, SUBSYSTEM=video4linux, SEQNUM=2614, MAJOR=81, ACTION=add, MINOR=4, DEVPATH=/devices/platform/fe3c0000.usb/usb2/2-1/2-1.2/2-1.2.2/2-1.2.2:1.0/video4linux/video4}
08-06 22:19:51.083   429   626 D UsbDeviceManager: subSystem:video4linux,devPath:/devices/platform/fe3c0000.usb/usb2/2-1/2-1.2/2-1.2.2/2-1.2.2:1.0/video4linux/video4
08-06 22:19:51.083   429   626 V UsbDeviceManager: USB UEVENT: {DEVNAME=video5, SUBSYSTEM=video4linux, SEQNUM=2615, MAJOR=81, ACTION=add, MINOR=5, DEVPATH=/devices/platform/fe3c0000.usb/usb2/2-1/2-1.2/2-1.2.2/2-1.2.2:1.0/video4linux/video5}
08-06 22:19:51.083   429   626 D UsbDeviceManager: subSystem:video4linux,devPath:/devices/platform/fe3c0000.usb/usb2/2-1/2-1.2/2-1.2.2/2-1.2.2:1.0/video4linux/video5
08-06 22:19:51.088   429   530 D UsbService: dev dir has changed :video4
08-06 22:19:51.088   429   530 D UsbService: create :video4
08-06 22:19:51.088   429   530 D UsbService: usb camera added
08-06 22:19:51.101   429   626 V UsbDeviceManager: USB UEVENT: {PROP=0, SUBSYSTEM=input, PRODUCT=3/bda/3461/1, SEQNUM=2616, EV=3, ACTION=add, DEVPATH=/devices/platform/fe3c0000.usb/usb2/2-1/2-1.2/2-1.2.2/2-1.2.2:1.0/input/input40, PHYS="usb-fe3c0000.usb-1.2.2/button", KEY=100000 0 0 0, NAME="USB IR Camera", MODALIAS=input:b0003v0BDAp3461e0001-e0,1,kD4,ramlsfw}
08-06 22:19:51.101   429   626 D UsbDeviceManager: subSystem:input,devPath:/devices/platform/fe3c0000.usb/usb2/2-1/2-1.2/2-1.2.2/2-1.2.2:1.0/input/input40
08-06 22:19:51.101   429   626 V UsbDeviceManager: USB UEVENT: {DEVNAME=input/event5, SUBSYSTEM=input, SEQNUM=2617, MAJOR=13, ACTION=add, MINOR=69, DEVPATH=/devices/platform/fe3c0000.usb/usb2/2-1/2-1.2/2-1.2.2/2-1.2.2:1.0/input/input40/event5}
08-06 22:19:51.101   429   626 D UsbDeviceManager: subSystem:input,devPath:/devices/platform/fe3c0000.usb/usb2/2-1/2-1.2/2-1.2.2/2-1.2.2:1.0/input/input40/event5
08-06 22:19:51.189   429  2624 I NotificationService: cancelToast pkg=com.shenyaocn.android.usbcamera callback=android.app.ITransientNotification$Stub$Proxy@8d0f286
08-06 22:19:51.189   429  2624 W WindowManager: Attempted to remove non-existing token: android.os.Binder@2773a2d
08-06 22:19:51.223   429   626 V UsbDeviceManager: USB UEVENT: {DEVNAME=video6, SUBSYSTEM=video4linux, SEQNUM=2618, MAJOR=81, ACTION=remove, MINOR=6, DEVPATH=/devices/platform/fe3c0000.usb/usb2/2-1/2-1.2/2-1.2.1/2-1.2.1:1.0/video4linux/video6}
08-06 22:19:51.223   429   626 D UsbDeviceManager: subSystem:video4linux,devPath:/devices/platform/fe3c0000.usb/usb2/2-1/2-1.2/2-1.2.1/2-1.2.1:1.0/video4linux/video6
08-06 22:19:51.225   429   626 V UsbDeviceManager: USB UEVENT: {DEVNAME=video7, SUBSYSTEM=video4linux, SEQNUM=2619, MAJOR=81, ACTION=remove, MINOR=7, DEVPATH=/devices/platform/fe3c0000.usb/usb2/2-1/2-1.2/2-1.2.1/2-1.2.1:1.0/video4linux/video7}
08-06 22:19:51.225   429   626 D UsbDeviceManager: subSystem:video4linux,devPath:/devices/platform/fe3c0000.usb/usb2/2-1/2-1.2/2-1.2.1/2-1.2.1:1.0/video4linux/video7
08-06 22:19:51.225   429   626 V UsbDeviceManager: USB UEVENT: {DEVNAME=input/event7, SUBSYSTEM=input, SEQNUM=2620, MAJOR=13, ACTION=remove, MINOR=71, DEVPATH=/devices/platform/fe3c0000.usb/usb2/2-1/2-1.2/2-1.2.1/2-1.2.1:1.0/input/input37/event7}
08-06 22:19:51.225   429   626 D UsbDeviceManager: subSystem:input,devPath:/devices/platform/fe3c0000.usb/usb2/2-1/2-1.2/2-1.2.1/2-1.2.1:1.0/input/input37/event7
08-06 22:19:51.229   429   530 W ContextImpl: Calling a method in the system process without a qualified user: android.app.ContextImpl.sendBroadcast:881 com.android.server.usb.UsbService.updateCameraNum:183 com.android.server.usb.UsbService.-wrap1:-1 com.android.server.usb.UsbService$2.onEvent:196 android.os.FileObserver$ObserverThread.onEvent:123 
08-06 22:19:51.233   429   530 D UsbService: usb camera num = 4
08-06 22:19:51.233   429   530 D UsbService: dev dir has changed :video5
08-06 22:19:51.233   429   530 D UsbService: create :video5
08-06 22:19:51.233   429   530 I UsbService: the same video changed, ignore this!
08-06 22:19:51.233   429   530 D UsbService: dev dir has changed :video6
08-06 22:19:51.233   429   530 D UsbService: delete :video6
08-06 22:19:51.233   429   530 D UsbService: usb camera removed
08-06 22:19:51.293   429   626 V UsbDeviceManager: USB UEVENT: {PROP=0, SUBSYSTEM=input, PRODUCT=3/bda/3468/1, SEQNUM=2621, EV=3, ACTION=remove, DEVPATH=/devices/platform/fe3c0000.usb/usb2/2-1/2-1.2/2-1.2.1/2-1.2.1:1.0/input/input37, PHYS="usb-fe3c0000.usb-1.2.1/button", KEY=100000 0 0 0, NAME="USB RGB Camera", MODALIAS=input:b0003v0BDAp3468e0001-e0,1,kD4,ramlsfw}
08-06 22:19:51.294   429   626 D UsbDeviceManager: subSystem:input,devPath:/devices/platform/fe3c0000.usb/usb2/2-1/2-1.2/2-1.2.1/2-1.2.1:1.0/input/input37
08-06 22:19:51.294   429   626 V UsbDeviceManager: USB UEVENT: {DEVNAME=media3, SUBSYSTEM=media, SEQNUM=2622, MAJOR=251, ACTION=remove, MINOR=3, DEVPATH=/devices/platform/fe3c0000.usb/usb2/2-1/2-1.2/2-1.2.1/2-1.2.1:1.0/media3}
08-06 22:19:51.294   429   626 D UsbDeviceManager: subSystem:media,devPath:/devices/platform/fe3c0000.usb/usb2/2-1/2-1.2/2-1.2.1/2-1.2.1:1.0/media3
08-06 22:19:51.311   429   530 W ContextImpl: Calling a method in the system process without a qualified user: android.app.ContextImpl.sendBroadcast:881 com.android.server.usb.UsbService.updateCameraNum:183 com.android.server.usb.UsbService.-wrap1:-1 com.android.server.usb.UsbService$2.onEvent:202 android.os.FileObserver$ObserverThread.onEvent:123 
08-06 22:19:51.316   429   530 D UsbService: usb camera num = 3
08-06 22:19:51.316   429   530 D UsbService: dev dir has changed :video7
08-06 22:19:51.316   429   530 D UsbService: delete :video7
08-06 22:19:51.316   429   530 I UsbService: the same video changed, ignore this!
08-06 22:19:51.317   429   530 D UsbService: dev dir has changed :media3
08-06 22:19:51.317   429   530 D UsbService: delete :media3
08-06 22:19:51.756   429  1825 I NotificationService: cancelToast pkg=com.shenyaocn.android.usbcamera callback=android.app.ITransientNotification$Stub$Proxy@108d83f
08-06 22:19:51.757   429  1825 W WindowManager: Attempted to remove non-existing token: android.os.Binder@c4bab62
08-06 22:19:51.758   429  2624 I NotificationService: cancelToast pkg=com.shenyaocn.android.usbcamera callback=android.app.ITransientNotification$Stub$Proxy@261750c
08-06 22:19:51.758   429  2624 W WindowManager: Attempted to remove non-existing token: android.os.Binder@c0255b0
08-06 22:19:51.759   429  2624 I NotificationService: cancelToast pkg=com.shenyaocn.android.usbcamera callback=android.app.ITransientNotification$Stub$Proxy@870ae55
08-06 22:19:51.759   429  2624 W WindowManager: Attempted to remove non-existing token: android.os.Binder@1bd1bae
08-06 22:19:51.763   429  1825 I NotificationService: cancelToast pkg=com.shenyaocn.android.usbcamera callback=android.app.ITransientNotification$Stub$Proxy@7d6506a
08-06 22:19:51.763   429  1825 W WindowManager: Attempted to remove non-existing token: android.os.Binder@d2f1cdc
08-06 22:19:53.336  4497  4497 D ViewRootImpl[MainActivity]: updatePointerIcon called with position out of bounds
08-06 22:19:53.353  4497  4497 D ViewRootImpl[MainActivity]: updatePointerIcon called with position out of bounds
08-06 22:19:53.369  4497  4497 D ViewRootImpl[MainActivity]: updatePointerIcon called with position out of bounds
08-06 22:19:53.386  4497  4497 D ViewRootImpl[MainActivity]: updatePointerIcon called with position out of bounds
08-06 22:19:53.536  4497  4497 D ViewRootImpl[MainActivity]: updatePointerIcon called with position out of bounds
08-06 22:19:53.553  4497  4497 D ViewRootImpl[MainActivity]: updatePointerIcon called with position out of bounds
08-06 22:19:53.569  4497  4497 D ViewRootImpl[MainActivity]: updatePointerIcon called with position out of bounds
08-06 22:19:53.586  4497  4497 D ViewRootImpl[MainActivity]: updatePointerIcon called with position out of bounds
08-06 22:19:53.603  4497  4497 D ViewRootImpl[MainActivity]: updatePointerIcon called with position out of bounds
08-06 22:19:53.620  4497  4497 D ViewRootImpl[MainActivity]: updatePointerIcon called with position out of bounds
08-06 22:19:53.638  4497  4497 D ViewRootImpl[MainActivity]: updatePointerIcon called with position out of bounds
08-06 22:19:53.653  4497  4497 D ViewRootImpl[MainActivity]: updatePointerIcon called with position out of bounds
08-06 22:19:55.276   429   429 W WindowManager: Attempted to remove non-existing token: android.os.Binder@5abd503
08-06 22:19:55.279   429   601 W WindowManager: Failed looking up window
08-06 22:19:55.279   429   601 W WindowManager: java.lang.IllegalArgumentException: Requested window android.os.BinderProxy@4804747 does not exist
08-06 22:19:55.279   429   601 W WindowManager: 	at com.android.server.wm.WindowManagerService.windowForClientLocked(WindowManagerService.java:10055)
08-06 22:19:55.279   429   601 W WindowManager: 	at com.android.server.wm.WindowManagerService.windowForClientLocked(WindowManagerService.java:10046)
08-06 22:19:55.279   429   601 W WindowManager: 	at com.android.server.wm.WindowManagerService.removeWindow(WindowManagerService.java:2908)
08-06 22:19:55.279   429   601 W WindowManager: 	at com.android.server.wm.Session.remove(Session.java:202)
08-06 22:19:55.279   429   601 W WindowManager: 	at android.view.IWindowSession$Stub.onTransact(IWindowSession.java:242)
08-06 22:19:55.279   429   601 W WindowManager: 	at com.android.server.wm.Session.onTransact(Session.java:145)
08-06 22:19:55.279   429   601 W WindowManager: 	at android.os.Binder.execTransact(Binder.java:565)
08-06 22:19:57.620  4497  4497 D ViewRootImpl[MainActivity]: updatePointerIcon called with position out of bounds
08-06 22:19:57.637  4497  4497 D ViewRootImpl[MainActivity]: updatePointerIcon called with position out of bounds
08-06 22:19:57.653  4497  4497 D ViewRootImpl[MainActivity]: updatePointerIcon called with position out of bounds
08-06 22:19:57.686  4497  4497 D ViewRootImpl[MainActivity]: updatePointerIcon called with position out of bounds
08-06 22:19:57.702  4497  4497 D ViewRootImpl[MainActivity]: updatePointerIcon called with position out of bounds
08-06 22:19:57.719  4497  4497 D ViewRootImpl[MainActivity]: updatePointerIcon called with position out of bounds
08-06 22:19:57.736  4497  4497 D ViewRootImpl[MainActivity]: updatePointerIcon called with position out of bounds
08-06 22:19:57.903  4497  4497 D ViewRootImpl[MainActivity]: updatePointerIcon called with position out of bounds
08-06 22:19:57.931  4497  4497 D ViewRootImpl[MainActivity]: updatePointerIcon called with position out of bounds
08-06 22:19:57.936  4497  4497 D ViewRootImpl[MainActivity]: updatePointerIcon called with position out of bounds
08-06 22:19:57.953  4497  4497 D ViewRootImpl[MainActivity]: updatePointerIcon called with position out of bounds
08-06 22:19:57.969  4497  4497 D ViewRootImpl[MainActivity]: updatePointerIcon called with position out of bounds
08-06 22:19:57.986  4497  4497 D ViewRootImpl[MainActivity]: updatePointerIcon called with position out of bounds
08-06 22:19:58.003  4497  4497 D ViewRootImpl[MainActivity]: updatePointerIcon called with position out of bounds
08-06 22:19:58.019  4497  4497 D ViewRootImpl[MainActivity]: updatePointerIcon called with position out of bounds
08-06 22:19:58.036  4497  4497 D ViewRootImpl[MainActivity]: updatePointerIcon called with position out of bounds
08-06 22:19:58.053  4497  4497 D ViewRootImpl[MainActivity]: updatePointerIcon called with position out of bounds
08-06 22:19:58.069  4497  4497 D ViewRootImpl[MainActivity]: updatePointerIcon called with position out of bounds
08-06 22:19:58.086  4497  4497 D ViewRootImpl[MainActivity]: updatePointerIcon called with position out of bounds
08-06 22:19:58.103  4497  4497 D ViewRootImpl[MainActivity]: updatePointerIcon called with position out of bounds
08-06 22:19:58.119  4497  4497 D ViewRootImpl[MainActivity]: updatePointerIcon called with position out of bounds
08-06 22:19:58.169  4497  4497 D ViewRootImpl[MainActivity]: updatePointerIcon called with position out of bounds
08-06 22:19:58.801   429   429 W WindowManager: Attempted to remove non-existing token: android.os.Binder@c5e5761
08-06 22:19:59.429   429  1832 W InputMethodManagerService: Window already focused, ignoring focus gain of: com.android.internal.view.IInputMethodClient$Stub$Proxy@3ae4f2f attribute=null, token = android.os.BinderProxy@82cdefc
08-06 22:20:01.669   429   429 W WindowManager: Attempted to remove non-existing token: android.os.Binder@d5ba81a
08-06 22:20:03.534  4497  4497 D ViewRootImpl[MainActivity]: updatePointerIcon called with position out of bounds
08-06 22:20:03.553  4497  4497 D ViewRootImpl[MainActivity]: updatePointerIcon called with position out of bounds
08-06 22:20:03.569  4497  4497 D ViewRootImpl[MainActivity]: updatePointerIcon called with position out of bounds
08-06 22:20:03.587  4497  4497 D ViewRootImpl[MainActivity]: updatePointerIcon called with position out of bounds
08-06 22:20:03.603  4497  4497 D ViewRootImpl[MainActivity]: updatePointerIcon called with position out of bounds
08-06 22:20:03.620  4497  4497 D ViewRootImpl[MainActivity]: updatePointerIcon called with position out of bounds
08-06 22:20:03.636  4497  4497 D ViewRootImpl[MainActivity]: updatePointerIcon called with position out of bounds
08-06 22:20:03.653  4497  4497 D ViewRootImpl[MainActivity]: updatePointerIcon called with position out of bounds
08-06 22:20:03.670  4497  4497 D ViewRootImpl[MainActivity]: updatePointerIcon called with position out of bounds
08-06 22:20:03.686  4497  4497 D ViewRootImpl[MainActivity]: updatePointerIcon called with position out of bounds
08-06 22:20:03.703  4497  4497 D ViewRootImpl[MainActivity]: updatePointerIcon called with position out of bounds
08-06 22:20:03.723  4497  4497 D ViewRootImpl[MainActivity]: updatePointerIcon called with position out of bounds
08-06 22:20:03.736  4497  4497 D ViewRootImpl[MainActivity]: updatePointerIcon called with position out of bounds
08-06 22:20:03.753  4497  4497 D ViewRootImpl[MainActivity]: updatePointerIcon called with position out of bounds
08-06 22:20:05.668   429   626 V UsbDeviceManager: USB UEVENT: {DEVNAME=media3, SUBSYSTEM=media, SEQNUM=2623, MAJOR=251, ACTION=add, MINOR=3, DEVPATH=/devices/platform/fe3c0000.usb/usb2/2-1/2-1.2/2-1.2.1/2-1.2.1:1.0/media3}
08-06 22:20:05.668   429   626 D UsbDeviceManager: subSystem:media,devPath:/devices/platform/fe3c0000.usb/usb2/2-1/2-1.2/2-1.2.1/2-1.2.1:1.0/media3
08-06 22:20:05.670   429   530 D UsbService: dev dir has changed :media3
08-06 22:20:05.670   429   530 D UsbService: create :media3
08-06 22:20:05.675   429   626 V UsbDeviceManager: USB UEVENT: {DEVNAME=video6, SUBSYSTEM=video4linux, SEQNUM=2624, MAJOR=81, ACTION=add, MINOR=6, DEVPATH=/devices/platform/fe3c0000.usb/usb2/2-1/2-1.2/2-1.2.1/2-1.2.1:1.0/video4linux/video6}
08-06 22:20:05.675   429   626 D UsbDeviceManager: subSystem:video4linux,devPath:/devices/platform/fe3c0000.usb/usb2/2-1/2-1.2/2-1.2.1/2-1.2.1:1.0/video4linux/video6
08-06 22:20:05.677   429   530 D UsbService: dev dir has changed :video6
08-06 22:20:05.677   429   530 D UsbService: create :video6
08-06 22:20:05.677   429   530 D UsbService: usb camera added
08-06 22:20:05.684   429   626 V UsbDeviceManager: USB UEVENT: {DEVNAME=video7, SUBSYSTEM=video4linux, SEQNUM=2625, MAJOR=81, ACTION=add, MINOR=7, DEVPATH=/devices/platform/fe3c0000.usb/usb2/2-1/2-1.2/2-1.2.1/2-1.2.1:1.0/video4linux/video7}
08-06 22:20:05.684   429   626 D UsbDeviceManager: subSystem:video4linux,devPath:/devices/platform/fe3c0000.usb/usb2/2-1/2-1.2/2-1.2.1/2-1.2.1:1.0/video4linux/video7
08-06 22:20:05.684   429   626 V UsbDeviceManager: USB UEVENT: {PROP=0, SUBSYSTEM=input, PRODUCT=3/bda/3468/1, SEQNUM=2626, EV=3, ACTION=add, DEVPATH=/devices/platform/fe3c0000.usb/usb2/2-1/2-1.2/2-1.2.1/2-1.2.1:1.0/input/input41, PHYS="usb-fe3c0000.usb-1.2.1/button", KEY=100000 0 0 0, NAME="USB RGB Camera", MODALIAS=input:b0003v0BDAp3468e0001-e0,1,kD4,ramlsfw}
08-06 22:20:05.684   429   626 D UsbDeviceManager: subSystem:input,devPath:/devices/platform/fe3c0000.usb/usb2/2-1/2-1.2/2-1.2.1/2-1.2.1:1.0/input/input41
08-06 22:20:05.700   429   626 V UsbDeviceManager: USB UEVENT: {DEVNAME=input/event7, SUBSYSTEM=input, SEQNUM=2627, MAJOR=13, ACTION=add, MINOR=71, DEVPATH=/devices/platform/fe3c0000.usb/usb2/2-1/2-1.2/2-1.2.1/2-1.2.1:1.0/input/input41/event7}
08-06 22:20:05.700   429   626 D UsbDeviceManager: subSystem:input,devPath:/devices/platform/fe3c0000.usb/usb2/2-1/2-1.2/2-1.2.1/2-1.2.1:1.0/input/input41/event7
08-06 22:20:05.738  4497  4497 D ViewRootImpl[MainActivity]: updatePointerIcon called after view was removed
08-06 22:20:05.738  4497  4497 W ViewRootImpl[MainActivity]: Dropping event due to root view being removed: MotionEvent { action=ACTION_HOVER_ENTER, actionButton=0, id[0]=0, x[0]=162.89664, y[0]=310.46222, toolType[0]=TOOL_TYPE_MOUSE, buttonState=0, metaState=0, flags=0x2, edgeFlags=0x0, pointerCount=1, historySize=0, eventTime=2023186, downTime=2023050, deviceId=4, source=0x2002 }
08-06 22:20:05.739  4497  4497 W ViewRootImpl[MainActivity]: Dropping event due to root view being removed: MotionEvent { action=ACTION_HOVER_MOVE, actionButton=0, id[0]=0, x[0]=162.89664, y[0]=310.46222, toolType[0]=TOOL_TYPE_MOUSE, buttonState=0, metaState=0, flags=0x2, edgeFlags=0x0, pointerCount=1, historySize=0, eventTime=2023186, downTime=2023050, deviceId=4, source=0x2002 }
08-06 22:20:05.773   429   626 V UsbDeviceManager: USB UEVENT: {DEVNAME=video2, SUBSYSTEM=video4linux, SEQNUM=2628, MAJOR=81, ACTION=remove, MINOR=2, DEVPATH=/devices/platform/usb@fe800000/fe800000.dwc3/xhci-hcd.9.auto/usb5/5-1/5-1.4/5-1.4.1/5-1.4.1:1.0/video4linux/video2}
08-06 22:20:05.773   429   626 D UsbDeviceManager: subSystem:video4linux,devPath:/devices/platform/usb@fe800000/fe800000.dwc3/xhci-hcd.9.auto/usb5/5-1/5-1.4/5-1.4.1/5-1.4.1:1.0/video4linux/video2
08-06 22:20:05.774   429   626 V UsbDeviceManager: USB UEVENT: {DEVNAME=video3, SUBSYSTEM=video4linux, SEQNUM=2629, MAJOR=81, ACTION=remove, MINOR=3, DEVPATH=/devices/platform/usb@fe800000/fe800000.dwc3/xhci-hcd.9.auto/usb5/5-1/5-1.4/5-1.4.1/5-1.4.1:1.0/video4linux/video3}
08-06 22:20:05.774   429   626 D UsbDeviceManager: subSystem:video4linux,devPath:/devices/platform/usb@fe800000/fe800000.dwc3/xhci-hcd.9.auto/usb5/5-1/5-1.4/5-1.4.1/5-1.4.1:1.0/video4linux/video3
08-06 22:20:05.775   429   626 V UsbDeviceManager: USB UEVENT: {DEVNAME=input/event3, SUBSYSTEM=input, SEQNUM=2630, MAJOR=13, ACTION=remove, MINOR=67, DEVPATH=/devices/platform/usb@fe800000/fe800000.dwc3/xhci-hcd.9.auto/usb5/5-1/5-1.4/5-1.4.1/5-1.4.1:1.0/input/input39/event3}
08-06 22:20:05.775   429   626 D UsbDeviceManager: subSystem:input,devPath:/devices/platform/usb@fe800000/fe800000.dwc3/xhci-hcd.9.auto/usb5/5-1/5-1.4/5-1.4.1/5-1.4.1:1.0/input/input39/event3
08-06 22:20:05.798   429   530 W ContextImpl: Calling a method in the system process without a qualified user: android.app.ContextImpl.sendBroadcast:881 com.android.server.usb.UsbService.updateCameraNum:183 com.android.server.usb.UsbService.-wrap1:-1 com.android.server.usb.UsbService$2.onEvent:196 android.os.FileObserver$ObserverThread.onEvent:123 
08-06 22:20:05.805   429   530 D UsbService: usb camera num = 4
08-06 22:20:05.805   429   530 D UsbService: dev dir has changed :video7
08-06 22:20:05.805   429   530 D UsbService: create :video7
08-06 22:20:05.805   429   530 I UsbService: the same video changed, ignore this!
08-06 22:20:05.805   429   530 D UsbService: dev dir has changed :video2
08-06 22:20:05.805   429   530 D UsbService: delete :video2
08-06 22:20:05.805   429   530 D UsbService: usb camera removed
08-06 22:20:05.848   429   626 V UsbDeviceManager: USB UEVENT: {PROP=0, SUBSYSTEM=input, PRODUCT=3/c45/6364/100, SEQNUM=2631, EV=3, ACTION=remove, DEVPATH=/devices/platform/usb@fe800000/fe800000.dwc3/xhci-hcd.9.auto/usb5/5-1/5-1.4/5-1.4.1/5-1.4.1:1.0/input/input39, PHYS="usb-xhci-hcd.9.auto-1.4.1/button", KEY=100000 0 0 0, NAME="USB 2.0 Camera", MODALIAS=input:b0003v0C45p6364e0100-e0,1,kD4,ramlsfw}
08-06 22:20:05.848   429   626 D UsbDeviceManager: subSystem:input,devPath:/devices/platform/usb@fe800000/fe800000.dwc3/xhci-hcd.9.auto/usb5/5-1/5-1.4/5-1.4.1/5-1.4.1:1.0/input/input39
08-06 22:20:05.849   429   626 V UsbDeviceManager: USB UEVENT: {DEVNAME=media1, SUBSYSTEM=media, SEQNUM=2632, MAJOR=251, ACTION=remove, MINOR=1, DEVPATH=/devices/platform/usb@fe800000/fe800000.dwc3/xhci-hcd.9.auto/usb5/5-1/5-1.4/5-1.4.1/5-1.4.1:1.0/media1}
08-06 22:20:05.849   429   626 D UsbDeviceManager: subSystem:media,devPath:/devices/platform/usb@fe800000/fe800000.dwc3/xhci-hcd.9.auto/usb5/5-1/5-1.4/5-1.4.1/5-1.4.1:1.0/media1
08-06 22:20:05.887   429  1832 W InputMethodManagerService: Window already focused, ignoring focus gain of: com.android.internal.view.IInputMethodClient$Stub$Proxy@1acc9e9 attribute=null, token = android.os.BinderProxy@82cdefc
08-06 22:20:05.888   429   530 W ContextImpl: Calling a method in the system process without a qualified user: android.app.ContextImpl.sendBroadcast:881 com.android.server.usb.UsbService.updateCameraNum:183 com.android.server.usb.UsbService.-wrap1:-1 com.android.server.usb.UsbService$2.onEvent:202 android.os.FileObserver$ObserverThread.onEvent:123 
08-06 22:20:05.893   429   530 D UsbService: usb camera num = 3
08-06 22:20:05.893   429   530 D UsbService: dev dir has changed :video3
08-06 22:20:05.893   429   530 D UsbService: delete :video3
08-06 22:20:05.893   429   530 I UsbService: the same video changed, ignore this!
08-06 22:20:05.893   429   530 D UsbService: dev dir has changed :media1
08-06 22:20:05.893   429   530 D UsbService: delete :media1
08-06 22:20:06.788  4497  4497 D ViewRootImpl[MainActivity]: updatePointerIcon called with position out of bounds
08-06 22:20:06.804  4497  4497 D ViewRootImpl[MainActivity]: updatePointerIcon called with position out of bounds
08-06 22:20:06.820  4497  4497 D ViewRootImpl[MainActivity]: updatePointerIcon called with position out of bounds
08-06 22:20:06.969  4497  4497 D ViewRootImpl[MainActivity]: updatePointerIcon called with position out of bounds
08-06 22:20:06.986  4497  4497 D ViewRootImpl[MainActivity]: updatePointerIcon called with position out of bounds
08-06 22:20:07.019  4497  4497 D ViewRootImpl[MainActivity]: updatePointerIcon called with position out of bounds
08-06 22:20:07.136  4497  4497 D ViewRootImpl[MainActivity]: updatePointerIcon called with position out of bounds
08-06 22:20:07.153  4497  4497 D ViewRootImpl[MainActivity]: updatePointerIcon called with position out of bounds
08-06 22:20:07.169  4497  4497 D ViewRootImpl[MainActivity]: updatePointerIcon called with position out of bounds
08-06 22:20:07.186  4497  4497 D ViewRootImpl[MainActivity]: updatePointerIcon called with position out of bounds
08-06 22:20:07.219  4497  4497 D ViewRootImpl[MainActivity]: updatePointerIcon called with position out of bounds
08-06 22:20:07.236  4497  4497 D ViewRootImpl[MainActivity]: updatePointerIcon called with position out of bounds
08-06 22:20:07.253  4497  4497 D ViewRootImpl[MainActivity]: updatePointerIcon called with position out of bounds
08-06 22:20:07.270  4497  4497 D ViewRootImpl[MainActivity]: updatePointerIcon called with position out of bounds
08-06 22:20:07.286  4497  4497 D ViewRootImpl[MainActivity]: updatePointerIcon called with position out of bounds
08-06 22:20:07.303  4497  4497 D ViewRootImpl[MainActivity]: updatePointerIcon called with position out of bounds
08-06 22:20:08.089   429  1832 W InputMethodManagerService: Window already focused, ignoring focus gain of: com.android.internal.view.IInputMethodClient$Stub$Proxy@cc0df88 attribute=null, token = android.os.BinderProxy@82cdefc
08-06 22:20:14.166  4497  4497 D ViewRootImpl[MainActivity]: updatePointerIcon called with position out of bounds
08-06 22:20:14.186  4497  4497 D ViewRootImpl[MainActivity]: updatePointerIcon called with position out of bounds
08-06 22:20:14.203  4497  4497 D ViewRootImpl[MainActivity]: updatePointerIcon called with position out of bounds
08-06 22:20:14.220  4497  4497 D ViewRootImpl[MainActivity]: updatePointerIcon called with position out of bounds
08-06 22:20:14.236  4497  4497 D ViewRootImpl[MainActivity]: updatePointerIcon called with position out of bounds
08-06 22:20:14.253  4497  4497 D ViewRootImpl[MainActivity]: updatePointerIcon called with position out of bounds
08-06 22:20:14.269  4497  4497 D ViewRootImpl[MainActivity]: updatePointerIcon called with position out of bounds
08-06 22:20:14.290  4497  4497 D ViewRootImpl[MainActivity]: updatePointerIcon called with position out of bounds
08-06 22:20:14.303  4497  4497 D ViewRootImpl[MainActivity]: updatePointerIcon called with position out of bounds
08-06 22:20:14.336  4497  4497 D ViewRootImpl[MainActivity]: updatePointerIcon called with position out of bounds
08-06 22:20:14.353  4497  4497 D ViewRootImpl[MainActivity]: updatePointerIcon called with position out of bounds
08-06 22:20:14.373  4497  4497 D ViewRootImpl[MainActivity]: updatePointerIcon called with position out of bounds
08-06 22:20:14.386  4497  4497 D ViewRootImpl[MainActivity]: updatePointerIcon called with position out of bounds
08-06 22:20:14.403  4497  4497 D ViewRootImpl[MainActivity]: updatePointerIcon called with position out of bounds
08-06 22:20:14.419  4497  4497 D ViewRootImpl[MainActivity]: updatePointerIcon called with position out of bounds
08-06 22:20:14.436  4497  4497 D ViewRootImpl[MainActivity]: updatePointerIcon called with position out of bounds
08-06 22:20:14.536  4497  4497 D ViewRootImpl[MainActivity]: updatePointerIcon called with position out of bounds
08-06 22:20:14.553  4497  4497 D ViewRootImpl[MainActivity]: updatePointerIcon called with position out of bounds
08-06 22:20:14.569  4497  4497 D ViewRootImpl[MainActivity]: updatePointerIcon called with position out of bounds
08-06 22:20:14.586  4497  4497 D ViewRootImpl[MainActivity]: updatePointerIcon called with position out of bounds
08-06 22:20:14.603  4497  4497 D ViewRootImpl[MainActivity]: updatePointerIcon called with position out of bounds
08-06 22:20:14.619  4497  4497 D ViewRootImpl[MainActivity]: updatePointerIcon called with position out of bounds
08-06 22:20:19.386  4497  4497 D ViewRootImpl[PopupWindow:8c63e55]: updatePointerIcon called with position out of bounds
08-06 22:20:19.403  4497  4497 D ViewRootImpl[PopupWindow:8c63e55]: updatePointerIcon called with position out of bounds
08-06 22:20:19.419  4497  4497 D ViewRootImpl[PopupWindow:8c63e55]: updatePointerIcon called with position out of bounds
08-06 22:20:19.436  4497  4497 D ViewRootImpl[PopupWindow:8c63e55]: updatePointerIcon called with position out of bounds
08-06 22:20:19.453  4497  4497 D ViewRootImpl[PopupWindow:8c63e55]: updatePointerIcon called with position out of bounds
08-06 22:20:19.469  4497  4497 D ViewRootImpl[PopupWindow:8c63e55]: updatePointerIcon called with position out of bounds
08-06 22:20:19.486  4497  4497 D ViewRootImpl[PopupWindow:8c63e55]: updatePointerIcon called with position out of bounds
08-06 22:20:19.503  4497  4497 D ViewRootImpl[PopupWindow:8c63e55]: updatePointerIcon called with position out of bounds
08-06 22:20:19.519  4497  4497 D ViewRootImpl[PopupWindow:8c63e55]: updatePointerIcon called with position out of bounds
08-06 22:20:19.536  4497  4497 D ViewRootImpl[PopupWindow:8c63e55]: updatePointerIcon called with position out of bounds
08-06 22:20:19.553  4497  4497 D ViewRootImpl[PopupWindow:8c63e55]: updatePointerIcon called with position out of bounds
08-06 22:20:19.569  4497  4497 D ViewRootImpl[PopupWindow:8c63e55]: updatePointerIcon called with position out of bounds
08-06 22:20:19.586  4497  4497 D ViewRootImpl[PopupWindow:8c63e55]: updatePointerIcon called with position out of bounds
08-06 22:20:19.603  4497  4497 D ViewRootImpl[PopupWindow:8c63e55]: updatePointerIcon called with position out of bounds
08-06 22:20:19.620  4497  4497 D ViewRootImpl[PopupWindow:8c63e55]: updatePointerIcon called with position out of bounds
08-06 22:20:19.636  4497  4497 D ViewRootImpl[PopupWindow:8c63e55]: updatePointerIcon called with position out of bounds
08-06 22:20:19.653  4497  4497 D ViewRootImpl[PopupWindow:8c63e55]: updatePointerIcon called with position out of bounds
08-06 22:20:19.670  4497  4497 D ViewRootImpl[PopupWindow:8c63e55]: updatePointerIcon called with position out of bounds
08-06 22:20:19.686  4497  4497 D ViewRootImpl[PopupWindow:8c63e55]: updatePointerIcon called with position out of bounds
08-06 22:20:19.703  4497  4497 D ViewRootImpl[PopupWindow:8c63e55]: updatePointerIcon called with position out of bounds
08-06 22:20:19.723  4497  4497 D ViewRootImpl[PopupWindow:8c63e55]: updatePointerIcon called with position out of bounds
08-06 22:20:19.737  4497  4497 D ViewRootImpl[PopupWindow:8c63e55]: updatePointerIcon called with position out of bounds
08-06 22:20:19.753  4497  4497 D ViewRootImpl[PopupWindow:8c63e55]: updatePointerIcon called with position out of bounds
08-06 22:20:19.769  4497  4497 D ViewRootImpl[PopupWindow:8c63e55]: updatePointerIcon called with position out of bounds
08-06 22:20:19.786  4497  4497 D ViewRootImpl[PopupWindow:8c63e55]: updatePointerIcon called with position out of bounds
08-06 22:20:19.803  4497  4497 D ViewRootImpl[PopupWindow:8c63e55]: updatePointerIcon called with position out of bounds
08-06 22:20:19.823  4497  4497 D ViewRootImpl[PopupWindow:8c63e55]: updatePointerIcon called with position out of bounds
08-06 22:20:19.836  4497  4497 D ViewRootImpl[PopupWindow:8c63e55]: updatePointerIcon called with position out of bounds
08-06 22:20:20.135  4497  4497 D ViewRootImpl[PopupWindow:8c63e55]: updatePointerIcon called with position out of bounds
08-06 22:20:20.135  4497  4497 D ViewRootImpl[PopupWindow:8c63e55]: updatePointerIcon called with position out of bounds
08-06 22:20:20.286  4497  4497 D ViewRootImpl[PopupWindow:8c63e55]: updatePointerIcon called with position out of bounds
08-06 22:20:20.286  4497  4497 D ViewRootImpl[PopupWindow:8c63e55]: updatePointerIcon called with position out of bounds
08-06 22:20:20.287  4497  4497 D ViewRootImpl[MainActivity]: updatePointerIcon called with position out of bounds
08-06 22:20:20.303  4497  4497 D ViewRootImpl[MainActivity]: updatePointerIcon called with position out of bounds
08-06 22:20:20.353  4497  4497 D ViewRootImpl[MainActivity]: updatePointerIcon called with position out of bounds
08-06 22:20:20.370  4497  4497 D ViewRootImpl[MainActivity]: updatePointerIcon called with position out of bounds
08-06 22:20:20.387  4497  4497 D ViewRootImpl[MainActivity]: updatePointerIcon called with position out of bounds
08-06 22:20:20.403  4497  4497 D ViewRootImpl[MainActivity]: updatePointerIcon called with position out of bounds
08-06 22:20:20.420  4497  4497 D ViewRootImpl[MainActivity]: updatePointerIcon called with position out of bounds
08-06 22:20:20.436  4497  4497 D ViewRootImpl[MainActivity]: updatePointerIcon called with position out of bounds
08-06 22:20:20.453  4497  4497 D ViewRootImpl[MainActivity]: updatePointerIcon called with position out of bounds
08-06 22:20:20.537  4497  4497 D ViewRootImpl[MainActivity]: updatePointerIcon called after view was removed
08-06 22:20:20.538  4497  4497 W ViewRootImpl[MainActivity]: Dropping event due to root view being removed: MotionEvent { action=ACTION_BUTTON_PRESS, actionButton=BUTTON_PRIMARY, id[0]=0, x[0]=733.41174, y[0]=-508.9983, toolType[0]=TOOL_TYPE_MOUSE, buttonState=BUTTON_PRIMARY, metaState=0, flags=0x2, edgeFlags=0x0, pointerCount=1, historySize=0, eventTime=2038146, downTime=2038146, deviceId=4, source=0x2002 }
08-06 22:20:20.543   429  2623 W InputMethodManagerService: Window already focused, ignoring focus gain of: com.android.internal.view.IInputMethodClient$Stub$Proxy@c990dcc attribute=null, token = android.os.BinderProxy@82cdefc
08-06 22:20:57.998  4497  4497 D ViewRootImpl[MainActivity]: updatePointerIcon called with position out of bounds
08-06 22:20:58.019  4497  4497 D ViewRootImpl[MainActivity]: updatePointerIcon called with position out of bounds
08-06 22:20:58.036  4497  4497 D ViewRootImpl[MainActivity]: updatePointerIcon called with position out of bounds
08-06 22:20:58.053  4497  4497 D ViewRootImpl[MainActivity]: updatePointerIcon called with position out of bounds
08-06 22:20:58.190  4497  4497 D ViewRootImpl[MainActivity]: updatePointerIcon called with position out of bounds
08-06 22:20:58.206  4497  4497 D ViewRootImpl[MainActivity]: updatePointerIcon called with position out of bounds
08-06 22:20:58.223  4497  4497 D ViewRootImpl[MainActivity]: updatePointerIcon called with position out of bounds
08-06 22:20:58.236  4497  4497 D ViewRootImpl[MainActivity]: updatePointerIcon called with position out of bounds
08-06 22:20:59.523  4431  4431 W ContextImpl: Calling a method in the system process without a qualified user: android.app.ContextImpl.startService:1361 android.content.ContextWrapper.startService:613 com.android.rk.RockExplorer.onStart:327 android.app.Instrumentation.callActivityOnStart:1248 android.app.Activity.performStart:6726 
08-06 22:20:59.525  4431  4431 W ContextImpl: Calling a method in the system process without a qualified user: android.app.ContextImpl.bindService:1425 android.content.ContextWrapper.bindService:636 com.android.rk.RockExplorer.onStart:328 android.app.Instrumentation.callActivityOnStart:1248 android.app.Activity.performStart:6726 
08-06 22:21:00.603   429   626 V UsbDeviceManager: USB UEVENT: {DEVNAME=media1, SUBSYSTEM=media, SEQNUM=2633, MAJOR=251, ACTION=add, MINOR=1, DEVPATH=/devices/platform/usb@fe800000/fe800000.dwc3/xhci-hcd.9.auto/usb5/5-1/5-1.4/5-1.4.1/5-1.4.1:1.0/media1}
08-06 22:21:00.603   429   626 D UsbDeviceManager: subSystem:media,devPath:/devices/platform/usb@fe800000/fe800000.dwc3/xhci-hcd.9.auto/usb5/5-1/5-1.4/5-1.4.1/5-1.4.1:1.0/media1
08-06 22:21:00.604   429   530 D UsbService: dev dir has changed :media1
08-06 22:21:00.604   429   530 D UsbService: create :media1
08-06 22:21:00.606   429   626 V UsbDeviceManager: USB UEVENT: {DEVNAME=video2, SUBSYSTEM=video4linux, SEQNUM=2634, MAJOR=81, ACTION=add, MINOR=2, DEVPATH=/devices/platform/usb@fe800000/fe800000.dwc3/xhci-hcd.9.auto/usb5/5-1/5-1.4/5-1.4.1/5-1.4.1:1.0/video4linux/video2}
08-06 22:21:00.606   429   626 D UsbDeviceManager: subSystem:video4linux,devPath:/devices/platform/usb@fe800000/fe800000.dwc3/xhci-hcd.9.auto/usb5/5-1/5-1.4/5-1.4.1/5-1.4.1:1.0/video4linux/video2
08-06 22:21:00.607   429   530 D UsbService: dev dir has changed :video2
08-06 22:21:00.607   429   530 D UsbService: create :video2
08-06 22:21:00.607   429   530 D UsbService: usb camera added
08-06 22:21:00.608   429   626 V UsbDeviceManager: USB UEVENT: {DEVNAME=video3, SUBSYSTEM=video4linux, SEQNUM=2635, MAJOR=81, ACTION=add, MINOR=3, DEVPATH=/devices/platform/usb@fe800000/fe800000.dwc3/xhci-hcd.9.auto/usb5/5-1/5-1.4/5-1.4.1/5-1.4.1:1.0/video4linux/video3}
08-06 22:21:00.608   429   626 D UsbDeviceManager: subSystem:video4linux,devPath:/devices/platform/usb@fe800000/fe800000.dwc3/xhci-hcd.9.auto/usb5/5-1/5-1.4/5-1.4.1/5-1.4.1:1.0/video4linux/video3
08-06 22:21:00.608   429   626 V UsbDeviceManager: USB UEVENT: {PROP=0, SUBSYSTEM=input, PRODUCT=3/c45/6364/100, SEQNUM=2636, EV=3, ACTION=add, DEVPATH=/devices/platform/usb@fe800000/fe800000.dwc3/xhci-hcd.9.auto/usb5/5-1/5-1.4/5-1.4.1/5-1.4.1:1.0/input/input42, PHYS="usb-xhci-hcd.9.auto-1.4.1/button", KEY=100000 0 0 0, NAME="USB 2.0 Camera", MODALIAS=input:b0003v0C45p6364e0100-e0,1,kD4,ramlsfw}
08-06 22:21:00.608   429   626 D UsbDeviceManager: subSystem:input,devPath:/devices/platform/usb@fe800000/fe800000.dwc3/xhci-hcd.9.auto/usb5/5-1/5-1.4/5-1.4.1/5-1.4.1:1.0/input/input42
08-06 22:21:00.609   429   626 V UsbDeviceManager: USB UEVENT: {DEVNAME=input/event3, SUBSYSTEM=input, SEQNUM=2637, MAJOR=13, ACTION=add, MINOR=67, DEVPATH=/devices/platform/usb@fe800000/fe800000.dwc3/xhci-hcd.9.auto/usb5/5-1/5-1.4/5-1.4.1/5-1.4.1:1.0/input/input42/event3}
08-06 22:21:00.609   429   626 D UsbDeviceManager: subSystem:input,devPath:/devices/platform/usb@fe800000/fe800000.dwc3/xhci-hcd.9.auto/usb5/5-1/5-1.4/5-1.4.1/5-1.4.1:1.0/input/input42/event3
08-06 22:21:00.618   429   455 I ActivityManager: Killing 1685:com.hax.haxtest/u0a46 (adj 906): empty for 2032s
