08-06 22:27:42.578  5725  5725 I df      : type=1400 audit(0.0:354): avc: denied { getattr } for path="/dev/block/mmcblk1p9" dev="tmpfs" ino=8423 scontext=u:r:priv_app:s0:c512,c768 tcontext=u:object_r:e2fsck_cache_block_device:s0 tclass=blk_file permissive=1
08-06 22:27:42.578  5725  5725 I df      : type=1400 audit(0.0:355): avc: denied { getattr } for path="/dev/block/mmcblk1p11" dev="tmpfs" ino=8437 scontext=u:r:priv_app:s0:c512,c768 tcontext=u:object_r:e2fsck_metadata_block_device:s0 tclass=blk_file permissive=1
08-06 22:27:42.578  5725  5725 I df      : type=1400 audit(0.0:356): avc: denied { getattr } for path="/dev/block/mmcblk1p15" dev="tmpfs" ino=8453 scontext=u:r:priv_app:s0:c512,c768 tcontext=u:object_r:userdata_block_device:s0 tclass=blk_file permissive=1
08-06 22:27:42.578  5725  5725 I df      : type=1400 audit(0.0:357): avc: denied { getattr } for path="/mnt/media_rw" dev="tmpfs" ino=10584 scontext=u:r:priv_app:s0:c512,c768 tcontext=u:object_r:mnt_media_rw_file:s0 tclass=dir permissive=1
08-06 22:27:42.955   252   315 D AudioHardwareTiny: start_output_stream device: 402
08-06 22:27:42.955   252   315 D AudioHardwareTiny: card0 id:rockchipes8316c
08-06 22:27:42.955   252   315 D AudioHardwareTiny: SPEAKER card, got card=0,device=0
08-06 22:27:42.956   252   315 D AudioHardwareTiny: card1 id:rockchiphdmi
08-06 22:27:42.956   252   315 D AudioHardwareTiny: HDMI card, got card=1,device=0
08-06 22:27:42.956   252   315 D AudioHardwareTiny: No exist proc/asound/card2/id, break and finish parsing
08-06 22:27:42.956   252   315 D AudioHardwareTiny: dump out device info
08-06 22:27:42.956   252   315 D AudioHardwareTiny: dev_info SPEAKER  card=0, device:0
08-06 22:27:42.956   252   315 D AudioHardwareTiny: dev_info HDMI  card=1, device:0
08-06 22:27:42.956   252   315 D AudioHardwareTiny: dev_info SPDIF  card=0, device:0
08-06 22:27:42.956   252   315 D AudioHardwareTiny: dev_info BT  card=0, device:0
08-06 22:27:42.956   252   315 D alsa_route: route_info->sound_card 0, route_info->devices 0  
08-06 22:27:42.956   252   315 D AudioHardwareTiny: The current HDMI is DVI mode
08-06 22:27:46.259   252   315 D AudioHardwareTiny: do_out_standby,out = 0xf085a180,device = 0x402
08-06 22:27:46.366   252   315 D alsa_route: route_set_controls() set route 24
08-06 22:27:46.366   252   315 D AudioHardwareTiny: close device
08-06 22:27:48.002   429  2270 I ActivityManager: START u0 {cmp=com.huanaixin.antigen/.function.test.view.CleaningActivity} from uid 10045 on display 0
08-06 22:27:48.248   429   534 I ActivityManager: Displayed com.huanaixin.antigen/.function.test.view.CleaningActivity: +234ms
08-06 22:27:48.491  4750  4750 I chatty  : uid=10045(com.huanaixin.antigen) expire 426 lines
08-06 22:27:48.499  4750  4811 I chatty  : uid=10045(com.huanaixin.antigen) expire 85 lines
08-06 22:27:52.063  1453  1659 D commonlib: is_authed yes 
08-06 22:27:58.105   429  2270 I ActivityManager: START u0 {cmp=com.huanaixin.antigen/.main.view.MainActivity} from uid 10045 on display 0
08-06 22:27:58.125   429  5536 W ActivityManager: Duplicate finish request for ActivityRecord{66fd5b9 u0 com.huanaixin.antigen/.function.test.view.CleaningActivity t261 f}
08-06 22:27:58.286  4750  5683 I chatty  : uid=10045(com.huanaixin.antigen) expire 3 lines
08-06 22:27:58.307  4750  5684 I chatty  : uid=10045(com.huanaixin.antigen) expire 2 lines
08-06 22:28:37.363  4750  5242 I chatty  : uid=10045(com.huanaixin.antigen) expire 8 lines
08-06 22:28:38.867  4750  5734 I chatty  : uid=10045(com.huanaixin.antigen) expire 7 lines
08-06 22:28:38.868  4750  5246 I chatty  : uid=10045(com.huanaixin.antigen) expire 6 lines
08-06 22:28:39.243  4750  5280 I chatty  : uid=10045(com.huanaixin.antigen) expire 3 lines
08-06 22:28:39.280  1215  1215 D StorageManager: probeEmmc find /sys/block/mmcblk1rpmb
08-06 22:28:39.306  1215  5735 I ExifInterface_JNI: Raw image not detected
08-06 22:28:41.099  4750  4811 I chatty  : uid=10045(com.huanaixin.antigen) expire 20 lines
08-06 22:28:41.323  1215  1215 D StorageManager: probeEmmc find /sys/block/mmcblk1rpmb
08-06 22:28:41.344  1215  5736 I ExifInterface_JNI: Raw image not detected
08-06 22:28:43.296  1215  1215 D StorageManager: probeEmmc find /sys/block/mmcblk1rpmb
08-06 22:28:43.320  1215  5737 I ExifInterface_JNI: Raw image not detected
08-06 22:28:45.864   252   315 D AudioHardwareTiny: start_output_stream device: 402
08-06 22:28:45.865   252   315 D AudioHardwareTiny: card0 id:rockchipes8316c
08-06 22:28:45.865   252   315 D AudioHardwareTiny: SPEAKER card, got card=0,device=0
08-06 22:28:45.865   252   315 D AudioHardwareTiny: card1 id:rockchiphdmi
08-06 22:28:45.865   252   315 D AudioHardwareTiny: HDMI card, got card=1,device=0
08-06 22:28:45.865   252   315 D AudioHardwareTiny: No exist proc/asound/card2/id, break and finish parsing
08-06 22:28:45.865   252   315 D AudioHardwareTiny: dump out device info
08-06 22:28:45.865   252   315 D AudioHardwareTiny: dev_info SPEAKER  card=0, device:0
08-06 22:28:45.865   252   315 D AudioHardwareTiny: dev_info HDMI  card=1, device:0
08-06 22:28:45.865   252   315 D AudioHardwareTiny: dev_info SPDIF  card=0, device:0
08-06 22:28:45.865   252   315 D AudioHardwareTiny: dev_info BT  card=0, device:0
08-06 22:28:45.865   252   315 D alsa_route: route_info->sound_card 0, route_info->devices 0  
08-06 22:28:45.866   252   315 D AudioHardwareTiny: The current HDMI is DVI mode
08-06 22:28:45.914   429   635 I ActivityManager: START u0 {act=android.intent.action.MAIN cat=[android.intent.category.HOME] flg=0x10200000 cmp=com.android.launcher3/.Launcher (has extras)} from uid 1000 on display 0
08-06 22:28:46.066  1267  1329 D mali_winsys: EGLint new_window_surface(egl_winsys_display *, void *, EGLSurface, EGLConfig, egl_winsys_surface **, egl_color_buffer_format *, EGLBoolean) returns 0x3000
08-06 22:28:46.572  1267  1329 W OpenGLRenderer: Incorrectly called buildLayer on View: ShortcutAndWidgetContainer, destroying layer...
08-06 22:28:48.622   429   455 I ActivityManager: START u0 {act=android.intent.action.MAIN cat=[android.intent.category.LAUNCHER] flg=0x10200000 cmp=com.android.settings/.Settings bnds=[540,119][717,348] (has extras)} from uid 10033 on display 0
08-06 22:28:48.703   727  2674 W DataUsageController: Failed to get data usage, no subscriber id
08-06 22:28:48.710   727  5740 D Index   : Indexing locale 'zh_CN' took 15 millis
08-06 22:28:48.741   727  5741 E NFC     : NFC service dead - attempting to recover
08-06 22:28:48.741   727  5741 E NFC     : android.os.DeadObjectException
08-06 22:28:48.741   727  5741 E NFC     : 	at android.os.BinderProxy.transactNative(Native Method)
08-06 22:28:48.741   727  5741 E NFC     : 	at android.os.BinderProxy.transact(Binder.java:617)
08-06 22:28:48.741   727  5741 E NFC     : 	at android.nfc.INfcAdapter$Stub$Proxy.getState(INfcAdapter.java:379)
08-06 22:28:48.741   727  5741 E NFC     : 	at android.nfc.NfcAdapter.isEnabled(NfcAdapter.java:682)
08-06 22:28:48.741   727  5741 E NFC     : 	at com.android.settings.SettingsActivity.doUpdateTilesList(SettingsActivity.java:1103)
08-06 22:28:48.741   727  5741 E NFC     : 	at com.android.settings.SettingsActivity.-wrap0(SettingsActivity.java)
08-06 22:28:48.741   727  5741 E NFC     : 	at com.android.settings.SettingsActivity$7.run(SettingsActivity.java:1056)
08-06 22:28:48.741   727  5741 E NFC     : 	at android.os.AsyncTask$SerialExecutor$1.run(AsyncTask.java:243)
08-06 22:28:48.741   727  5741 E NFC     : 	at java.util.concurrent.ThreadPoolExecutor.runWorker(ThreadPoolExecutor.java:1133)
08-06 22:28:48.741   727  5741 E NFC     : 	at java.util.concurrent.ThreadPoolExecutor$Worker.run(ThreadPoolExecutor.java:607)
08-06 22:28:48.741   727  5741 E NFC     : 	at java.lang.Thread.run(Thread.java:761)
08-06 22:28:48.773   429   972 I ProcessStatsService: Added stats: 2022-08-06-20-34-36, over +30m4s283ms
08-06 22:28:48.786   429   972 I ProcessStatsService: Added stats: 2022-08-06-20-01-42, over +30m4s666ms
08-06 22:28:48.791   727   806 D mali_winsys: EGLint new_window_surface(egl_winsys_display *, void *, EGLSurface, EGLConfig, egl_winsys_surface **, egl_color_buffer_format *, EGLBoolean) returns 0x3000
08-06 22:28:48.809   727  2674 W ProcStatsManager: No process com.android.providers.calendar/10002 for service com.android.providers.calendar.EmptyService
08-06 22:28:48.809   727  2674 W ProcStatsManager: No process com.android.providers.calendar/10002 for service com.android.providers.calendar.CalendarProviderIntentService
08-06 22:28:48.809   727  2674 W ProcStatsManager: No process com.tencent.ilink.ServiceProcess/10021 for service com.tencent.ilinkservice.IlinkService
08-06 22:28:48.809   727  2674 W ProcStatsManager: No process com.android.printspooler/10040 for service com.android.printspooler.model.PrintSpoolerService
08-06 22:28:48.809   727  2674 W ProcStatsManager: No process com.android.webview:webview_service/10044 for service org.chromium.android_webview.services.VariationsSeedServer
08-06 22:28:48.809   727  2674 W ProcStatsManager: No process com.android.onetimeinitializer/10009 for service com.android.onetimeinitializer.OneTimeInitializerService
08-06 22:28:48.809   727  2674 W ProcStatsManager: No process com.android.keychain/1000 for service com.android.keychain.KeyChainService
08-06 22:28:48.810   727  2674 W ProcStatsManager: No process com.android.packageinstaller/1000 for service com.android.packageinstaller.permission.service.RuntimePermissionPresenterServiceImpl
08-06 22:28:48.841   429   972 E BatteryStatsService: no controller energy info supplied
08-06 22:28:48.841   429   972 E BatteryStatsService: no controller energy info supplied
08-06 22:28:48.855   429   972 E BatteryStatsService: modem info is invalid: ModemActivityInfo{ mTimestamp=2546474 mSleepTimeMs=0 mIdleTimeMs=0 mTxTimeMs[]=[0, 0, 0, 0, 0] mRxTimeMs=0 mEnergyUsed=0}
08-06 22:28:48.868   727   727 D DashboardSummary: onConditionsChanged
08-06 22:28:50.857   429   972 I ActivityManager: START u0 {flg=0x8000 cmp=com.android.settings/.Settings$ScreenshotSettingsActivity (has extras)} from uid 1000 on display 0
08-06 22:28:50.934  1759  1809 I mars::stn: [longlink_connect_monitor.cc, OnHeartbeatAlarmSet, 448]:longlink_progress on_heartbeat_set, time: 2548563, time interval:210000
08-06 22:28:50.953   727  5741 D Index   : Indexing locale 'zh_CN' took 8 millis
08-06 22:28:50.968   727  5741 D Index   : Indexing locale 'zh_CN' took 4 millis
08-06 22:28:51.013   727   806 D mali_winsys: EGLint new_window_surface(egl_winsys_display *, void *, EGLSurface, EGLConfig, egl_winsys_surface **, egl_color_buffer_format *, EGLBoolean) returns 0x3000
08-06 22:28:51.030  1759  1820 D ILinkCallbackInterface: onDeviceShadowUpdate{"type":"get","result":0,"timestamp":1659796130,"payload":{"state":{},"metadata":{},"version":0}}
08-06 22:28:51.113   429   534 I ActivityManager: Displayed com.android.settings/.Settings$ScreenshotSettingsActivity: +239ms
08-06 22:28:51.253   727   806 D OpenGLRenderer: endAllActiveAnimators on 0x7d36eaa000 (RippleDrawable) with handle 0x7d3637f7e0
08-06 22:28:51.335  4750  5244 I chatty  : uid=10045(com.huanaixin.antigen) expire 5 lines
08-06 22:28:51.335  4750  4750 I chatty  : uid=10045(com.huanaixin.antigen) expire 104 lines
08-06 22:28:51.479  4750  4811 I chatty  : uid=10045(com.huanaixin.antigen) expire 18 lines
08-06 22:28:52.499   727  2674 W DataUsageController: Failed to get data usage, no subscriber id
08-06 22:28:52.505   727  5742 D Index   : Indexing locale 'zh_CN' took 14 millis
08-06 22:28:52.509   727   806 D mali_winsys: EGLint new_window_surface(egl_winsys_display *, void *, EGLSurface, EGLConfig, egl_winsys_surface **, egl_color_buffer_format *, EGLBoolean) returns 0x3000
08-06 22:28:52.541  1759  1809 I mars::stn: [longlink_connect_monitor.cc, OnHeartbeatAlarmSet, 448]:longlink_progress on_heartbeat_set, time: 2550170, time interval:210000
08-06 22:28:52.542   429  5536 I ProcessStatsService: Added stats: 2022-08-06-20-34-36, over +30m4s283ms
08-06 22:28:52.553   429  5536 I ProcessStatsService: Added stats: 2022-08-06-20-01-42, over +30m4s666ms
08-06 22:28:52.580   727  2674 W ProcStatsManager: No process com.android.providers.calendar/10002 for service com.android.providers.calendar.EmptyService
08-06 22:28:52.580   727  2674 W ProcStatsManager: No process com.android.providers.calendar/10002 for service com.android.providers.calendar.CalendarProviderIntentService
08-06 22:28:52.580   727  2674 W ProcStatsManager: No process com.tencent.ilink.ServiceProcess/10021 for service com.tencent.ilinkservice.IlinkService
08-06 22:28:52.580   727  2674 W ProcStatsManager: No process com.android.printspooler/10040 for service com.android.printspooler.model.PrintSpoolerService
08-06 22:28:52.580   727  2674 W ProcStatsManager: No process com.android.webview:webview_service/10044 for service org.chromium.android_webview.services.VariationsSeedServer
08-06 22:28:52.580   727  2674 W ProcStatsManager: No process com.android.onetimeinitializer/10009 for service com.android.onetimeinitializer.OneTimeInitializerService
08-06 22:28:52.580   727  2674 W ProcStatsManager: No process com.android.keychain/1000 for service com.android.keychain.KeyChainService
08-06 22:28:52.580   727  2674 W ProcStatsManager: No process com.android.packageinstaller/1000 for service com.android.packageinstaller.permission.service.RuntimePermissionPresenterServiceImpl
08-06 22:28:52.608   429  5536 E BatteryStatsService: no controller energy info supplied
08-06 22:28:52.608   429  5536 E BatteryStatsService: no controller energy info supplied
08-06 22:28:52.626   429  5536 E BatteryStatsService: modem info is invalid: ModemActivityInfo{ mTimestamp=2550241 mSleepTimeMs=0 mIdleTimeMs=0 mTxTimeMs[]=[0, 0, 0, 0, 0] mRxTimeMs=0 mEnergyUsed=0}
08-06 22:28:52.627   727   727 D DashboardSummary: onConditionsChanged
08-06 22:28:52.769  1759  1809 I mars::stn: [longlink_connect_monitor.cc, OnHeartbeatAlarmSet, 448]:longlink_progress on_heartbeat_set, time: 2550398, time interval:210000
08-06 22:28:52.779   727   806 D OpenGLRenderer: endAllActiveAnimators on 0x7d36a40800 (RippleDrawable) with handle 0x7d36258ac0
08-06 22:28:52.894  1759  1809 I mars::stn: [longlink_connect_monitor.cc, OnHeartbeatAlarmSet, 448]:longlink_progress on_heartbeat_set, time: 2550523, time interval:210000
08-06 22:28:53.199  1759  1809 I mars::stn: [longlink_connect_monitor.cc, OnHeartbeatAlarmSet, 448]:longlink_progress on_heartbeat_set, time: 2550828, time interval:210000
08-06 22:28:53.507   429   429 W WindowManager: Attempted to remove non-existing token: android.os.Binder@f781e1e
08-06 22:28:53.673   429  4696 I ActivityManager: START u0 {flg=0x8000 cmp=com.android.settings/.Settings$ManageApplicationsActivity (has extras)} from uid 1000 on display 0
08-06 22:28:53.776   727  5740 D Index   : Indexing locale 'zh_CN' took 11 millis
08-06 22:28:53.780  4750  5748 I chatty  : uid=10045(com.huanaixin.antigen) expire 1 line
08-06 22:28:53.790   727  5740 D Index   : Indexing locale 'zh_CN' took 6 millis
08-06 22:28:53.844   727   806 D mali_winsys: EGLint new_window_surface(egl_winsys_display *, void *, EGLSurface, EGLConfig, egl_winsys_surface **, egl_color_buffer_format *, EGLBoolean) returns 0x3000
08-06 22:28:54.030   429   534 I ActivityManager: Displayed com.android.settings/.Settings$ManageApplicationsActivity: +342ms
08-06 22:28:54.124   429   429 I PackageManager: type=1400 audit(0.0:358): avc: denied { getattr } for path="/data/media" dev="mmcblk1p15" ino=780289 scontext=u:r:system_server:s0 tcontext=u:object_r:media_rw_data_file:s0 tclass=dir permissive=1
08-06 22:28:54.202   727   806 D OpenGLRenderer: endAllActiveAnimators on 0x7d36ea6c00 (RippleDrawable) with handle 0x7d3637fc20
08-06 22:28:55.632   429  4696 I ActivityManager: START u0 {act=android.intent.action.MAIN cmp=com.android.settings/.SubSettings (has extras)} from uid 1000 on display 0
08-06 22:28:55.696   727   727 D SubSettings: Launching fragment com.android.settings.applications.InstalledAppDetails
08-06 22:28:55.778   727  5742 D Index   : Indexing locale 'zh_CN' took 13 millis
08-06 22:28:55.791   727   727 W ContextImpl: Calling a method in the system process without a qualified user: android.app.ContextImpl.bindService:1425 android.content.ContextWrapper.bindService:636 android.content.pm.permission.RuntimePermissionPresenter$RemoteService.processMessage:186 android.content.pm.permission.RuntimePermissionPresenter.getAppPermissions:127 com.android.settings.applications.PermissionsSummaryHelper.getPermissionSummary:34 
08-06 22:28:55.796   727   727 D AppUtils: Have 0 number of activities in preferred list
08-06 22:28:55.801   727  5742 D Index   : Indexing locale 'zh_CN' took 12 millis
08-06 22:28:55.832   429  4696 E BatteryStatsService: no controller energy info supplied
08-06 22:28:55.832   429  4696 E BatteryStatsService: no controller energy info supplied
08-06 22:28:55.837   429  4696 E BatteryStatsService: modem info is invalid: ModemActivityInfo{ mTimestamp=2553463 mSleepTimeMs=0 mIdleTimeMs=0 mTxTimeMs[]=[0, 0, 0, 0, 0] mRxTimeMs=0 mEnergyUsed=0}
08-06 22:28:55.888   429  2270 I ProcessStatsService: Added stats: 2022-08-06-20-34-36, over +30m4s283ms
08-06 22:28:55.888   727   806 D mali_winsys: EGLint new_window_surface(egl_winsys_display *, void *, EGLSurface, EGLConfig, egl_winsys_surface **, egl_color_buffer_format *, EGLBoolean) returns 0x3000
08-06 22:28:55.897   429  2270 I ProcessStatsService: Added stats: 2022-08-06-20-01-42, over +30m4s666ms
08-06 22:28:55.913   727  5742 W ProcStatsManager: No process com.android.providers.calendar/10002 for service com.android.providers.calendar.EmptyService
08-06 22:28:55.913   727  5742 W ProcStatsManager: No process com.android.providers.calendar/10002 for service com.android.providers.calendar.CalendarProviderIntentService
08-06 22:28:55.914   727  5742 W ProcStatsManager: No process com.tencent.ilink.ServiceProcess/10021 for service com.tencent.ilinkservice.IlinkService
08-06 22:28:55.914   727  5742 W ProcStatsManager: No process com.android.printspooler/10040 for service com.android.printspooler.model.PrintSpoolerService
08-06 22:28:55.916   727  5742 W ProcStatsManager: No process com.android.webview:webview_service/10044 for service org.chromium.android_webview.services.VariationsSeedServer
08-06 22:28:55.917   727  5742 W ProcStatsManager: No process com.android.onetimeinitializer/10009 for service com.android.onetimeinitializer.OneTimeInitializerService
08-06 22:28:55.917   727  5742 W ProcStatsManager: No process com.android.keychain/1000 for service com.android.keychain.KeyChainService
08-06 22:28:55.917   727  5742 W ProcStatsManager: No process com.android.packageinstaller/1000 for service com.android.packageinstaller.permission.service.RuntimePermissionPresenterServiceImpl
08-06 22:28:55.949   429  2270 I ProcessStatsService: Added stats: 2022-08-06-20-34-36, over +30m4s283ms
08-06 22:28:55.963   429  2270 I ProcessStatsService: Added stats: 2022-08-06-20-01-42, over +30m4s666ms
08-06 22:28:55.981   727  5742 W ProcStatsManager: No process com.android.providers.calendar/10002 for service com.android.providers.calendar.EmptyService
08-06 22:28:55.981   727  5742 W ProcStatsManager: No process com.android.providers.calendar/10002 for service com.android.providers.calendar.CalendarProviderIntentService
08-06 22:28:55.982   727  5742 W ProcStatsManager: No process com.tencent.ilink.ServiceProcess/10021 for service com.tencent.ilinkservice.IlinkService
08-06 22:28:55.982   727  5742 W ProcStatsManager: No process com.android.printspooler/10040 for service com.android.printspooler.model.PrintSpoolerService
08-06 22:28:55.982   727  5742 W ProcStatsManager: No process com.android.webview:webview_service/10044 for service org.chromium.android_webview.services.VariationsSeedServer
08-06 22:28:55.982   727  5742 W ProcStatsManager: No process com.android.onetimeinitializer/10009 for service com.android.onetimeinitializer.OneTimeInitializerService
08-06 22:28:55.982   727  5742 W ProcStatsManager: No process com.android.keychain/1000 for service com.android.keychain.KeyChainService
08-06 22:28:55.982   727  5742 W ProcStatsManager: No process com.android.packageinstaller/1000 for service com.android.packageinstaller.permission.service.RuntimePermissionPresenterServiceImpl
08-06 22:28:56.030   429   534 I ActivityManager: Displayed com.android.settings/.SubSettings: +378ms
08-06 22:28:56.036   727   727 D AppUtils: Have 0 number of activities in preferred list
08-06 22:28:56.125   727   727 W IInputConnectionWrapper: finishComposingText on inactive InputConnection
08-06 22:28:56.181   727   806 D OpenGLRenderer: endAllActiveAnimators on 0x7d37e86400 (ListView) with handle 0x7d36f7ff40
08-06 22:28:57.126   429  2270 I ActivityManager: START u0 {act=android.intent.action.MAIN cmp=com.android.settings/.SubSettings (has extras)} from uid 1000 on display 0
08-06 22:28:57.191   727   727 D SubSettings: Launching fragment com.android.settings.applications.AppStorageSettings
08-06 22:28:57.218   727   727 D StorageManager: probeEmmc find /sys/block/mmcblk1rpmb
08-06 22:28:57.249   727  5740 D Index   : Indexing locale 'zh_CN' took 6 millis
08-06 22:28:57.271   727  5740 D Index   : Indexing locale 'zh_CN' took 12 millis
08-06 22:28:57.343   727   806 D mali_winsys: EGLint new_window_surface(egl_winsys_display *, void *, EGLSurface, EGLConfig, egl_winsys_surface **, egl_color_buffer_format *, EGLBoolean) returns 0x3000
08-06 22:28:57.467   429   534 I ActivityManager: Displayed com.android.settings/.SubSettings: +315ms
08-06 22:28:57.521   727   806 D OpenGLRenderer: endAllActiveAnimators on 0x7d18077c00 (RippleDrawable) with handle 0x7d3636ec60
08-06 22:28:58.401   727   806 D mali_winsys: EGLint new_window_surface(egl_winsys_display *, void *, EGLSurface, EGLConfig, egl_winsys_surface **, egl_color_buffer_format *, EGLBoolean) returns 0x3000
08-06 22:28:59.510   727   727 I AppStorageSettings: Clearing user data for package : com.huanaixin.antigen
08-06 22:28:59.512   429  5536 I ActivityManager: Force stopping com.huanaixin.antigen appid=10045 user=0: clear data
08-06 22:28:59.513   429  5536 I ActivityManager: Killing 4750:com.huanaixin.antigen/u0a45 (adj 700): stop com.huanaixin.antigen
08-06 22:28:59.514   429  5536 D ActivityManager: cleanUpApplicationRecord -- 4750
08-06 22:28:59.514   429  5536 W ActivityManager: Scheduling restart of crashed service com.huanaixin.antigen/.SerialPortService in 1000ms
08-06 22:28:59.515   429  5536 W ActivityManager: Scheduling restart of crashed service com.huanaixin.antigen/.RecoService in 10999ms
08-06 22:28:59.516   429  5536 I ActivityManager:   Force finishing activity ActivityRecord{db1fb24 u0 com.huanaixin.antigen/.main.view.MainActivity t261}
08-06 22:28:59.517   429  5536 I ActivityManager:   Force stopping service ServiceRecord{7a88016 u0 com.huanaixin.antigen/.SerialPortService}
08-06 22:28:59.517   429  5536 I ActivityManager:   Force stopping service ServiceRecord{c96d97 u0 com.huanaixin.antigen/.RecoService}
08-06 22:28:59.521   429  5536 D ZenLog  : config: removeAutomaticZenRules,ZenModeConfig[user=0,allowCalls=true,allowRepeatCallers=false,allowMessages=false,allowCallsFrom=contacts,allowMessagesFrom=contacts,allowReminders=true,allowEvents=true,allowWhenScreenOff=true,allowWhenScreenOn=true,automaticRules={a9f1dfcab88646fb99113d9eff8f8821=ZenRule[enabled=false,snoozing=false,name=,zenMode=ZEN_MODE_ALARMS,conditionId=condition://android/schedule?days=1.2.3.4.5&start=22.0&end=7.0&exitAtAlarm=false,condition=Condition[id=condition://android/schedule?days=1.2.3.4.5&start=22.0&end=7.0&exitAtAlarm=false,summary=...,line1=...,line2=...,icon=0,state=STATE_FALSE,flags=2],component=ComponentInfo{android/com.android.server.notification.ScheduleConditionProvider},id=a9f1dfcab88646fb99113d9eff8f8821,creationTime=1659761094706,enabler=null], 67a762789ae044e3a8d520099a3f8e8a=ZenRule[enabled=false,snoozing=false,name=,zenMode=ZEN_MODE_ALARMS,conditionId=condition://android/event?userId=-10000&calendar=&reply=1,condition=Condition[id=condition://android/event?userId=-10000&calendar=&reply=1,summary=...,line1=...,line2=...,icon=0,state=STATE_FALSE,flags=2],component=ComponentInfo{android/com.android.server.notification.EventConditionProvider},id=67a762789ae044e3a8d520099a3f8e8a,creationTime=1659761094707,enabler=null], 23be294619e64b39b1171ce10084afcc=ZenRule[enabled=false,snoozing=false,name=,zenMode=ZEN_MODE_ALARMS,conditionId=condition://android/schedule?days=6.7&start=23.30&end=10.0&exitAtAlarm=false,condition=Condition[id=condition://android/schedule?days=6.7&start=23.30&end=10.0&exitAtAlarm=false,summary=...,line1=...,line2=...,icon=0,state=STATE_FALSE,flags=2],component=ComponentInfo{android/com.android.server.notification.ScheduleConditionProvider},id=23be294619e64b39b1171ce10084afcc,creationTime=1659761094707,enabler=null]},manualRule=null],Diff[]
08-06 22:28:59.521   429   429 D ZenLog  : set_zen_mode: off,removeAutomaticZenRules
08-06 22:28:59.542   429   507 I ActivityManager: Force stopping com.huanaixin.antigen appid=10045 user=-1: clearApplicationUserData
08-06 22:28:59.580   429   972 W InputMethodManagerService: Window already focused, ignoring focus gain of: com.android.internal.view.IInputMethodClient$Stub$Proxy@56a439f attribute=null, token = android.os.BinderProxy@4f0dc64
08-06 22:28:59.833   429   635 W InputDispatcher: channel '9811aec com.huanaixin.antigen (server)' ~ Consumer closed input channel or an error occurred.  events=0x9
08-06 22:28:59.833   429   635 E InputDispatcher: channel '9811aec com.huanaixin.antigen (server)' ~ Channel is unrecoverably broken and will be disposed!
08-06 22:28:59.835   429  2270 I MediaFocusControl: AudioFocus  removeFocusStackEntryOnDeath(): removing entry for android.os.BinderProxy@971bb4a
08-06 22:28:59.836   429  2270 D GraphicsStats: Buffer count: 10
08-06 22:28:59.836   429  2219 I WindowManager: WIN DEATH: Window{9811aec u0 com.huanaixin.antigen}
08-06 22:28:59.837   429  2219 W InputDispatcher: Attempted to unregister already unregistered input channel '9811aec com.huanaixin.antigen (server)'
08-06 22:28:59.837   258  1008 E OMXNodeInstance: !!! Observer died. Quickly, do something, ... anything...
08-06 22:28:59.839   258   287 E OMXNodeInstance: !!! Observer died. Quickly, do something, ... anything...
08-06 22:28:59.839   258  5220 E OMXNodeInstance: !!! Observer died. Quickly, do something, ... anything...
08-06 22:28:59.840   258  4894 E OMXNodeInstance: !!! Observer died. Quickly, do something, ... anything...
08-06 22:28:59.840   261   896 I chatty  : uid=1013(media) Binder:261_5 expire 43 lines
08-06 22:28:59.840   258  4697 E OMXNodeInstance: !!! Observer died. Quickly, do something, ... anything...
08-06 22:28:59.840   261  5483 I chatty  : uid=1013(media) /system/bin/mediaserver expire 30 lines
08-06 22:28:59.841   258  2490 E OMXNodeInstance: !!! Observer died. Quickly, do something, ... anything...
08-06 22:28:59.841   261  5484 I chatty  : uid=1013(media) /system/bin/mediaserver expire 1 line
08-06 22:28:59.841   258  1007 E OMXNodeInstance: !!! Observer died. Quickly, do something, ... anything...
08-06 22:28:59.842   258  3168 E OMXNodeInstance: !!! Observer died. Quickly, do something, ... anything...
08-06 22:28:59.842   258  2475 E OMXNodeInstance: !!! Observer died. Quickly, do something, ... anything...
08-06 22:28:59.842   261  5486 I chatty  : uid=1013(media) /system/bin/mediaserver expire 2 lines
08-06 22:28:59.843   258   933 E OMXNodeInstance: !!! Observer died. Quickly, do something, ... anything...
08-06 22:28:59.843   261  5763 I chatty  : uid=1013(media) /system/bin/mediaserver expire 6 lines
08-06 22:28:59.846   258  4893 E OMXNodeInstance: !!! Observer died. Quickly, do something, ... anything...
08-06 22:29:00.089   699   699 D CarrierSvcBindHelper: No carrier app for: 0
08-06 22:29:00.091   727   727 I AppStorageSettings: Cleared user data for package : com.huanaixin.antigen
08-06 22:29:00.094  5537  5537 I chatty  : uid=1027(nfc) com.android.nfc expire 18 lines
08-06 22:29:01.291   727  5742 D Index   : Indexing locale 'zh_CN' took 8 millis
08-06 22:29:01.318   727   727 D AppUtils: Have 0 number of activities in preferred list
08-06 22:29:01.379   429   972 I ProcessStatsService: Added stats: 2022-08-06-20-34-36, over +30m4s283ms
08-06 22:29:01.426   727   806 D mali_winsys: EGLint new_window_surface(egl_winsys_display *, void *, EGLSurface, EGLConfig, egl_winsys_surface **, egl_color_buffer_format *, EGLBoolean) returns 0x3000
08-06 22:29:01.431   429   972 I ProcessStatsService: Added stats: 2022-08-06-20-01-42, over +30m4s666ms
08-06 22:29:01.463   727  5742 W ProcStatsManager: No process com.android.providers.calendar/10002 for service com.android.providers.calendar.EmptyService
08-06 22:29:01.463   727  5742 W ProcStatsManager: No process com.android.providers.calendar/10002 for service com.android.providers.calendar.CalendarProviderIntentService
08-06 22:29:01.464   727  5742 W ProcStatsManager: No process com.tencent.ilink.ServiceProcess/10021 for service com.tencent.ilinkservice.IlinkService
08-06 22:29:01.464   727  5742 W ProcStatsManager: No process com.android.printspooler/10040 for service com.android.printspooler.model.PrintSpoolerService
08-06 22:29:01.464   727  5742 W ProcStatsManager: No process com.android.webview:webview_service/10044 for service org.chromium.android_webview.services.VariationsSeedServer
08-06 22:29:01.464   727  5742 W ProcStatsManager: No process com.android.onetimeinitializer/10009 for service com.android.onetimeinitializer.OneTimeInitializerService
08-06 22:29:01.464   727  5742 W ProcStatsManager: No process com.android.keychain/1000 for service com.android.keychain.KeyChainService
08-06 22:29:01.464   727  5742 W ProcStatsManager: No process com.android.packageinstaller/1000 for service com.android.packageinstaller.permission.service.RuntimePermissionPresenterServiceImpl
08-06 22:29:01.511   727   727 D AppUtils: Have 0 number of activities in preferred list
08-06 22:29:02.331   727  5741 D Index   : Indexing locale 'zh_CN' took 7 millis
08-06 22:29:02.418   727   806 D mali_winsys: EGLint new_window_surface(egl_winsys_display *, void *, EGLSurface, EGLConfig, egl_winsys_surface **, egl_color_buffer_format *, EGLBoolean) returns 0x3000
08-06 22:29:04.946   429  1234 I ActivityManager: START u0 {act=android.intent.action.MAIN cmp=com.android.settings/.SubSettings (has extras)} from uid 1000 on display 0
08-06 22:29:04.998   727   727 D SubSettings: Launching fragment com.android.settings.applications.InstalledAppDetails
08-06 22:29:05.062   727  5739 D Index   : Indexing locale 'zh_CN' took 8 millis
08-06 22:29:05.079   727   727 D AppUtils: Have 0 number of activities in preferred list
08-06 22:29:05.081   727  5739 D Index   : Indexing locale 'zh_CN' took 9 millis
08-06 22:29:05.113   429   972 E BatteryStatsService: no controller energy info supplied
08-06 22:29:05.113   429   972 E BatteryStatsService: no controller energy info supplied
08-06 22:29:05.120   429   972 E BatteryStatsService: modem info is invalid: ModemActivityInfo{ mTimestamp=2562744 mSleepTimeMs=0 mIdleTimeMs=0 mTxTimeMs[]=[0, 0, 0, 0, 0] mRxTimeMs=0 mEnergyUsed=0}
08-06 22:29:05.184   429  2219 I ProcessStatsService: Added stats: 2022-08-06-20-34-36, over +30m4s283ms
08-06 22:29:05.203   429  2219 I ProcessStatsService: Added stats: 2022-08-06-20-01-42, over +30m4s666ms
08-06 22:29:05.207   727   806 D mali_winsys: EGLint new_window_surface(egl_winsys_display *, void *, EGLSurface, EGLConfig, egl_winsys_surface **, egl_color_buffer_format *, EGLBoolean) returns 0x3000
08-06 22:29:05.224   727  5739 W ProcStatsManager: No process com.android.providers.calendar/10002 for service com.android.providers.calendar.EmptyService
08-06 22:29:05.224   727  5739 W ProcStatsManager: No process com.android.providers.calendar/10002 for service com.android.providers.calendar.CalendarProviderIntentService
08-06 22:29:05.224   727  5739 W ProcStatsManager: No process com.tencent.ilink.ServiceProcess/10021 for service com.tencent.ilinkservice.IlinkService
08-06 22:29:05.224   727  5739 W ProcStatsManager: No process com.android.printspooler/10040 for service com.android.printspooler.model.PrintSpoolerService
08-06 22:29:05.224   727  5739 W ProcStatsManager: No process com.android.webview:webview_service/10044 for service org.chromium.android_webview.services.VariationsSeedServer
08-06 22:29:05.224   727  5739 W ProcStatsManager: No process com.android.onetimeinitializer/10009 for service com.android.onetimeinitializer.OneTimeInitializerService
08-06 22:29:05.224   727  5739 W ProcStatsManager: No process com.android.keychain/1000 for service com.android.keychain.KeyChainService
08-06 22:29:05.224   727  5739 W ProcStatsManager: No process com.android.packageinstaller/1000 for service com.android.packageinstaller.permission.service.RuntimePermissionPresenterServiceImpl
08-06 22:29:05.261   429  2219 I ProcessStatsService: Added stats: 2022-08-06-20-34-36, over +30m4s283ms
08-06 22:29:05.277   429  2219 I ProcessStatsService: Added stats: 2022-08-06-20-01-42, over +30m4s666ms
08-06 22:29:05.306   727  5739 W ProcStatsManager: No process com.android.providers.calendar/10002 for service com.android.providers.calendar.EmptyService
08-06 22:29:05.306   727  5739 W ProcStatsManager: No process com.android.providers.calendar/10002 for service com.android.providers.calendar.CalendarProviderIntentService
08-06 22:29:05.306   727  5739 W ProcStatsManager: No process com.tencent.ilink.ServiceProcess/10021 for service com.tencent.ilinkservice.IlinkService
08-06 22:29:05.306   727  5739 W ProcStatsManager: No process com.android.printspooler/10040 for service com.android.printspooler.model.PrintSpoolerService
08-06 22:29:05.306   727  5739 W ProcStatsManager: No process com.android.webview:webview_service/10044 for service org.chromium.android_webview.services.VariationsSeedServer
08-06 22:29:05.306   727  5739 W ProcStatsManager: No process com.android.onetimeinitializer/10009 for service com.android.onetimeinitializer.OneTimeInitializerService
08-06 22:29:05.306   727  5739 W ProcStatsManager: No process com.android.keychain/1000 for service com.android.keychain.KeyChainService
08-06 22:29:05.306   727  5739 W ProcStatsManager: No process com.android.packageinstaller/1000 for service com.android.packageinstaller.permission.service.RuntimePermissionPresenterServiceImpl
08-06 22:29:05.318   429   534 I ActivityManager: Displayed com.android.settings/.SubSettings: +359ms
08-06 22:29:05.330   727   727 D AppUtils: Have 0 number of activities in preferred list
08-06 22:29:05.408   727   727 W IInputConnectionWrapper: finishComposingText on inactive InputConnection
08-06 22:29:05.461   727   806 D OpenGLRenderer: endAllActiveAnimators on 0x7d37e86400 (ListView) with handle 0x7d1817bba0
08-06 22:29:06.207   429  2270 I ActivityManager: START u0 {act=android.intent.action.MANAGE_APP_PERMISSIONS cmp=com.android.packageinstaller/.permission.ui.ManagePermissionsActivity (has extras)} from uid 1000 on display 0
08-06 22:29:06.417  4463  4479 D mali_winsys: EGLint new_window_surface(egl_winsys_display *, void *, EGLSurface, EGLConfig, egl_winsys_surface **, egl_color_buffer_format *, EGLBoolean) returns 0x3000
08-06 22:29:06.527   429   534 I ActivityManager: Displayed com.android.packageinstaller/.permission.ui.ManagePermissionsActivity: +295ms
08-06 22:29:06.574   727   806 D OpenGLRenderer: endAllActiveAnimators on 0x7d36531c00 (RippleDrawable) with handle 0x7d1817bbe0
08-06 22:29:07.491   429   455 D VoldConnector: SND -> {13 volume remount_uid 10045 read}
08-06 22:29:07.492   220   225 D vold    : Remounting 10045 as mode read
08-06 22:29:07.503   429   639 D VoldConnector: RCV <- {200 13 Command succeeded}
08-06 22:29:07.505   429   455 D VoldConnector: SND -> {14 volume remount_uid 10045 write}
08-06 22:29:07.506   220   225 D vold    : Remounting 10045 as mode write
08-06 22:29:07.513   429   639 D VoldConnector: RCV <- {200 14 Command succeeded}
08-06 22:29:09.714   727  5741 D Index   : Indexing locale 'zh_CN' took 9 millis
08-06 22:29:09.741   727   727 D AppUtils: Have 0 number of activities in preferred list
08-06 22:29:09.800   429   972 I ProcessStatsService: Added stats: 2022-08-06-20-34-36, over +30m4s283ms
08-06 22:29:09.818   429   972 I ProcessStatsService: Added stats: 2022-08-06-20-01-42, over +30m4s666ms
08-06 22:29:09.842   727  5740 W ProcStatsManager: No process com.android.providers.calendar/10002 for service com.android.providers.calendar.EmptyService
08-06 22:29:09.842   727  5740 W ProcStatsManager: No process com.android.providers.calendar/10002 for service com.android.providers.calendar.CalendarProviderIntentService
08-06 22:29:09.842   727  5740 W ProcStatsManager: No process com.tencent.ilink.ServiceProcess/10021 for service com.tencent.ilinkservice.IlinkService
08-06 22:29:09.842   727  5740 W ProcStatsManager: No process com.android.printspooler/10040 for service com.android.printspooler.model.PrintSpoolerService
08-06 22:29:09.842   727  5740 W ProcStatsManager: No process com.android.webview:webview_service/10044 for service org.chromium.android_webview.services.VariationsSeedServer
08-06 22:29:09.842   727  5740 W ProcStatsManager: No process com.android.onetimeinitializer/10009 for service com.android.onetimeinitializer.OneTimeInitializerService
08-06 22:29:09.842   727  5740 W ProcStatsManager: No process com.android.keychain/1000 for service com.android.keychain.KeyChainService
08-06 22:29:09.855   727   806 D mali_winsys: EGLint new_window_surface(egl_winsys_display *, void *, EGLSurface, EGLConfig, egl_winsys_surface **, egl_color_buffer_format *, EGLBoolean) returns 0x3000
08-06 22:29:09.861   727   727 D AppUtils: Have 0 number of activities in preferred list
08-06 22:29:10.102   236   236 W SurfaceFlinger: couldn't log to binary event log: overflow.
08-06 22:29:10.692   429  1234 I ActivityManager: START u0 {act=android.intent.action.MAIN cmp=com.android.settings/.SubSettings (has extras)} from uid 1000 on display 0
08-06 22:29:10.744   727   727 D SubSettings: Launching fragment com.android.settings.applications.DrawOverlayDetails
08-06 22:29:10.782   727  5741 D Index   : Indexing locale 'zh_CN' took 7 millis
08-06 22:29:10.800   727  5741 D Index   : Indexing locale 'zh_CN' took 8 millis
08-06 22:29:10.866   727   806 D mali_winsys: EGLint new_window_surface(egl_winsys_display *, void *, EGLSurface, EGLConfig, egl_winsys_surface **, egl_color_buffer_format *, EGLBoolean) returns 0x3000
08-06 22:29:10.940   429   534 I ActivityManager: Displayed com.android.settings/.SubSettings: +228ms
08-06 22:29:11.038   727   806 D OpenGLRenderer: endAllActiveAnimators on 0x7d365dd400 (RippleDrawable) with handle 0x7d363674e0
08-06 22:29:12.502   727  5740 D Index   : Indexing locale 'zh_CN' took 9 millis
08-06 22:29:12.528   727   727 D AppUtils: Have 0 number of activities in preferred list
08-06 22:29:12.601   429  4696 I ProcessStatsService: Added stats: 2022-08-06-20-34-36, over +30m4s283ms
08-06 22:29:12.621   429  4696 I ProcessStatsService: Added stats: 2022-08-06-20-01-42, over +30m4s666ms
08-06 22:29:12.648   727  5740 W ProcStatsManager: No process com.android.providers.calendar/10002 for service com.android.providers.calendar.EmptyService
08-06 22:29:12.648   727  5740 W ProcStatsManager: No process com.android.providers.calendar/10002 for service com.android.providers.calendar.CalendarProviderIntentService
08-06 22:29:12.648   727  5740 W ProcStatsManager: No process com.tencent.ilink.ServiceProcess/10021 for service com.tencent.ilinkservice.IlinkService
08-06 22:29:12.648   727  5740 W ProcStatsManager: No process com.android.printspooler/10040 for service com.android.printspooler.model.PrintSpoolerService
08-06 22:29:12.648   727  5740 W ProcStatsManager: No process com.android.webview:webview_service/10044 for service org.chromium.android_webview.services.VariationsSeedServer
08-06 22:29:12.649   727  5740 W ProcStatsManager: No process com.android.onetimeinitializer/10009 for service com.android.onetimeinitializer.OneTimeInitializerService
08-06 22:29:12.649   727  5740 W ProcStatsManager: No process com.android.keychain/1000 for service com.android.keychain.KeyChainService
08-06 22:29:12.650   727   806 D mali_winsys: EGLint new_window_surface(egl_winsys_display *, void *, EGLSurface, EGLConfig, egl_winsys_surface **, egl_color_buffer_format *, EGLBoolean) returns 0x3000
08-06 22:29:12.713   727   727 D AppUtils: Have 0 number of activities in preferred list
08-06 22:29:12.898   727   727 I art     : Starting a blocking GC Explicit
08-06 22:29:12.941   727   727 I art     : Explicit concurrent mark sweep GC freed 56168(3MB) AllocSpace objects, 18(604KB) LOS objects, 39% free, 8MB/14MB, paused 414us total 42.521ms
08-06 22:29:12.951   727   727 I art     : Starting a blocking GC Explicit
08-06 22:29:12.978   727   727 I art     : Explicit concurrent mark sweep GC freed 18744(1134KB) AllocSpace objects, 1(20KB) LOS objects, 40% free, 7MB/12MB, paused 350us total 26.848ms
08-06 22:29:14.979   705   705 V DeadZone: consuming errant click: (441.91406,6.78125)
08-06 22:29:15.376   705   705 V DeadZone: consuming errant click: (437.43164,11.9375)
08-06 22:29:15.455   252   315 D AudioHardwareTiny: do_out_standby,out = 0xf085a180,device = 0x402
08-06 22:29:15.563   252   315 D alsa_route: route_set_controls() set route 24
08-06 22:29:15.563   252   315 D AudioHardwareTiny: close device
08-06 22:29:15.631   705   705 V DeadZone: consuming errant click: (435.8496,10.53125)
08-06 22:29:15.906   252   315 D AudioHardwareTiny: start_output_stream device: 402
08-06 22:29:15.907   252   315 D AudioHardwareTiny: card0 id:rockchipes8316c
08-06 22:29:15.907   252   315 D AudioHardwareTiny: SPEAKER card, got card=0,device=0
08-06 22:29:15.907   252   315 D AudioHardwareTiny: card1 id:rockchiphdmi
08-06 22:29:15.907   252   315 D AudioHardwareTiny: HDMI card, got card=1,device=0
08-06 22:29:15.907   252   315 D AudioHardwareTiny: No exist proc/asound/card2/id, break and finish parsing
08-06 22:29:15.907   252   315 D AudioHardwareTiny: dump out device info
08-06 22:29:15.907   252   315 D AudioHardwareTiny: dev_info SPEAKER  card=0, device:0
08-06 22:29:15.907   252   315 D AudioHardwareTiny: dev_info HDMI  card=1, device:0
08-06 22:29:15.907   252   315 D AudioHardwareTiny: dev_info SPDIF  card=0, device:0
08-06 22:29:15.907   252   315 D AudioHardwareTiny: dev_info BT  card=0, device:0
08-06 22:29:15.907   252   315 D alsa_route: route_info->sound_card 0, route_info->devices 0  
08-06 22:29:15.908   252   315 D AudioHardwareTiny: The current HDMI is DVI mode
08-06 22:29:16.050   727  5742 D Index   : Indexing locale 'zh_CN' took 8 millis
08-06 22:29:16.133   727   806 D mali_winsys: EGLint new_window_surface(egl_winsys_display *, void *, EGLSurface, EGLConfig, egl_winsys_surface **, egl_color_buffer_format *, EGLBoolean) returns 0x3000
08-06 22:29:16.400   727   727 I art     : Starting a blocking GC Explicit
08-06 22:29:16.443   727   727 I art     : Explicit concurrent mark sweep GC freed 7663(718KB) AllocSpace objects, 0(0B) LOS objects, 40% free, 7MB/12MB, paused 305us total 42.169ms
08-06 22:29:16.444   727   727 I art     : Starting a blocking GC Explicit
08-06 22:29:16.468   727   727 I art     : Explicit concurrent mark sweep GC freed 701(28KB) AllocSpace objects, 0(0B) LOS objects, 40% free, 7MB/12MB, paused 227us total 23.170ms
08-06 22:29:17.567   705   899 I vol.Events: writeEvent active_stream_changed STREAM_RING
08-06 22:29:17.571   705   899 I vol.Events: writeEvent key STREAM_RING 5
08-06 22:29:17.581   705   705 I vol.Events: writeEvent show_dialog volume_changed keyguard=false
08-06 22:29:17.632   705   967 D mali_winsys: EGLint new_window_surface(egl_winsys_display *, void *, EGLSurface, EGLConfig, egl_winsys_surface **, egl_color_buffer_format *, EGLBoolean) returns 0x3000
08-06 22:29:17.661   429   534 W ResourceType: Invalid package identifier when getting bag for resource number 0xffffffff
08-06 22:29:18.439   727  2674 W DataUsageController: Failed to get data usage, no subscriber id
08-06 22:29:18.487   727   727 D DashboardSummary: onConditionsChanged
08-06 22:29:18.488   727   806 D mali_winsys: EGLint new_window_surface(egl_winsys_display *, void *, EGLSurface, EGLConfig, egl_winsys_surface **, egl_color_buffer_format *, EGLBoolean) returns 0x3000
08-06 22:29:18.490   727  5741 D Index   : Indexing locale 'zh_CN' took 60 millis
08-06 22:29:18.568  1759  1809 I mars::stn: [longlink_connect_monitor.cc, OnHeartbeatAlarmSet, 448]:longlink_progress on_heartbeat_set, time: 2576198, time interval:210000
08-06 22:29:18.570   429  2219 I ProcessStatsService: Added stats: 2022-08-06-20-34-36, over +30m4s283ms
08-06 22:29:18.573   429  1234 E BatteryStatsService: no controller energy info supplied
08-06 22:29:18.573   429  1234 E BatteryStatsService: no controller energy info supplied
08-06 22:29:18.591   429  1234 E BatteryStatsService: modem info is invalid: ModemActivityInfo{ mTimestamp=2576206 mSleepTimeMs=0 mIdleTimeMs=0 mTxTimeMs[]=[0, 0, 0, 0, 0] mRxTimeMs=0 mEnergyUsed=0}
08-06 22:29:18.597   429  2219 I ProcessStatsService: Added stats: 2022-08-06-20-01-42, over +30m4s666ms
08-06 22:29:18.627   727  2674 W ProcStatsManager: No process com.android.providers.calendar/10002 for service com.android.providers.calendar.EmptyService
08-06 22:29:18.627   727  2674 W ProcStatsManager: No process com.android.providers.calendar/10002 for service com.android.providers.calendar.CalendarProviderIntentService
08-06 22:29:18.627   727  2674 W ProcStatsManager: No process com.tencent.ilink.ServiceProcess/10021 for service com.tencent.ilinkservice.IlinkService
08-06 22:29:18.627   727  2674 W ProcStatsManager: No process com.android.printspooler/10040 for service com.android.printspooler.model.PrintSpoolerService
08-06 22:29:18.627   727  2674 W ProcStatsManager: No process com.android.webview:webview_service/10044 for service org.chromium.android_webview.services.VariationsSeedServer
08-06 22:29:18.627   727  2674 W ProcStatsManager: No process com.android.onetimeinitializer/10009 for service com.android.onetimeinitializer.OneTimeInitializerService
08-06 22:29:18.627   727  2674 W ProcStatsManager: No process com.android.keychain/1000 for service com.android.keychain.KeyChainService
08-06 22:29:18.658   727   727 W IInputConnectionWrapper: finishComposingText on inactive InputConnection
08-06 22:29:18.738  1759  1809 I mars::stn: [longlink_connect_monitor.cc, OnHeartbeatAlarmSet, 448]:longlink_progress on_heartbeat_set, time: 2576367, time interval:210000
08-06 22:29:18.852  1267  1267 W ViewRootImpl[Launcher]: Dropping event due to no window focus: KeyEvent { action=ACTION_DOWN, keyCode=KEYCODE_BACK, scanCode=0, metaState=0, flags=0x48, repeatCount=0, eventTime=2576374, downTime=2576374, deviceId=-1, source=0x101 }
08-06 22:29:18.853  1267  1329 D mali_winsys: EGLint new_window_surface(egl_winsys_display *, void *, EGLSurface, EGLConfig, egl_winsys_surface **, egl_color_buffer_format *, EGLBoolean) returns 0x3000
08-06 22:29:19.199  1267  1329 W OpenGLRenderer: Incorrectly called buildLayer on View: QsbContainerView, destroying layer...
08-06 22:29:19.772   705   705 I vol.Events: writeEvent dismiss_dialog touch_outside
08-06 22:29:19.773   705   899 I vol.Events: writeEvent active_stream_changed UNKNOWN_STREAM_-1
08-06 22:29:21.152   705   899 I vol.Events: writeEvent active_stream_changed STREAM_RING
08-06 22:29:21.157   705   899 I vol.Events: writeEvent key STREAM_RING 5
08-06 22:29:21.168   705   705 I vol.Events: writeEvent show_dialog volume_changed keyguard=false
08-06 22:29:21.200   705   967 D mali_winsys: EGLint new_window_surface(egl_winsys_display *, void *, EGLSurface, EGLConfig, egl_winsys_surface **, egl_color_buffer_format *, EGLBoolean) returns 0x3000
08-06 22:29:21.970   705   705 I vol.Events: writeEvent dismiss_dialog touch_outside
08-06 22:29:21.972   705   899 I vol.Events: writeEvent active_stream_changed UNKNOWN_STREAM_-1
08-06 22:29:23.025   429  4696 I ActivityManager: START u0 {act=android.intent.action.MAIN cat=[android.intent.category.LAUNCHER] flg=0x10200000 cmp=com.huanaixin.antigen/.main.view.MainActivity bnds=[186,119][363,348] (has extras)} from uid 10033 on display 0
08-06 22:29:23.051   429  4696 I ActivityManager: Start proc 5782:com.huanaixin.antigen/u0a45 for activity com.huanaixin.antigen/.main.view.MainActivity
08-06 22:29:23.053  5782  5782 I chatty  : uid=10045(com.huanaixin.antigen) expire 270 lines
08-06 22:29:23.250  5782  5801 I chatty  : uid=10045(com.huanaixin.antigen) expire 2 lines
08-06 22:29:26.131   252   315 D AudioHardwareTiny: do_out_standby,out = 0xf085a180,device = 0x402
08-06 22:29:26.240   252   315 D alsa_route: route_set_controls() set route 24
08-06 22:29:26.240   252   315 D AudioHardwareTiny: close device
08-06 22:29:26.739  5782  5804 I chatty  : uid=10045(com.huanaixin.antigen) expire 12 lines
08-06 22:29:26.740  5782  5805 I chatty  : uid=10045(com.huanaixin.antigen) expire 10 lines
08-06 22:29:26.747  5782  5806 I chatty  : uid=10045(com.huanaixin.antigen) expire 4 lines
08-06 22:29:27.753  5782  5807 I chatty  : uid=10045(com.huanaixin.antigen) expire 2 lines
08-06 22:29:28.259  5782  5799 I chatty  : uid=10045(com.huanaixin.antigen) expire 11 lines
08-06 22:29:28.579   429   534 I ActivityManager: Displayed com.huanaixin.antigen/.main.view.MainActivity: +5s540ms
08-06 22:29:28.590   760   760 W InputMethodService: Window size has been changed. This may cause jankiness of resizing window: -1 -> -2
08-06 22:29:28.611   760   760 E AndroidIME: dV: Undefined Keyboard State: LANG_ZH_CN
08-06 22:29:28.631   760   760 I LatinIme: initialize() : Language = en
