08-06 22:26:23.375  5529  5529 F DEBUG   : backtrace:
08-06 22:26:23.375  5529  5529 F DEBUG   :     #00 pc 000000000006bb44  /system/lib64/libc.so (tgkill+8)
08-06 22:26:23.375  5529  5529 F DEBUG   :     #01 pc 0000000000068f64  /system/lib64/libc.so (pthread_kill+64)
08-06 22:26:23.375  5529  5529 F DEBUG   :     #02 pc 0000000000023f58  /system/lib64/libc.so (raise+24)
08-06 22:26:23.375  5529  5529 F DEBUG   :     #03 pc 000000000001c810  /system/lib64/libc.so (abort+52)
08-06 22:26:23.376  5529  5529 F DEBUG   :     #04 pc 000000000001f454  /system/lib64/libnfc_st_jni.so
08-06 22:26:23.376  5529  5529 F DEBUG   :     #05 pc 00000000000f9480  /system/app/Nfc_st/oat/arm64/Nfc_st.odex (offset 0x98000)
08-06 22:26:23.819   429   733 I ActivityManager: START u0 {cmp=com.huanaixin.antigen/.function.test.view.BindReagentActivity} from uid 10045 on display 0
08-06 22:26:24.205   429   429 W WindowManager: Attempted to remove non-existing token: android.os.Binder@f3ea2fe
08-06 22:26:24.422   429   530 I BootReceiver: Copying /data/tombstones/tombstone_02 to DropBox (SYSTEM_TOMBSTONE)
08-06 22:26:24.453   429   972 I ActivityManager: Process com.android.nfc (pid 4943) has died
08-06 22:26:24.453   429   972 D ActivityManager: cleanUpApplicationRecord -- 4943
08-06 22:26:24.453   429   972 W ActivityManager: Re-adding persistent process ProcessRecord{2948b41 4943:com.android.nfc/1027}
08-06 22:26:24.478   429   972 I ActivityManager: Start proc 5537:com.android.nfc/1027 for restart com.android.nfc
08-06 22:26:44.061   429  2219 I ActivityManager: START u0 {cmp=com.huanaixin.antigen/.function.test.view.BindReagentResultActivity} from uid 10045 on display 0
08-06 22:26:44.155  4750  4750 W ViewRootImpl[BindReagentActivity]: Cancelling event due to no window focus: KeyEvent { action=ACTION_UP, keyCode=KEYCODE_ENTER, scanCode=28, metaState=0, flags=0x28, repeatCount=0, eventTime=2421695, downTime=2421687, deviceId=8, source=0x101 }
08-06 22:26:44.155  4750  4750 W ViewRootImpl[BindReagentActivity]: Cancelling event due to no window focus: KeyEvent { action=ACTION_UP, keyCode=KEYCODE_ENTER, scanCode=28, metaState=0, flags=0x28, repeatCount=0, eventTime=2421695, downTime=2421687, deviceId=8, source=0x101 }
08-06 22:26:44.155  4750  4750 W ViewRootImpl[BindReagentActivity]: Cancelling event due to no window focus: KeyEvent { action=ACTION_UP, keyCode=KEYCODE_ENTER, scanCode=28, metaState=0, flags=0x28, repeatCount=0, eventTime=2421695, downTime=2421687, deviceId=8, source=0x101 }
08-06 22:26:44.227  4750  4750 W ViewRootImpl[BindReagentResultActivity]: Cancelling event due to no window focus: KeyEvent { action=ACTION_UP, keyCode=KEYCODE_ENTER, scanCode=28, metaState=0, flags=0x28, repeatCount=0, eventTime=2421691, downTime=2421687, deviceId=8, source=0x101 }
08-06 22:26:44.227  4750  4750 W ViewRootImpl[BindReagentResultActivity]: Cancelling event due to no window focus: KeyEvent { action=ACTION_UP, keyCode=KEYCODE_ENTER, scanCode=28, metaState=0, flags=0x28, repeatCount=0, eventTime=2421691, downTime=2421687, deviceId=8, source=0x101 }
08-06 22:26:44.227  4750  4750 W ViewRootImpl[BindReagentResultActivity]: Cancelling event due to no window focus: KeyEvent { action=ACTION_UP, keyCode=KEYCODE_ENTER, scanCode=28, metaState=0, flags=0x28, repeatCount=0, eventTime=2421691, downTime=2421687, deviceId=8, source=0x101 }
08-06 22:26:44.227  4750  4750 W ViewRootImpl[BindReagentResultActivity]: Cancelling event due to no window focus: KeyEvent { action=ACTION_UP, keyCode=KEYCODE_ENTER, scanCode=28, metaState=0, flags=0x28, repeatCount=0, eventTime=2421691, downTime=2421687, deviceId=8, source=0x101 }
08-06 22:26:44.227  4750  4750 W ViewRootImpl[BindReagentResultActivity]: Cancelling event due to no window focus: KeyEvent { action=ACTION_UP, keyCode=KEYCODE_ENTER, scanCode=28, metaState=0, flags=0x28, repeatCount=0, eventTime=2421691, downTime=2421687, deviceId=8, source=0x101 }
08-06 22:26:44.227  4750  4750 W ViewRootImpl[BindReagentResultActivity]: Cancelling event due to no window focus: KeyEvent { action=ACTION_UP, keyCode=KEYCODE_ENTER, scanCode=28, metaState=0, flags=0x28, repeatCount=0, eventTime=2421691, downTime=2421687, deviceId=8, source=0x101 }
08-06 22:26:44.228  4750  4750 W ViewRootImpl[BindReagentResultActivity]: Cancelling event due to no window focus: KeyEvent { action=ACTION_UP, keyCode=KEYCODE_ENTER, scanCode=28, metaState=0, flags=0x28, repeatCount=0, eventTime=2421691, downTime=2421687, deviceId=8, source=0x101 }
08-06 22:26:44.228  4750  4750 W ViewRootImpl[BindReagentResultActivity]: Cancelling event due to no window focus: KeyEvent { action=ACTION_UP, keyCode=KEYCODE_ENTER, scanCode=28, metaState=0, flags=0x28, repeatCount=0, eventTime=2421691, downTime=2421687, deviceId=8, source=0x101 }
08-06 22:26:44.228  4750  4750 W ViewRootImpl[BindReagentResultActivity]: Cancelling event due to no window focus: KeyEvent { action=ACTION_UP, keyCode=KEYCODE_ENTER, scanCode=28, metaState=0, flags=0x28, repeatCount=0, eventTime=2421691, downTime=2421687, deviceId=8, source=0x101 }
08-06 22:26:45.342   429   972 I ActivityManager: START u0 {cmp=com.huanaixin.antigen/.function.pay.view.ChoosePayTypeActivity} from uid 10045 on display 0
08-06 22:26:46.700   429   972 I ActivityManager: START u0 {cmp=com.huanaixin.antigen/.function.pay.view.PayQrcodeActivity (has extras)} from uid 10045 on display 0
08-06 22:26:47.105   429  2219 W InputMethodManagerService: Window already focused, ignoring focus gain of: com.android.internal.view.IInputMethodClient$Stub$Proxy@42570cd attribute=null, token = android.os.BinderProxy@5a27834
08-06 22:26:58.585   429  5536 I ActivityManager: START u0 {cmp=com.huanaixin.antigen/.function.pay.view.PaySucActivity} from uid 10045 on display 0
08-06 22:26:58.732   429   972 I ActivityManager: START u0 {cmp=com.huanaixin.antigen/.function.pay.view.PaySucActivity} from uid 10045 on display 0
08-06 22:26:58.733   429   972 W ActivityManager: startActivity called from finishing ActivityRecord{c702921 u0 com.huanaixin.antigen/.function.pay.view.PayQrcodeActivity t261 f}; forcing Intent.FLAG_ACTIVITY_NEW_TASK for: Intent { cmp=com.huanaixin.antigen/.function.pay.view.PaySucActivity }
08-06 22:26:58.738   429  2270 W ActivityManager: Duplicate finish request for ActivityRecord{c702921 u0 com.huanaixin.antigen/.function.pay.view.PayQrcodeActivity t261 f}
08-06 22:26:58.989   429  2219 I ActivityManager: START u0 {cmp=com.huanaixin.antigen/.function.pay.view.PaySucActivity} from uid 10045 on display 0
08-06 22:26:58.993   429  2219 W ActivityManager: startActivity called from finishing ActivityRecord{c702921 u0 com.huanaixin.antigen/.function.pay.view.PayQrcodeActivity t261 f}; forcing Intent.FLAG_ACTIVITY_NEW_TASK for: Intent { cmp=com.huanaixin.antigen/.function.pay.view.PaySucActivity }
08-06 22:26:59.005   429   972 W ActivityManager: Duplicate finish request for ActivityRecord{c702921 u0 com.huanaixin.antigen/.function.pay.view.PayQrcodeActivity t261 f}
08-06 22:27:00.741   429  5536 I ActivityManager: START u0 {cmp=com.huanaixin.antigen/.function.test.view.ReagentActionActivity} from uid 10045 on display 0
08-06 22:27:01.027   429   429 W WindowManager: Attempted to remove non-existing token: android.os.Binder@c17187e
08-06 22:27:01.165   429   626 V UsbDeviceManager: USB UEVENT: {DEVNAME=video0, SUBSYSTEM=video4linux, SEQNUM=2728, MAJOR=81, ACTION=remove, MINOR=0, DEVPATH=/devices/platform/usb@fe800000/fe800000.dwc3/xhci-hcd.9.auto/usb5/5-1/5-1.4/5-1.4.3/5-1.4.3:1.0/video4linux/video0}
08-06 22:27:01.165   429   626 D UsbDeviceManager: subSystem:video4linux,devPath:/devices/platform/usb@fe800000/fe800000.dwc3/xhci-hcd.9.auto/usb5/5-1/5-1.4/5-1.4.3/5-1.4.3:1.0/video4linux/video0
08-06 22:27:01.165   429   530 D UsbService: dev dir has changed :video0
08-06 22:27:01.165   429   626 V UsbDeviceManager: USB UEVENT: {DEVNAME=video1, SUBSYSTEM=video4linux, SEQNUM=2729, MAJOR=81, ACTION=remove, MINOR=1, DEVPATH=/devices/platform/usb@fe800000/fe800000.dwc3/xhci-hcd.9.auto/usb5/5-1/5-1.4/5-1.4.3/5-1.4.3:1.0/video4linux/video1}
08-06 22:27:01.165   429   530 D UsbService: delete :video0
08-06 22:27:01.165   429   626 D UsbDeviceManager: subSystem:video4linux,devPath:/devices/platform/usb@fe800000/fe800000.dwc3/xhci-hcd.9.auto/usb5/5-1/5-1.4/5-1.4.3/5-1.4.3:1.0/video4linux/video1
08-06 22:27:01.165   429   530 D UsbService: usb camera removed
08-06 22:27:01.165   429   626 V UsbDeviceManager: USB UEVENT: {DEVNAME=input/event2, SUBSYSTEM=input, SEQNUM=2730, MAJOR=13, ACTION=remove, MINOR=66, DEVPATH=/devices/platform/usb@fe800000/fe800000.dwc3/xhci-hcd.9.auto/usb5/5-1/5-1.4/5-1.4.3/5-1.4.3:1.0/input/input48/event2}
08-06 22:27:01.165   429   626 D UsbDeviceManager: subSystem:input,devPath:/devices/platform/usb@fe800000/fe800000.dwc3/xhci-hcd.9.auto/usb5/5-1/5-1.4/5-1.4.3/5-1.4.3:1.0/input/input48/event2
08-06 22:27:01.174   429   626 V UsbDeviceManager: USB UEVENT: {DEVNAME=video6, SUBSYSTEM=video4linux, SEQNUM=2731, MAJOR=81, ACTION=remove, MINOR=6, DEVPATH=/devices/platform/fe3c0000.usb/usb2/2-1/2-1.2/2-1.2.1/2-1.2.1:1.0/video4linux/video6}
08-06 22:27:01.174   429   626 D UsbDeviceManager: subSystem:video4linux,devPath:/devices/platform/fe3c0000.usb/usb2/2-1/2-1.2/2-1.2.1/2-1.2.1:1.0/video4linux/video6
08-06 22:27:01.174   429   626 V UsbDeviceManager: USB UEVENT: {DEVNAME=video7, SUBSYSTEM=video4linux, SEQNUM=2732, MAJOR=81, ACTION=remove, MINOR=7, DEVPATH=/devices/platform/fe3c0000.usb/usb2/2-1/2-1.2/2-1.2.1/2-1.2.1:1.0/video4linux/video7}
08-06 22:27:01.174   429   626 D UsbDeviceManager: subSystem:video4linux,devPath:/devices/platform/fe3c0000.usb/usb2/2-1/2-1.2/2-1.2.1/2-1.2.1:1.0/video4linux/video7
08-06 22:27:01.227   429   626 V UsbDeviceManager: USB UEVENT: {PROP=0, SUBSYSTEM=input, PRODUCT=3/c45/6366/100, SEQNUM=2733, EV=3, ACTION=remove, DEVPATH=/devices/platform/usb@fe800000/fe800000.dwc3/xhci-hcd.9.auto/usb5/5-1/5-1.4/5-1.4.3/5-1.4.3:1.0/input/input48, PHYS="usb-xhci-hcd.9.auto-1.4.3/button", KEY=100000 0 0 0 0 0 0, NAME="XRZ-RGB-USB-CAMERA-V1.0.0", MODALIAS=input:b0003v0C45p6366e0100-e0,1,kD4,ramlsfw}
08-06 22:27:01.227   429   626 D UsbDeviceManager: subSystem:input,devPath:/devices/platform/usb@fe800000/fe800000.dwc3/xhci-hcd.9.auto/usb5/5-1/5-1.4/5-1.4.3/5-1.4.3:1.0/input/input48
08-06 22:27:01.228   429   626 V UsbDeviceManager: USB UEVENT: {DEVNAME=input/event7, SUBSYSTEM=input, SEQNUM=2734, MAJOR=13, ACTION=remove, MINOR=71, DEVPATH=/devices/platform/fe3c0000.usb/usb2/2-1/2-1.2/2-1.2.1/2-1.2.1:1.0/input/input51/event7}
08-06 22:27:01.228   429   626 D UsbDeviceManager: subSystem:input,devPath:/devices/platform/fe3c0000.usb/usb2/2-1/2-1.2/2-1.2.1/2-1.2.1:1.0/input/input51/event7
08-06 22:27:01.229   429   626 V UsbDeviceManager: USB UEVENT: {DEVNAME=media0, SUBSYSTEM=media, SEQNUM=2735, MAJOR=251, ACTION=remove, MINOR=0, DEVPATH=/devices/platform/usb@fe800000/fe800000.dwc3/xhci-hcd.9.auto/usb5/5-1/5-1.4/5-1.4.3/5-1.4.3:1.0/media0}
08-06 22:27:01.229   429   626 D UsbDeviceManager: subSystem:media,devPath:/devices/platform/usb@fe800000/fe800000.dwc3/xhci-hcd.9.auto/usb5/5-1/5-1.4/5-1.4.3/5-1.4.3:1.0/media0
08-06 22:27:01.251   429   530 W ContextImpl: Calling a method in the system process without a qualified user: android.app.ContextImpl.sendBroadcast:881 com.android.server.usb.UsbService.updateCameraNum:183 com.android.server.usb.UsbService.-wrap1:-1 com.android.server.usb.UsbService$2.onEvent:202 android.os.FileObserver$ObserverThread.onEvent:123 
08-06 22:27:01.259   429   530 D UsbService: usb camera num = 2
08-06 22:27:01.259   429   530 D UsbService: dev dir has changed :video1
08-06 22:27:01.259   429   530 D UsbService: delete :video1
08-06 22:27:01.259   429   530 I UsbService: the same video changed, ignore this!
08-06 22:27:01.259   429   530 D UsbService: dev dir has changed :video6
08-06 22:27:01.259   429   530 D UsbService: delete :video6
08-06 22:27:01.259   429   530 I UsbService: the same video changed, ignore this!
08-06 22:27:01.259   429   530 D UsbService: dev dir has changed :video7
08-06 22:27:01.259   429   530 D UsbService: delete :video7
08-06 22:27:01.259   429   530 I UsbService: the same video changed, ignore this!
08-06 22:27:01.259   429   530 D UsbService: dev dir has changed :media0
08-06 22:27:01.259   429   530 D UsbService: delete :media0
08-06 22:27:01.294   429   626 V UsbDeviceManager: USB UEVENT: {PROP=0, SUBSYSTEM=input, PRODUCT=3/bda/3468/1, SEQNUM=2736, EV=3, ACTION=remove, DEVPATH=/devices/platform/fe3c0000.usb/usb2/2-1/2-1.2/2-1.2.1/2-1.2.1:1.0/input/input51, PHYS="usb-fe3c0000.usb-1.2.1/button", KEY=100000 0 0 0 0 0 0, NAME="USB RGB Camera", MODALIAS=input:b0003v0BDAp3468e0001-e0,1,kD4,ramlsfw}
08-06 22:27:01.294   429   626 D UsbDeviceManager: subSystem:input,devPath:/devices/platform/fe3c0000.usb/usb2/2-1/2-1.2/2-1.2.1/2-1.2.1:1.0/input/input51
08-06 22:27:01.295   429   626 V UsbDeviceManager: USB UEVENT: {DEVNAME=media3, SUBSYSTEM=media, SEQNUM=2737, MAJOR=251, ACTION=remove, MINOR=3, DEVPATH=/devices/platform/fe3c0000.usb/usb2/2-1/2-1.2/2-1.2.1/2-1.2.1:1.0/media3}
08-06 22:27:01.295   429   626 D UsbDeviceManager: subSystem:media,devPath:/devices/platform/fe3c0000.usb/usb2/2-1/2-1.2/2-1.2.1/2-1.2.1:1.0/media3
08-06 22:27:01.295   429   530 D UsbService: dev dir has changed :media3
08-06 22:27:01.295   429   530 D UsbService: delete :media3
--------- beginning of main
08-06 22:27:03.956   252  2013 E APM_AudioPolicyManager: startInput(614) failed: other input 630 already started
08-06 22:27:03.957   252  5649 D AudioHardwareTiny: in->Device     : 0x4
08-06 22:27:03.957   252  5649 D AudioHardwareTiny: in->SampleRate : 44100
08-06 22:27:03.957   252  5649 D AudioHardwareTiny: in->Channels   : 2
08-06 22:27:03.957   252  5649 D AudioHardwareTiny: in->Formate    : 0
08-06 22:27:03.957   252  5649 D AudioHardwareTiny: in->PreiodSize : 1024
08-06 22:27:03.957   252  5649 D AudioHardwareTiny: MIC card, got card=0,device=0
08-06 22:27:03.958   252  5649 D AudioHardwareTiny: No exist proc/asound/card2/id, break and finish parsing
08-06 22:27:03.958   252  5649 D AudioHardwareTiny: dump in device info
08-06 22:27:03.958   252  5649 D AudioHardwareTiny: dev_info MIC  card=0, device:0
08-06 22:27:03.958   252  5649 D AudioHardwareTiny: dev_info BT  card=0, device:0
08-06 22:27:03.958   252  5649 D AudioHardwareTiny: getInputRouteFromDevice:device:80000004
08-06 22:27:03.958   252  5649 D alsa_route: route_info->sound_card 0, route_info->devices 0  
08-06 22:27:03.958   252  5649 D alsa_route: route_set_controls() set route 21
08-06 22:27:03.962   258  4697 E ROCKCHIP_VIDEO_ENCCONTROL: Rkvpu_OMX_AllocateBuffer(252): Rkvpu_OMX_AllocateBuffer in
08-06 22:27:03.962   258  4697 E ROCKCHIP_VIDEO_ENCCONTROL: Rkvpu_OMX_AllocateBuffer(337): Rkvpu_OMX_AllocateBuffer in ret = 0x0
08-06 22:27:03.963   258   287 E ROCKCHIP_VIDEO_ENCCONTROL: Rkvpu_OMX_AllocateBuffer(252): Rkvpu_OMX_AllocateBuffer in
08-06 22:27:03.963   258   287 E ROCKCHIP_VIDEO_ENCCONTROL: Rkvpu_OMX_AllocateBuffer(337): Rkvpu_OMX_AllocateBuffer in ret = 0x0
08-06 22:27:03.966   258  1008 E ROCKCHIP_VIDEO_ENCCONTROL: Rkvpu_OMX_AllocateBuffer(252): Rkvpu_OMX_AllocateBuffer in
08-06 22:27:03.966   258  1008 E ROCKCHIP_VIDEO_ENCCONTROL: Rkvpu_OMX_AllocateBuffer(337): Rkvpu_OMX_AllocateBuffer in ret = 0x0
08-06 22:27:03.967   258   287 E ROCKCHIP_VIDEO_ENCCONTROL: Rkvpu_OMX_AllocateBuffer(252): Rkvpu_OMX_AllocateBuffer in
08-06 22:27:03.967   258   287 E ROCKCHIP_VIDEO_ENCCONTROL: Rkvpu_OMX_AllocateBuffer(337): Rkvpu_OMX_AllocateBuffer in ret = 0x0
08-06 22:27:03.967   258  5637 E ROCKCHIP_VIDEO_ENC: Rkvpu_Enc_ComponentInit(1264): omx decoder info : author:  uniwin
08-06 22:27:03.967   258  5637 E ROCKCHIP_VIDEO_ENC:  time: Fri, 15 Jul 2022 12:29:52 +0800 git commit 315b535dbd7810d49d7568bbce6210b3ba590c0b 
08-06 22:27:03.967   258  5637 E ROCKCHIP_VIDEO_ENC: Rkvpu_Enc_ComponentInit(1311): open vpu context new
08-06 22:27:03.967   258  5637 I vpu_api : have rkvdec------encoder
08-06 22:27:03.967   258  5637 D vpu_api : vpu_open_context in
08-06 22:27:03.968   258  5637 I ROCKCHIP_VIDEO_ENC: Rkvpu_Enc_ComponentInit(1321): use vpuapi.
08-06 22:27:03.968   258  5637 E ROCKCHIP_VIDEO_ENC: ConvertOmxAvcLevelToAvcSpecLevel(1093): ConvertOmxAvcLevelToAvcSpecLevel: 512
08-06 22:27:03.968   258  5637 I ROCKCHIP_VIDEO_ENC: Rkvpu_Enc_GetEncParams(1547): encode params init settings:
08-06 22:27:03.968   258  5637 I ROCKCHIP_VIDEO_ENC: width = 1920
08-06 22:27:03.968   258  5637 I ROCKCHIP_VIDEO_ENC: height = 1080
08-06 22:27:03.968   258  5637 I ROCKCHIP_VIDEO_ENC: bitRate = 16588800
08-06 22:27:03.968   258  5637 I ROCKCHIP_VIDEO_ENC: framerate = 30
08-06 22:27:03.968   258  5637 I ROCKCHIP_VIDEO_ENC: format = 10
08-06 22:27:03.968   258  5637 I ROCKCHIP_VIDEO_ENC: enableCabac = 0,
08-06 22:27:03.968   258  5637 I ROCKCHIP_VIDEO_ENC: cabacInitIdc = 0,
08-06 22:27:03.968   258  5637 I ROCKCHIP_VIDEO_ENC: intraPicRate = 29,
08-06 22:27:03.968   258  5637 I ROCKCHIP_VIDEO_ENC: profileIdc = 66,
08-06 22:27:03.968   258  5637 I ROCKCHIP_VIDEO_ENC: levelIdc = 31,
08-06 22:27:03.968   258  5637 I ROCKCHIP_VIDEO_ENC: rc_mode = 1,
08-06 22:27:03.968   258  5637 I ROCKCHIP_VIDEO_ENC: 
08-06 22:27:03.968   258  5637 D vpu_api : vpu_api_init in, extra_size: 0
08-06 22:27:03.969   258  5637 D pv_avcenc_api: cml->cabacintIdc  0 cml->enablaCabac 0 cml->intraPicRate 29
08-06 22:27:03.973   258  1008 E ROCKCHIP_VIDEO_ENCCONTROL: Rkvpu_OMX_AllocateBuffer(252): Rkvpu_OMX_AllocateBuffer in
08-06 22:27:03.974   258  1008 E ROCKCHIP_VIDEO_ENCCONTROL: Rkvpu_OMX_AllocateBuffer(337): Rkvpu_OMX_AllocateBuffer in ret = 0x0
08-06 22:27:03.975   258  4697 E ROCKCHIP_VIDEO_ENCCONTROL: Rkvpu_OMX_AllocateBuffer(252): Rkvpu_OMX_AllocateBuffer in
08-06 22:27:03.975   258  4697 E ROCKCHIP_VIDEO_ENCCONTROL: Rkvpu_OMX_AllocateBuffer(337): Rkvpu_OMX_AllocateBuffer in ret = 0x0
08-06 22:27:03.977   258   287 E ROCKCHIP_VIDEO_ENCCONTROL: Rkvpu_OMX_AllocateBuffer(252): Rkvpu_OMX_AllocateBuffer in
08-06 22:27:03.977   258   287 E ROCKCHIP_VIDEO_ENCCONTROL: Rkvpu_OMX_AllocateBuffer(337): Rkvpu_OMX_AllocateBuffer in ret = 0x0
08-06 22:27:03.978   258  4894 E ROCKCHIP_VIDEO_ENCCONTROL: Rkvpu_OMX_AllocateBuffer(252): Rkvpu_OMX_AllocateBuffer in
08-06 22:27:03.978   258  4894 E ROCKCHIP_VIDEO_ENCCONTROL: Rkvpu_OMX_AllocateBuffer(337): Rkvpu_OMX_AllocateBuffer in ret = 0x0
08-06 22:27:03.978   258  5608 E ROCKCHIP_VIDEO_ENC: Rkvpu_Enc_ComponentInit(1264): omx decoder info : author:  uniwin
08-06 22:27:03.978   258  5608 E ROCKCHIP_VIDEO_ENC:  time: Fri, 15 Jul 2022 12:29:52 +0800 git commit 315b535dbd7810d49d7568bbce6210b3ba590c0b 
08-06 22:27:03.978   258  5608 E ROCKCHIP_VIDEO_ENC: Rkvpu_Enc_ComponentInit(1311): open vpu context new
08-06 22:27:03.979   258  5608 I vpu_api : have rkvdec------encoder
08-06 22:27:03.979   258  5608 D vpu_api : vpu_open_context in
08-06 22:27:03.979   258  5608 I ROCKCHIP_VIDEO_ENC: Rkvpu_Enc_ComponentInit(1321): use vpuapi.
08-06 22:27:03.979   258  5608 E ROCKCHIP_VIDEO_ENC: ConvertOmxAvcLevelToAvcSpecLevel(1093): ConvertOmxAvcLevelToAvcSpecLevel: 512
08-06 22:27:03.979   258  5608 I ROCKCHIP_VIDEO_ENC: Rkvpu_Enc_GetEncParams(1547): encode params init settings:
08-06 22:27:03.979   258  5608 I ROCKCHIP_VIDEO_ENC: width = 1920
08-06 22:27:03.979   258  5608 I ROCKCHIP_VIDEO_ENC: height = 1080
08-06 22:27:03.979   258  5608 I ROCKCHIP_VIDEO_ENC: bitRate = 16588800
08-06 22:27:03.979   258  5608 I ROCKCHIP_VIDEO_ENC: framerate = 30
08-06 22:27:03.979   258  5608 I ROCKCHIP_VIDEO_ENC: format = 10
08-06 22:27:03.979   258  5608 I ROCKCHIP_VIDEO_ENC: enableCabac = 0,
08-06 22:27:03.979   258  5608 I ROCKCHIP_VIDEO_ENC: cabacInitIdc = 0,
08-06 22:27:03.979   258  5608 I ROCKCHIP_VIDEO_ENC: intraPicRate = 29,
08-06 22:27:03.979   258  5608 I ROCKCHIP_VIDEO_ENC: profileIdc = 66,
08-06 22:27:03.979   258  5608 I ROCKCHIP_VIDEO_ENC: levelIdc = 31,
08-06 22:27:03.979   258  5608 I ROCKCHIP_VIDEO_ENC: rc_mode = 1,
08-06 22:27:03.979   258  5608 I ROCKCHIP_VIDEO_ENC: 
08-06 22:27:03.979   258  5608 D vpu_api : vpu_api_init in, extra_size: 0
08-06 22:27:03.979   258  5608 D pv_avcenc_api: cml->cabacintIdc  0 cml->enablaCabac 0 cml->intraPicRate 29
08-06 22:27:03.991   258  5642 W SoftAACEncoder2: Requested bitrate 64000 unsupported, using 48000
08-06 22:27:04.054   258  5608 D pv_avcenc_api: init intraPeriodCnt 29
08-06 22:27:04.054   258  5608 D ROCKCHIP_VIDEO_ENC: Rkvpu_Enc_ComponentInit(1345): eControlRate 1 
08-06 22:27:04.081   258  5637 D pv_avcenc_api: init intraPeriodCnt 29
08-06 22:27:04.081   258  5637 D ROCKCHIP_VIDEO_ENC: Rkvpu_Enc_ComponentInit(1345): eControlRate 1 
08-06 22:27:04.085  4750  5611 I chatty  : uid=10045(com.huanaixin.antigen) expire 4 lines
08-06 22:27:04.091   258   258 I Binder:258_5: type=1400 audit(0.0:346): avc: denied { write } for name="property_service" dev="tmpfs" ino=10568 scontext=u:r:mediacodec:s0 tcontext=u:object_r:property_socket:s0 tclass=sock_file permissive=1
08-06 22:27:04.091   258   258 I Binder:258_5: type=1400 audit(0.0:347): avc: denied { connectto } for path="/dev/socket/property_service" scontext=u:r:mediacodec:s0 tcontext=u:r:init:s0 tclass=unix_stream_socket permissive=1
08-06 22:27:04.099   258  5663 I ROCKCHIP_VIDEO_ENC: Rkvpu_Post_OutputStream(737): set bSpsPpsLen 36
08-06 22:27:04.100   258  5661 I ROCKCHIP_VIDEO_ENC: Rkvpu_Post_OutputStream(737): set bSpsPpsLen 36
08-06 22:27:04.103   258  4894 E OMXNodeInstance: getConfig(102015d:rk._encoder.avc, ConfigAndroidIntraRefresh(0x6f60000a)) ERROR: UnsupportedIndex(0x8000101a)
08-06 22:27:04.108   258  4894 E OMXNodeInstance: getConfig(1020165:rk._encoder.avc, ConfigAndroidIntraRefresh(0x6f60000a)) ERROR: UnsupportedIndex(0x8000101a)
08-06 22:27:04.110  4750  5584 I chatty  : uid=10045(com.huanaixin.antigen) expire 16 lines
08-06 22:27:04.112  4750  5609 I chatty  : uid=10045(com.huanaixin.antigen) expire 22 lines
08-06 22:27:04.125  4750  5666 I chatty  : uid=10045(com.huanaixin.antigen) expire 3 lines
08-06 22:27:04.137  4750  5669 I chatty  : uid=10045(com.huanaixin.antigen) expire 3 lines
08-06 22:27:04.175  4750  5668 I chatty  : uid=10045(com.huanaixin.antigen) expire 4 lines
08-06 22:27:04.425   261  5578 I chatty  : uid=1013(media) /system/bin/mediaserver expire 12 lines
08-06 22:27:06.643   429  2270 I ActivityManager: START u0 {cmp=com.huanaixin.antigen/.function.test.view.ConfirmAntigenCompleteActivity} from uid 10045 on display 0
08-06 22:27:06.648   258  5662 I ROCKCHIP_VIDEO_ENC: Rkvpu_SendInputData(686): send eos
08-06 22:27:06.654   258  5661 I ROCKCHIP_VIDEO_ENC: Rkvpu_Post_OutputStream(757): OMX_BUFFERFLAG_EOS
08-06 22:27:06.664   258   287 W GraphicBufferSource: Dropped back down to Loaded without Executing
08-06 22:27:06.665   258  5608 D vpu_api : vpu_close_context in
08-06 22:27:06.701   429   440 I art     : Background sticky concurrent mark sweep GC freed 44022(2MB) AllocSpace objects, 2(40KB) LOS objects, 24% free, 7MB/10MB, paused 1.641ms total 107.795ms
08-06 22:27:06.706   258  5608 D vpu_api : vpu_close_context ok
08-06 22:27:06.706   258  5608 I vpu_api : org vpu_close_context ok
08-06 22:27:06.713   258  5608 E librga  : Try to exit wrong ctx=0xf13df8b8
08-06 22:27:06.720  4750  5665 I chatty  : uid=10045(com.huanaixin.antigen) expire 1 line
08-06 22:27:06.731   252  5649 D alsa_route: route_set_controls() set route 25
08-06 22:27:06.740  4750  5670 I chatty  : uid=10045(com.huanaixin.antigen) expire 2 lines
08-06 22:27:06.755   258  5664 I ROCKCHIP_VIDEO_ENC: Rkvpu_SendInputData(686): send eos
08-06 22:27:06.758   258  5663 I ROCKCHIP_VIDEO_ENC: Rkvpu_Post_OutputStream(757): OMX_BUFFERFLAG_EOS
08-06 22:27:06.762   258  4894 E BufferQueueProducer: [GraphicBufferSource] queueBuffer: BufferQueue has been abandoned
08-06 22:27:06.766   258  4894 W GraphicBufferSource: Dropped back down to Loaded without Executing
08-06 22:27:06.770   258  5637 D vpu_api : vpu_close_context in
08-06 22:27:06.787  1215  1215 D StorageManager: probeEmmc find /sys/block/mmcblk1rpmb
08-06 22:27:06.818   258  5637 D vpu_api : vpu_close_context ok
08-06 22:27:06.819   258  5637 I vpu_api : org vpu_close_context ok
08-06 22:27:06.822   258  4894 I OMXMaster: makeComponentInstance(OMX.rk.video_encoder.avc) in mediacodec process
08-06 22:27:06.829   258  4894 E ROCKCHIP_LOG: Rockchip_OSAL_SharedMemory_Open(415): 222ion_client_create Error: 14
08-06 22:27:06.829   258  4894 E ROCKCHIP_RM: Rockchip_OMX_Check_Resource(282): pRockchipComponent->codecType 2, Line:282
08-06 22:27:06.851   258  4894 E OMXNodeInstance: getConfig(1020167:rk._encoder.avc, ConfigAndroidIntraRefresh(0x6f60000a)) ERROR: UnsupportedIndex(0x8000101a)
08-06 22:27:06.853   258  4894 D GraphicBufferSource: setting dataspace: 0x104
08-06 22:27:06.854   258  1008 E OMXNodeInstance: getParameter(1020167:rk._encoder.avc, ParamConsumerUsageBits(0x6f800004)) ERROR: UnsupportedIndex(0x8000101a)
08-06 22:27:06.854   258  4894 D GraphicBufferSource: requesting color aspects (R:2(Limited), P:1(BT709_5), M:1(BT709_5), T:3(SMPTE170M))
08-06 22:27:06.857   258  4894 E BufferQueueProducer: [GraphicBufferSource] queueBuffer: BufferQueue has been abandoned
08-06 22:27:06.859  4750  5667 I chatty  : uid=10045(com.huanaixin.antigen) expire 1 line
08-06 22:27:06.872  4750  5674 I chatty  : uid=10045(com.huanaixin.antigen) expire 4 lines
08-06 22:27:06.905   258  4894 I OMXMaster: makeComponentInstance(OMX.rk.video_encoder.avc) in mediacodec process
08-06 22:27:06.906   258  4894 E ROCKCHIP_LOG: Rockchip_OSAL_SharedMemory_Open(415): 222ion_client_create Error: 15
08-06 22:27:06.906   258  4894 E ROCKCHIP_RM: Rockchip_OMX_Check_Resource(282): pRockchipComponent->codecType 2, Line:282
08-06 22:27:06.923   258  5220 E OMXNodeInstance: getConfig(1020168:rk._encoder.avc, ConfigAndroidIntraRefresh(0x6f60000a)) ERROR: UnsupportedIndex(0x8000101a)
08-06 22:27:06.924   258  4894 D GraphicBufferSource: setting dataspace: 0x104
08-06 22:27:06.925   258  4894 E OMXNodeInstance: getParameter(1020168:rk._encoder.avc, ParamConsumerUsageBits(0x6f800004)) ERROR: UnsupportedIndex(0x8000101a)
08-06 22:27:06.925   258  4894 D GraphicBufferSource: requesting color aspects (R:2(Limited), P:1(BT709_5), M:1(BT709_5), T:3(SMPTE170M))
08-06 22:27:06.942   258  4894 I OMXMaster: makeComponentInstance(OMX.google.aac.encoder) in mediacodec process
08-06 22:27:06.952   252  2576 E AudioHardwareTiny: adev_open_input_stream:channel is not support
08-06 22:27:06.952   252  2576 D AudioHardwareTiny: pcm_config->rate:44100,in->requested_rate:8000,in->channel_mask:2
08-06 22:27:06.959   252  2576 D AudioHardwareTiny: in->mSpeexFrameSize:192 in->requested_rate:8000
08-06 22:27:06.960   252  2576 D AudioHardwareTiny: create new input stream for dev(0x00000004), rate(8000), channel(0x0000000C)
08-06 22:27:06.962   252  5680 I AudioFlinger: AudioFlinger's thread 0xedf83700 ready to run
08-06 22:27:06.971  4750  4766 I chatty  : uid=10045(com.huanaixin.antigen) expire 9 lines
08-06 22:27:07.104   429   534 I ActivityManager: Displayed com.huanaixin.antigen/.function.test.view.ConfirmAntigenCompleteActivity: +433ms
08-06 22:27:07.574   429   626 V UsbDeviceManager: USB UEVENT: {DEVNAME=media0, SUBSYSTEM=media, SEQNUM=2738, MAJOR=251, ACTION=add, MINOR=0, DEVPATH=/devices/platform/fe3c0000.usb/usb2/2-1/2-1.2/2-1.2.1/2-1.2.1:1.0/media0}
08-06 22:27:07.574   429   626 D UsbDeviceManager: subSystem:media,devPath:/devices/platform/fe3c0000.usb/usb2/2-1/2-1.2/2-1.2.1/2-1.2.1:1.0/media0
08-06 22:27:07.575   429   530 D UsbService: dev dir has changed :media0
08-06 22:27:07.575   429   530 D UsbService: create :media0
08-06 22:27:07.579   429   626 V UsbDeviceManager: USB UEVENT: {DEVNAME=video0, SUBSYSTEM=video4linux, SEQNUM=2739, MAJOR=81, ACTION=add, MINOR=0, DEVPATH=/devices/platform/fe3c0000.usb/usb2/2-1/2-1.2/2-1.2.1/2-1.2.1:1.0/video4linux/video0}
08-06 22:27:07.579   429   626 D UsbDeviceManager: subSystem:video4linux,devPath:/devices/platform/fe3c0000.usb/usb2/2-1/2-1.2/2-1.2.1/2-1.2.1:1.0/video4linux/video0
08-06 22:27:07.581   429   530 D UsbService: dev dir has changed :video0
08-06 22:27:07.581   429   530 D UsbService: create :video0
08-06 22:27:07.581   429   530 D UsbService: usb camera added
08-06 22:27:07.581   429   626 V UsbDeviceManager: USB UEVENT: {DEVNAME=video1, SUBSYSTEM=video4linux, SEQNUM=2740, MAJOR=81, ACTION=add, MINOR=1, DEVPATH=/devices/platform/fe3c0000.usb/usb2/2-1/2-1.2/2-1.2.1/2-1.2.1:1.0/video4linux/video1}
08-06 22:27:07.581   429   626 D UsbDeviceManager: subSystem:video4linux,devPath:/devices/platform/fe3c0000.usb/usb2/2-1/2-1.2/2-1.2.1/2-1.2.1:1.0/video4linux/video1
08-06 22:27:07.584   429   626 V UsbDeviceManager: USB UEVENT: {PROP=0, SUBSYSTEM=input, PRODUCT=3/bda/3468/1, SEQNUM=2741, EV=3, ACTION=add, DEVPATH=/devices/platform/fe3c0000.usb/usb2/2-1/2-1.2/2-1.2.1/2-1.2.1:1.0/input/input52, PHYS="usb-fe3c0000.usb-1.2.1/button", KEY=100000 0 0 0 0 0 0, NAME="USB RGB Camera", MODALIAS=input:b0003v0BDAp3468e0001-e0,1,kD4,ramlsfw}
08-06 22:27:07.584   429   626 D UsbDeviceManager: subSystem:input,devPath:/devices/platform/fe3c0000.usb/usb2/2-1/2-1.2/2-1.2.1/2-1.2.1:1.0/input/input52
08-06 22:27:07.589   429   636 D EventHub: No input device configuration file found for device 'USB RGB Camera'.
08-06 22:27:07.593   429   636 W EventHub: Unable to disable kernel key repeat for /dev/input/event2: Function not implemented
08-06 22:27:07.593   429   636 I EventHub: New device: id=52, fd=229, path='/dev/input/event2', name='USB RGB Camera', classes=0x80000401, configuration='', keyLayout='/system/usr/keylayout/Generic.kl', keyCharacterMap='/system/usr/keychars/Generic.kcm', builtinKeyboard=false, wakeMechanism=EPOLLWAKEUP, usingClockIoctl=true
08-06 22:27:07.593   429   636 I InputReader: Device added: id=52, name='USB RGB Camera', sources=0x00002103
08-06 22:27:07.596   429   626 V UsbDeviceManager: USB UEVENT: {DEVNAME=input/event2, SUBSYSTEM=input, SEQNUM=2742, MAJOR=13, ACTION=add, MINOR=66, DEVPATH=/devices/platform/fe3c0000.usb/usb2/2-1/2-1.2/2-1.2.1/2-1.2.1:1.0/input/input52/event2}
08-06 22:27:07.596   429   626 D UsbDeviceManager: subSystem:input,devPath:/devices/platform/fe3c0000.usb/usb2/2-1/2-1.2/2-1.2.1/2-1.2.1:1.0/input/input52/event2
08-06 22:27:07.677   429   530 W ContextImpl: Calling a method in the system process without a qualified user: android.app.ContextImpl.sendBroadcast:881 com.android.server.usb.UsbService.updateCameraNum:183 com.android.server.usb.UsbService.-wrap1:-1 com.android.server.usb.UsbService$2.onEvent:196 android.os.FileObserver$ObserverThread.onEvent:123 
08-06 22:27:07.682   429   530 D UsbService: usb camera num = 3
08-06 22:27:07.682   429   530 D UsbService: dev dir has changed :video1
08-06 22:27:07.682   429   530 D UsbService: create :video1
08-06 22:27:07.682   429   530 I UsbService: the same video changed, ignore this!
08-06 22:27:08.216   429  5536 I ActivityManager: START u0 {cmp=com.huanaixin.antigen/.function.test.view.PushReagentActivity} from uid 10045 on display 0
08-06 22:27:08.400   429   534 I ActivityManager: Displayed com.huanaixin.antigen/.function.test.view.PushReagentActivity: +172ms
08-06 22:27:08.449  4750  5683 I chatty  : uid=10045(com.huanaixin.antigen) expire 13 lines
08-06 22:27:08.466  4750  5682 I chatty  : uid=10045(com.huanaixin.antigen) expire 36 lines
08-06 22:27:08.483  4750  5685 I chatty  : uid=10045(com.huanaixin.antigen) expire 8 lines
08-06 22:27:08.493   429   626 V UsbDeviceManager: USB UEVENT: {DEVNAME=video2, SUBSYSTEM=video4linux, SEQNUM=2743, MAJOR=81, ACTION=remove, MINOR=2, DEVPATH=/devices/platform/usb@fe800000/fe800000.dwc3/xhci-hcd.9.auto/usb5/5-1/5-1.4/5-1.4.1/5-1.4.1:1.0/video4linux/video2}
08-06 22:27:08.493   429   530 D UsbService: dev dir has changed :video2
08-06 22:27:08.493   429   530 D UsbService: delete :video2
08-06 22:27:08.493   429   626 D UsbDeviceManager: subSystem:video4linux,devPath:/devices/platform/usb@fe800000/fe800000.dwc3/xhci-hcd.9.auto/usb5/5-1/5-1.4/5-1.4.1/5-1.4.1:1.0/video4linux/video2
08-06 22:27:08.493   429   530 D UsbService: usb camera removed
08-06 22:27:08.493   429   626 V UsbDeviceManager: USB UEVENT: {DEVNAME=video3, SUBSYSTEM=video4linux, SEQNUM=2744, MAJOR=81, ACTION=remove, MINOR=3, DEVPATH=/devices/platform/usb@fe800000/fe800000.dwc3/xhci-hcd.9.auto/usb5/5-1/5-1.4/5-1.4.1/5-1.4.1:1.0/video4linux/video3}
08-06 22:27:08.493   429   626 D UsbDeviceManager: subSystem:video4linux,devPath:/devices/platform/usb@fe800000/fe800000.dwc3/xhci-hcd.9.auto/usb5/5-1/5-1.4/5-1.4.1/5-1.4.1:1.0/video4linux/video3
08-06 22:27:08.496   429   636 I EventHub: Removing device USB 2.0 Camera due to epoll hang-up event.
08-06 22:27:08.496   429   636 I EventHub: Removed device: path=/dev/input/event3 name=USB 2.0 Camera id=50 fd=204 classes=0x80000401
08-06 22:27:08.497   429   626 V UsbDeviceManager: USB UEVENT: {DEVNAME=input/event3, SUBSYSTEM=input, SEQNUM=2745, MAJOR=13, ACTION=remove, MINOR=67, DEVPATH=/devices/platform/usb@fe800000/fe800000.dwc3/xhci-hcd.9.auto/usb5/5-1/5-1.4/5-1.4.1/5-1.4.1:1.0/input/input50/event3}
08-06 22:27:08.497   429   626 D UsbDeviceManager: subSystem:input,devPath:/devices/platform/usb@fe800000/fe800000.dwc3/xhci-hcd.9.auto/usb5/5-1/5-1.4/5-1.4.1/5-1.4.1:1.0/input/input50/event3
08-06 22:27:08.517   429   636 I InputReader: Device removed: id=50, name='USB 2.0 Camera', sources=0x00002103
08-06 22:27:08.518   429   636 I EventHub: Removing device '/dev/input/event3' due to inotify event
08-06 22:27:08.560   253  1172 I chatty  : uid=1047(cameraserver) Binder:253_4 expire 4 lines
08-06 22:27:08.561   253  1172 D CameraHal: find element camid(0) quality(1080p) width(1920)
08-06 22:27:08.561   253  1172 D CameraHal: XML modify: camID(0) resolution:1080p(1920x1080) fps(30) isaddmark(0)
08-06 22:27:08.561   253  1172 D CameraHal: find element camid(1) quality(qcif) width(176)
08-06 22:27:08.561   253  1172 D CameraHal: XML modify: camID(1) resolution:qcif(176x144) fps(10) isaddmark(1)
08-06 22:27:08.561   253  1172 D CameraHal: find element camid(1) quality(qvga) width(320)
08-06 22:27:08.561   253  1172 D CameraHal: XML modify: camID(1) resolution:qvga(320x240) fps(30) isaddmark(0)
08-06 22:27:08.561   253  1172 D CameraHal: find element camid(1) quality(cif) width(352)
08-06 22:27:08.561   253  1172 D CameraHal: XML modify: camID(1) resolution:cif(352x288) fps(30) isaddmark(0)
08-06 22:27:08.561   253  1172 D CameraHal: find element camid(1) quality(480p) width(640)
08-06 22:27:08.561   253  1172 D CameraHal: XML modify: camID(1) resolution:480p(640x480) fps(30) isaddmark(0)
08-06 22:27:08.561   253  1172 D CameraHal: find element camid(1) quality(480p) width(720)
08-06 22:27:08.561   253  1172 D CameraHal: XML modify: camID(1) resolution:480p(720x480) fps(10) isaddmark(1)
08-06 22:27:08.561   253  1172 D CameraHal: find element camid(1) quality(480p) width(800)
08-06 22:27:08.561   253  1172 D CameraHal: XML modify: camID(1) resolution:480p(800x600) fps(30) isaddmark(0)
08-06 22:27:08.562   253  1172 D CameraHal: find element camid(1) quality(720p) width(1280)
08-06 22:27:08.562   253  1172 D CameraHal: XML modify: camID(1) resolution:720p(1280x720) fps(30) isaddmark(0)
08-06 22:27:08.562   253  1172 D CameraHal: find element camid(1) quality(1080p) width(1920)
08-06 22:27:08.562   253  1172 D CameraHal: XML modify: camID(1) resolution:1080p(1920x1080) fps(30) isaddmark(0)
08-06 22:27:08.562   253  1172 D CameraHal: find element camid(1) quality(qcif) width(176)
08-06 22:27:08.562   253  1172 D CameraHal: XML modify: camID(1) resolution:qcif(176x144) fps(10) isaddmark(1)
08-06 22:27:08.562   253  1172 D CameraHal: find element camid(1) quality(qvga) width(320)
08-06 22:27:08.562   253  1172 D CameraHal: XML modify: camID(1) resolution:qvga(320x240) fps(30) isaddmark(0)
08-06 22:27:08.562   253  1172 D CameraHal: find element camid(1) quality(cif) width(352)
08-06 22:27:08.562   253  1172 D CameraHal: XML modify: camID(1) resolution:cif(352x288) fps(30) isaddmark(0)
08-06 22:27:08.562   253  1172 D CameraHal: find element camid(1) quality(480p) width(640)
08-06 22:27:08.562   253  1172 D CameraHal: XML modify: camID(1) resolution:480p(640x480) fps(30) isaddmark(0)
08-06 22:27:08.562   253  1172 D CameraHal: find element camid(1) quality(480p) width(720)
08-06 22:27:08.562   253  1172 D CameraHal: XML modify: camID(1) resolution:480p(720x480) fps(10) isaddmark(1)
08-06 22:27:08.562   253  1172 D CameraHal: find element camid(1) quality(480p) width(800)
08-06 22:27:08.562   253  1172 D CameraHal: XML modify: camID(1) resolution:480p(800x600) fps(30) isaddmark(0)
08-06 22:27:08.562   253  1172 D CameraHal: find element camid(1) quality(720p) width(1280)
08-06 22:27:08.563   253  1172 D CameraHal: XML modify: camID(1) resolution:720p(1280x720) fps(30) isaddmark(0)
08-06 22:27:08.563   253  1172 D CameraHal: find element camid(1) quality(1080p) width(1920)
08-06 22:27:08.563   253  1172 D CameraHal: XML modify: camID(1) resolution:1080p(1920x1080) fps(30) isaddmark(0)
08-06 22:27:08.564   429   626 V UsbDeviceManager: USB UEVENT: {PROP=0, SUBSYSTEM=input, PRODUCT=3/c45/6364/100, SEQNUM=2746, EV=3, ACTION=remove, DEVPATH=/devices/platform/usb@fe800000/fe800000.dwc3/xhci-hcd.9.auto/usb5/5-1/5-1.4/5-1.4.1/5-1.4.1:1.0/input/input50, PHYS="usb-xhci-hcd.9.auto-1.4.1/button", KEY=100000 0 0 0 0 0 0, NAME="USB 2.0 Camera", MODALIAS=input:b0003v0C45p6364e0100-e0,1,kD4,ramlsfw}
08-06 22:27:08.564   429   626 D UsbDeviceManager: subSystem:input,devPath:/devices/platform/usb@fe800000/fe800000.dwc3/xhci-hcd.9.auto/usb5/5-1/5-1.4/5-1.4.1/5-1.4.1:1.0/input/input50
08-06 22:27:08.564   429   626 V UsbDeviceManager: USB UEVENT: {DEVNAME=media1, SUBSYSTEM=media, SEQNUM=2747, MAJOR=251, ACTION=remove, MINOR=1, DEVPATH=/devices/platform/usb@fe800000/fe800000.dwc3/xhci-hcd.9.auto/usb5/5-1/5-1.4/5-1.4.1/5-1.4.1:1.0/media1}
08-06 22:27:08.564   429   626 D UsbDeviceManager: subSystem:media,devPath:/devices/platform/usb@fe800000/fe800000.dwc3/xhci-hcd.9.auto/usb5/5-1/5-1.4/5-1.4.1/5-1.4.1:1.0/media1
08-06 22:27:08.571   253  1172 D CameraHal: camera_get_number_of_cameras(1333): camera_get_number_of_cameras(1333): Current board have 2 cameras attached.
08-06 22:27:08.571   253  1172 D CameraHal: camera_get_number_of_cameras(1336): meida_profiles_xml_control time (68113)us
08-06 22:27:08.572   253  1172 D CameraHal: Calling process is: system_server
08-06 22:27:08.572   253  1172 D CameraHal: camera_get_camera_info(1547): camera_get_camera_info(1547): camera_0 facing(1), orientation(0)
08-06 22:27:08.572   253  1172 D CameraHal: Calling process is: system_server
08-06 22:27:08.572   253  1172 D CameraHal: camera_get_camera_info(1547): camera_get_camera_info(1547): camera_1 facing(1), orientation(0)
08-06 22:27:08.573   253  1172 I CameraService: CameraService::getNumberOfCameras() = 2
08-06 22:27:08.573   253  1172 D CameraService: sys.camera.hasHdmiIN:0
08-06 22:27:08.574   429   530 W ContextImpl: Calling a method in the system process without a qualified user: android.app.ContextImpl.sendBroadcast:881 com.android.server.usb.UsbService.updateCameraNum:183 com.android.server.usb.UsbService.-wrap1:-1 com.android.server.usb.UsbService$2.onEvent:202 android.os.FileObserver$ObserverThread.onEvent:123 
08-06 22:27:08.574   253  1172 W CameraService: doUserSwitch: Received notification of user switch with no updated user IDs.
08-06 22:27:08.580   429   530 D UsbService: usb camera num = 2
08-06 22:27:08.580   429   530 D UsbService: dev dir has changed :video3
08-06 22:27:08.580   429   530 D UsbService: delete :video3
08-06 22:27:08.580   429   530 I UsbService: the same video changed, ignore this!
08-06 22:27:08.580   429   530 D UsbService: dev dir has changed :media1
08-06 22:27:08.580   429   530 D UsbService: delete :media1
08-06 22:27:08.583  4750  5690 I chatty  : uid=10045(com.huanaixin.antigen) expire 12 lines
08-06 22:27:08.584   258  4894 I OMXMaster: makeComponentInstance(OMX.rk.video_encoder.avc) in mediacodec process
08-06 22:27:08.585   258  4894 E ROCKCHIP_LOG: Rockchip_OSAL_SharedMemory_Open(415): 222ion_client_create Error: 16
08-06 22:27:08.585   258  4894 E ROCKCHIP_RM: Rockchip_OMX_Check_Resource(282): pRockchipComponent->codecType 2, Line:282
08-06 22:27:08.590  4750  5693 I chatty  : uid=10045(com.huanaixin.antigen) expire 6 lines
08-06 22:27:08.591   258  4894 I OMXMaster: makeComponentInstance(OMX.google.aac.encoder) in mediacodec process
08-06 22:27:08.598   258  4894 I OMXMaster: makeComponentInstance(OMX.rk.video_encoder.avc) in mediacodec process
08-06 22:27:08.599   258  4894 E ROCKCHIP_LOG: Rockchip_OSAL_SharedMemory_Open(415): 222ion_client_create Error: 16
08-06 22:27:08.599   258  4894 E ROCKCHIP_RM: Rockchip_OMX_Check_Resource(282): pRockchipComponent->codecType 2, Line:282
08-06 22:27:08.606   258  1008 E OMXNodeInstance: getConfig(102016c:rk._encoder.avc, ConfigAndroidIntraRefresh(0x6f60000a)) ERROR: UnsupportedIndex(0x8000101a)
08-06 22:27:08.607   258  4894 D GraphicBufferSource: setting dataspace: 0x103
08-06 22:27:08.608   258  4894 E OMXNodeInstance: getParameter(102016c:rk._encoder.avc, ParamConsumerUsageBits(0x6f800004)) ERROR: UnsupportedIndex(0x8000101a)
08-06 22:27:08.609   258  1008 D GraphicBufferSource: requesting color aspects (R:2(Limited), P:4(BT601_6_525), M:3(BT601_6), T:3(SMPTE170M))
08-06 22:27:08.617   258  1008 I OMXMaster: makeComponentInstance(OMX.google.aac.encoder) in mediacodec process
08-06 22:27:08.625   252  2013 E AudioHardwareTiny: adev_open_input_stream:channel is not support
08-06 22:27:08.625   252  2013 D AudioHardwareTiny: pcm_config->rate:44100,in->requested_rate:8000,in->channel_mask:2
08-06 22:27:08.635   252  2013 D AudioHardwareTiny: in->mSpeexFrameSize:192 in->requested_rate:8000
08-06 22:27:08.636   252  2013 D AudioHardwareTiny: create new input stream for dev(0x00000004), rate(8000), channel(0x0000000C)
08-06 22:27:08.636   236   236 W SurfaceFlinger: couldn't log to binary event log: overflow.
08-06 22:27:08.636   252  5701 I AudioFlinger: AudioFlinger's thread 0xee183640 ready to run
08-06 22:27:08.655  4750  5703 I chatty  : uid=10045(com.huanaixin.antigen) expire 13 lines
08-06 22:27:08.657   258  4894 I OMXMaster: makeComponentInstance(OMX.rk.video_encoder.avc) in mediacodec process
08-06 22:27:08.658   258  4894 E ROCKCHIP_LOG: Rockchip_OSAL_SharedMemory_Open(415): 222ion_client_create Error: 16
08-06 22:27:08.658   258  4894 E ROCKCHIP_RM: Rockchip_OMX_Check_Resource(282): pRockchipComponent->codecType 2, Line:282
08-06 22:27:08.662  4750  5706 I chatty  : uid=10045(com.huanaixin.antigen) expire 7 lines
08-06 22:27:08.664   258  4894 I OMXMaster: makeComponentInstance(OMX.google.aac.encoder) in mediacodec process
08-06 22:27:08.671   258  4894 I OMXMaster: makeComponentInstance(OMX.rk.video_encoder.avc) in mediacodec process
08-06 22:27:08.672   258  4894 E ROCKCHIP_LOG: Rockchip_OSAL_SharedMemory_Open(415): 222ion_client_create Error: 16
08-06 22:27:08.672   258  4894 E ROCKCHIP_RM: Rockchip_OMX_Check_Resource(282): pRockchipComponent->codecType 2, Line:282
08-06 22:27:08.680   258  1008 E OMXNodeInstance: getConfig(1020170:rk._encoder.avc, ConfigAndroidIntraRefresh(0x6f60000a)) ERROR: UnsupportedIndex(0x8000101a)
08-06 22:27:08.682   258  1008 D GraphicBufferSource: setting dataspace: 0x103
08-06 22:27:08.682   258  4894 E OMXNodeInstance: getParameter(1020170:rk._encoder.avc, ParamConsumerUsageBits(0x6f800004)) ERROR: UnsupportedIndex(0x8000101a)
08-06 22:27:08.683   258  1008 D GraphicBufferSource: requesting color aspects (R:2(Limited), P:4(BT601_6_525), M:3(BT601_6), T:3(SMPTE170M))
08-06 22:27:08.691   258  1008 I OMXMaster: makeComponentInstance(OMX.google.aac.encoder) in mediacodec process
08-06 22:27:08.698   252   679 E AudioHardwareTiny: adev_open_input_stream:channel is not support
08-06 22:27:08.698   252   679 D AudioHardwareTiny: pcm_config->rate:44100,in->requested_rate:8000,in->channel_mask:2
08-06 22:27:08.703   252   679 D AudioHardwareTiny: in->mSpeexFrameSize:192 in->requested_rate:8000
08-06 22:27:08.703   252   679 D AudioHardwareTiny: create new input stream for dev(0x00000004), rate(8000), channel(0x0000000C)
08-06 22:27:08.706   252  5714 I AudioFlinger: AudioFlinger's thread 0xed903640 ready to run
08-06 22:27:08.982   429   429 W WindowManager: Attempted to remove non-existing token: android.os.Binder@b652645
08-06 22:27:10.988   429   429 W WindowManager: Attempted to remove non-existing token: android.os.Binder@a18819a
08-06 22:27:13.688   429   440 I art     : Background partial concurrent mark sweep GC freed 51345(2MB) AllocSpace objects, 5(532KB) LOS objects, 33% free, 6MB/10MB, paused 1.829ms total 116.148ms
08-06 22:27:18.425  4750  4750 I chatty  : uid=10045(com.huanaixin.antigen) expire 144 lines
08-06 22:27:18.537  4750  4811 I chatty  : uid=10045(com.huanaixin.antigen) expire 34 lines
08-06 22:27:19.284   261  5643 I chatty  : uid=1013(media) /system/bin/mediaserver expire 3 lines
08-06 22:27:20.265   261  5579 I chatty  : uid=1013(media) /system/bin/mediaserver expire 98 lines
08-06 22:27:20.267   252  2013 D AudioHardwareTiny: adev_set_parameters: kvpairs = slice-weakly
08-06 22:27:20.318   261  5580 I chatty  : uid=1013(media) /system/bin/mediaserver expire 3 lines
08-06 22:27:20.377   261   832 I chatty  : uid=1013(media) Binder:261_2 expire 10 lines
08-06 22:27:20.384   261   896 I chatty  : uid=1013(media) Binder:261_5 expire 44 lines
08-06 22:27:20.387   429  5536 I MediaFocusControl:  AudioFocus  abandonAudioFocus() from uid/pid 10045/4750 clientId=android.media.AudioManager@93d4904cn.jzvd.Jzvd$1@86f7eed
08-06 22:27:20.389   429  5536 I MediaFocusControl:  AudioFocus  requestAudioFocus() from uid/pid 10045/4750 clientId=android.media.AudioManager@93d4904cn.jzvd.Jzvd$1@86f7eed req=2 flags=0x0
08-06 22:27:20.393   261  5640 I chatty  : uid=1013(media) /system/bin/mediaserver expire 1 line
08-06 22:27:20.394  4750  5718 I chatty  : uid=10045(com.huanaixin.antigen) expire 24 lines
08-06 22:27:20.405   261  5719 I chatty  : uid=1013(media) /system/bin/mediaserver expire 8 lines
08-06 22:27:23.177   252   315 D AudioHardwareTiny: do_out_standby,out = 0xf085a180,device = 0x402
08-06 22:27:23.286   252   315 D alsa_route: route_set_controls() set route 24
08-06 22:27:23.286   252   315 D AudioHardwareTiny: close device
08-06 22:27:27.093  4750  5682 I chatty  : uid=10045(com.huanaixin.antigen) expire 14 lines
08-06 22:27:27.143  4750  5720 I chatty  : uid=10045(com.huanaixin.antigen) expire 1 line
08-06 22:27:27.168  1215  1215 D StorageManager: probeEmmc find /sys/block/mmcblk1rpmb
08-06 22:27:27.195   429  5536 I ActivityManager: START u0 {cmp=com.huanaixin.antigen/.function.test.view.ClearDesktopActivity} from uid 10045 on display 0
08-06 22:27:27.234  1215  5721 I ExifInterface_JNI: Raw image not detected
08-06 22:27:27.443   429   534 I ActivityManager: Displayed com.huanaixin.antigen/.function.test.view.ClearDesktopActivity: +229ms
08-06 22:27:34.955   429   505 I UsageStatsService: User[0] Flushing usage stats to disk
08-06 22:27:36.762   429   972 I ActivityManager: START u0 {cmp=com.huanaixin.antigen/.function.test.view.PrintQrcodeActivity} from uid 10045 on display 0
08-06 22:27:36.763   252   315 D AudioHardwareTiny: start_output_stream device: 402
08-06 22:27:36.763   252   315 D AudioHardwareTiny: card0 id:rockchipes8316c
08-06 22:27:36.763   252   315 D AudioHardwareTiny: SPEAKER card, got card=0,device=0
08-06 22:27:36.764   252   315 D AudioHardwareTiny: card1 id:rockchiphdmi
08-06 22:27:36.764   252   315 D AudioHardwareTiny: HDMI card, got card=1,device=0
08-06 22:27:36.764   252   315 D AudioHardwareTiny: No exist proc/asound/card2/id, break and finish parsing
08-06 22:27:36.764   252   315 D AudioHardwareTiny: dump out device info
08-06 22:27:36.764   252   315 D AudioHardwareTiny: dev_info SPEAKER  card=0, device:0
08-06 22:27:36.764   252   315 D AudioHardwareTiny: dev_info HDMI  card=1, device:0
08-06 22:27:36.764   252   315 D AudioHardwareTiny: dev_info SPDIF  card=0, device:0
08-06 22:27:36.764   252   315 D AudioHardwareTiny: dev_info BT  card=0, device:0
08-06 22:27:36.764   252   315 D alsa_route: route_info->sound_card 0, route_info->devices 0  
08-06 22:27:36.764   252   315 D AudioHardwareTiny: The current HDMI is DVI mode
08-06 22:27:36.787  4750  4750 I chatty  : uid=10045(com.huanaixin.antigen) expire 86 lines
08-06 22:27:36.873  4750  4811 I chatty  : uid=10045(com.huanaixin.antigen) expire 23 lines
08-06 22:27:36.977   429   534 I ActivityManager: Displayed com.huanaixin.antigen/.function.test.view.PrintQrcodeActivity: +198ms
08-06 22:27:40.066   252   315 D AudioHardwareTiny: do_out_standby,out = 0xf085a180,device = 0x402
08-06 22:27:40.172   252   315 D alsa_route: route_set_controls() set route 24
08-06 22:27:40.173   252   315 D AudioHardwareTiny: close device
08-06 22:27:42.349  1453  3051 I qtaguid : Untagging socket -1 failed errno=-9
08-06 22:27:42.349  1453  3051 W NetworkManagementSocketTagger: untagSocket(-1) failed with errno -9
08-06 22:27:42.578  5725  5725 I df      : type=1400 audit(0.0:351): avc: denied { getattr } for path="/metadata" dev="mmcblk1p11" ino=2 scontext=u:r:priv_app:s0:c512,c768 tcontext=u:object_r:unlabeled:s0 tclass=dir permissive=1
08-06 22:27:42.578  5725  5725 I df      : type=1400 audit(0.0:352): avc: denied { getattr } for path="/dev/block" dev="tmpfs" ino=8298 scontext=u:r:priv_app:s0:c512,c768 tcontext=u:object_r:block_device:s0 tclass=dir permissive=1
08-06 22:27:42.578  5725  5725 I df      : type=1400 audit(0.0:353): avc: denied { getattr } for path="/dev/block/mmcblk1p10" dev="tmpfs" ino=8433 scontext=u:r:priv_app:s0:c512,c768 tcontext=u:object_r:resize_block_device:s0 tclass=blk_file permissive=1
